Archive member included to satisfy reference by file (symbol)

d:/stm32cubeide_1.5.0/stm32cubeide/plugins/com.st.stm32cube.ide.mcu.externaltools.gnu-tools-for-stm32.9-2020-q2-update.win32_1.5.0.202011040924/tools/bin/../lib/gcc/arm-none-eabi/9.3.1/../../../../arm-none-eabi/lib/thumb/v7e-m+fp/hard\libc_nano.a(lib_a-errno.o)
                              Core/Src/syscalls.o (__errno)
d:/stm32cubeide_1.5.0/stm32cubeide/plugins/com.st.stm32cube.ide.mcu.externaltools.gnu-tools-for-stm32.9-2020-q2-update.win32_1.5.0.202011040924/tools/bin/../lib/gcc/arm-none-eabi/9.3.1/../../../../arm-none-eabi/lib/thumb/v7e-m+fp/hard\libc_nano.a(lib_a-exit.o)
                              d:/stm32cubeide_1.5.0/stm32cubeide/plugins/com.st.stm32cube.ide.mcu.externaltools.gnu-tools-for-stm32.9-2020-q2-update.win32_1.5.0.202011040924/tools/bin/../lib/gcc/arm-none-eabi/9.3.1/../../../../arm-none-eabi/lib/thumb/v7e-m+fp/hard/crt0.o (exit)
d:/stm32cubeide_1.5.0/stm32cubeide/plugins/com.st.stm32cube.ide.mcu.externaltools.gnu-tools-for-stm32.9-2020-q2-update.win32_1.5.0.202011040924/tools/bin/../lib/gcc/arm-none-eabi/9.3.1/../../../../arm-none-eabi/lib/thumb/v7e-m+fp/hard\libc_nano.a(lib_a-impure.o)
                              d:/stm32cubeide_1.5.0/stm32cubeide/plugins/com.st.stm32cube.ide.mcu.externaltools.gnu-tools-for-stm32.9-2020-q2-update.win32_1.5.0.202011040924/tools/bin/../lib/gcc/arm-none-eabi/9.3.1/../../../../arm-none-eabi/lib/thumb/v7e-m+fp/hard\libc_nano.a(lib_a-exit.o) (_global_impure_ptr)
d:/stm32cubeide_1.5.0/stm32cubeide/plugins/com.st.stm32cube.ide.mcu.externaltools.gnu-tools-for-stm32.9-2020-q2-update.win32_1.5.0.202011040924/tools/bin/../lib/gcc/arm-none-eabi/9.3.1/../../../../arm-none-eabi/lib/thumb/v7e-m+fp/hard\libc_nano.a(lib_a-init.o)
                              d:/stm32cubeide_1.5.0/stm32cubeide/plugins/com.st.stm32cube.ide.mcu.externaltools.gnu-tools-for-stm32.9-2020-q2-update.win32_1.5.0.202011040924/tools/bin/../lib/gcc/arm-none-eabi/9.3.1/../../../../arm-none-eabi/lib/thumb/v7e-m+fp/hard/crt0.o (__libc_init_array)
d:/stm32cubeide_1.5.0/stm32cubeide/plugins/com.st.stm32cube.ide.mcu.externaltools.gnu-tools-for-stm32.9-2020-q2-update.win32_1.5.0.202011040924/tools/bin/../lib/gcc/arm-none-eabi/9.3.1/../../../../arm-none-eabi/lib/thumb/v7e-m+fp/hard\libc_nano.a(lib_a-memcpy-stub.o)
                              Middlewares/Third_Party/FreeRTOS/Source/queue.o (memcpy)
d:/stm32cubeide_1.5.0/stm32cubeide/plugins/com.st.stm32cube.ide.mcu.externaltools.gnu-tools-for-stm32.9-2020-q2-update.win32_1.5.0.202011040924/tools/bin/../lib/gcc/arm-none-eabi/9.3.1/../../../../arm-none-eabi/lib/thumb/v7e-m+fp/hard\libc_nano.a(lib_a-memset.o)
                              d:/stm32cubeide_1.5.0/stm32cubeide/plugins/com.st.stm32cube.ide.mcu.externaltools.gnu-tools-for-stm32.9-2020-q2-update.win32_1.5.0.202011040924/tools/bin/../lib/gcc/arm-none-eabi/9.3.1/../../../../arm-none-eabi/lib/thumb/v7e-m+fp/hard/crt0.o (memset)
d:/stm32cubeide_1.5.0/stm32cubeide/plugins/com.st.stm32cube.ide.mcu.externaltools.gnu-tools-for-stm32.9-2020-q2-update.win32_1.5.0.202011040924/tools/bin/../lib/gcc/arm-none-eabi/9.3.1/../../../../arm-none-eabi/lib/thumb/v7e-m+fp/hard\libc_nano.a(lib_a-sprintf.o)
                              Core/Src/file_functions.o (sprintf)
d:/stm32cubeide_1.5.0/stm32cubeide/plugins/com.st.stm32cube.ide.mcu.externaltools.gnu-tools-for-stm32.9-2020-q2-update.win32_1.5.0.202011040924/tools/bin/../lib/gcc/arm-none-eabi/9.3.1/../../../../arm-none-eabi/lib/thumb/v7e-m+fp/hard\libc_nano.a(lib_a-strlen.o)
                              Core/Src/file_functions.o (strlen)
d:/stm32cubeide_1.5.0/stm32cubeide/plugins/com.st.stm32cube.ide.mcu.externaltools.gnu-tools-for-stm32.9-2020-q2-update.win32_1.5.0.202011040924/tools/bin/../lib/gcc/arm-none-eabi/9.3.1/../../../../arm-none-eabi/lib/thumb/v7e-m+fp/hard\libc_nano.a(lib_a-nano-svfprintf.o)
                              d:/stm32cubeide_1.5.0/stm32cubeide/plugins/com.st.stm32cube.ide.mcu.externaltools.gnu-tools-for-stm32.9-2020-q2-update.win32_1.5.0.202011040924/tools/bin/../lib/gcc/arm-none-eabi/9.3.1/../../../../arm-none-eabi/lib/thumb/v7e-m+fp/hard\libc_nano.a(lib_a-sprintf.o) (_svfprintf_r)
d:/stm32cubeide_1.5.0/stm32cubeide/plugins/com.st.stm32cube.ide.mcu.externaltools.gnu-tools-for-stm32.9-2020-q2-update.win32_1.5.0.202011040924/tools/bin/../lib/gcc/arm-none-eabi/9.3.1/../../../../arm-none-eabi/lib/thumb/v7e-m+fp/hard\libc_nano.a(lib_a-nano-vfprintf_i.o)
                              d:/stm32cubeide_1.5.0/stm32cubeide/plugins/com.st.stm32cube.ide.mcu.externaltools.gnu-tools-for-stm32.9-2020-q2-update.win32_1.5.0.202011040924/tools/bin/../lib/gcc/arm-none-eabi/9.3.1/../../../../arm-none-eabi/lib/thumb/v7e-m+fp/hard\libc_nano.a(lib_a-nano-svfprintf.o) (_printf_i)
[...]
Memory Configuration

Name             Origin             Length             Attributes
RAM              0x0000000020000000 0x0000000000050000 xrw
FLASH            0x0000000008000000 0x0000000000100000 xr
*default*        0x0000000000000000 0xffffffffffffffff

Linker script and memory map

LOAD d:/stm32cubeide_1.5.0/stm32cubeide/plugins/com.st.stm32cube.ide.mcu.externaltools.gnu-tools-for-stm32.9-2020-q2-update.win32_1.5.0.202011040924/tools/bin/../lib/gcc/arm-none-eabi/9.3.1/thumb/v7e-m+fp/hard/crti.o
LOAD d:/stm32cubeide_1.5.0/stm32cubeide/plugins/com.st.stm32cube.ide.mcu.externaltools.gnu-tools-for-stm32.9-2020-q2-update.win32_1.5.0.202011040924/tools/bin/../lib/gcc/arm-none-eabi/9.3.1/thumb/v7e-m+fp/hard/crtbegin.o
LOAD d:/stm32cubeide_1.5.0/stm32cubeide/plugins/com.st.stm32cube.ide.mcu.externaltools.gnu-tools-for-stm32.9-2020-q2-update.win32_1.5.0.202011040924/tools/bin/../lib/gcc/arm-none-eabi/9.3.1/../../../../arm-none-eabi/lib/thumb/v7e-m+fp/hard/crt0.o
LOAD Core/Src/file_functions.o
LOAD Core/Src/freertos.o
LOAD Core/Src/ft5336.o
LOAD Core/Src/main.o
LOAD Core/Src/stm32746g_discovery.o
LOAD Core/Src/stm32746g_discovery_audio.o
LOAD Core/Src/stm32746g_discovery_lcd.o
LOAD Core/Src/stm32746g_discovery_sdram.o
LOAD Core/Src/stm32746g_discovery_ts.o
LOAD Core/Src/stm32f7xx_hal_msp.o
LOAD Core/Src/stm32f7xx_hal_timebase_tim.o
LOAD Core/Src/stm32f7xx_it.o
LOAD Core/Src/syscalls.o
LOAD Core/Src/sysmem.o
LOAD Core/Src/system_stm32f7xx.o
LOAD Core/Src/wm8994.o
LOAD Core/Startup/startup_stm32f746nghx.o
LOAD Drivers/STM32F7xx_HAL_Driver/Src/stm32f7xx_hal.o
LOAD Drivers/STM32F7xx_HAL_Driver/Src/stm32f7xx_hal_cortex.o
LOAD Drivers/STM32F7xx_HAL_Driver/Src/stm32f7xx_hal_dma.o
LOAD Drivers/STM32F7xx_HAL_Driver/Src/stm32f7xx_hal_dma2d.o
LOAD Drivers/STM32F7xx_HAL_Driver/Src/stm32f7xx_hal_dma_ex.o
LOAD Drivers/STM32F7xx_HAL_Driver/Src/stm32f7xx_hal_dsi.o
LOAD Drivers/STM32F7xx_HAL_Driver/Src/stm32f7xx_hal_exti.o
LOAD Drivers/STM32F7xx_HAL_Driver/Src/stm32f7xx_hal_flash.o
LOAD Drivers/STM32F7xx_HAL_Driver/Src/stm32f7xx_hal_flash_ex.o
LOAD Drivers/STM32F7xx_HAL_Driver/Src/stm32f7xx_hal_gpio.o
LOAD Drivers/STM32F7xx_HAL_Driver/Src/stm32f7xx_hal_i2c.o
LOAD Drivers/STM32F7xx_HAL_Driver/Src/stm32f7xx_hal_i2c_ex.o
LOAD Drivers/STM32F7xx_HAL_Driver/Src/stm32f7xx_hal_ltdc.o
LOAD Drivers/STM32F7xx_HAL_Driver/Src/stm32f7xx_hal_ltdc_ex.o
LOAD Drivers/STM32F7xx_HAL_Driver/Src/stm32f7xx_hal_pwr.o
LOAD Drivers/STM32F7xx_HAL_Driver/Src/stm32f7xx_hal_pwr_ex.o
LOAD Drivers/STM32F7xx_HAL_Driver/Src/stm32f7xx_hal_rcc.o
LOAD Drivers/STM32F7xx_HAL_Driver/Src/stm32f7xx_hal_rcc_ex.o
LOAD Drivers/STM32F7xx_HAL_Driver/Src/stm32f7xx_hal_sai.o
LOAD Drivers/STM32F7xx_HAL_Driver/Src/stm32f7xx_hal_sai_ex.o
LOAD Drivers/STM32F7xx_HAL_Driver/Src/stm32f7xx_hal_sd.o
LOAD Drivers/STM32F7xx_HAL_Driver/Src/stm32f7xx_hal_sdram.o
LOAD Drivers/STM32F7xx_HAL_Driver/Src/stm32f7xx_hal_tim.o
LOAD Drivers/STM32F7xx_HAL_Driver/Src/stm32f7xx_hal_tim_ex.o
LOAD Drivers/STM32F7xx_HAL_Driver/Src/stm32f7xx_hal_uart.o
LOAD Drivers/STM32F7xx_HAL_Driver/Src/stm32f7xx_hal_uart_ex.o
LOAD Drivers/STM32F7xx_HAL_Driver/Src/stm32f7xx_ll_fmc.o
LOAD Drivers/STM32F7xx_HAL_Driver/Src/stm32f7xx_ll_sdmmc.o
LOAD FATFS/App/fatfs.o
LOAD FATFS/Target/bsp_driver_sd.o
LOAD FATFS/Target/fatfs_platform.o
LOAD FATFS/Target/sd_diskio.o
LOAD Middlewares/Third_Party/FatFs/src/diskio.o
LOAD Middlewares/Third_Party/FatFs/src/ff.o
LOAD Middlewares/Third_Party/FatFs/src/ff_gen_drv.o
LOAD Middlewares/Third_Party/FatFs/src/option/syscall.o
LOAD Middlewares/Third_Party/FreeRTOS/Source/CMSIS_RTOS/cmsis_os.o
LOAD Middlewares/Third_Party/FreeRTOS/Source/croutine.o
LOAD Middlewares/Third_Party/FreeRTOS/Source/event_groups.o
LOAD Middlewares/Third_Party/FreeRTOS/Source/list.o
LOAD Middlewares/Third_Party/FreeRTOS/Source/queue.o
LOAD Middlewares/Third_Party/FreeRTOS/Source/stream_buffer.o
LOAD Middlewares/Third_Party/FreeRTOS/Source/tasks.o
LOAD Middlewares/Third_Party/FreeRTOS/Source/timers.o
LOAD Middlewares/Third_Party/FreeRTOS/Source/portable/GCC/ARM_CM7/r0p1/port.o
LOAD Middlewares/Third_Party/FreeRTOS/Source/portable/MemMang/heap_4.o
START GROUP
LOAD d:/stm32cubeide_1.5.0/stm32cubeide/plugins/com.st.stm32cube.ide.mcu.externaltools.gnu-tools-for-stm32.9-2020-q2-update.win32_1.5.0.202011040924/tools/bin/../lib/gcc/arm-none-eabi/9.3.1/../../../../arm-none-eabi/lib/thumb/v7e-m+fp/hard\libc_nano.a
LOAD d:/stm32cubeide_1.5.0/stm32cubeide/plugins/com.st.stm32cube.ide.mcu.externaltools.gnu-tools-for-stm32.9-2020-q2-update.win32_1.5.0.202011040924/tools/bin/../lib/gcc/arm-none-eabi/9.3.1/../../../../arm-none-eabi/lib/thumb/v7e-m+fp/hard\libm.a
END GROUP
START GROUP
LOAD d:/stm32cubeide_1.5.0/stm32cubeide/plugins/com.st.stm32cube.ide.mcu.externaltools.gnu-tools-for-stm32.9-2020-q2-update.win32_1.5.0.202011040924/tools/bin/../lib/gcc/arm-none-eabi/9.3.1/thumb/v7e-m+fp/hard\libgcc.a
LOAD d:/stm32cubeide_1.5.0/stm32cubeide/plugins/com.st.stm32cube.ide.mcu.externaltools.gnu-tools-for-stm32.9-2020-q2-update.win32_1.5.0.202011040924/tools/bin/../lib/gcc/arm-none-eabi/9.3.1/../../../../arm-none-eabi/lib/thumb/v7e-m+fp/hard\libc_nano.a
END GROUP
START GROUP
LOAD d:/stm32cubeide_1.5.0/stm32cubeide/plugins/com.st.stm32cube.ide.mcu.externaltools.gnu-tools-for-stm32.9-2020-q2-update.win32_1.5.0.202011040924/tools/bin/../lib/gcc/arm-none-eabi/9.3.1/thumb/v7e-m+fp/hard\libgcc.a
LOAD d:/stm32cubeide_1.5.0/stm32cubeide/plugins/com.st.stm32cube.ide.mcu.externaltools.gnu-tools-for-stm32.9-2020-q2-update.win32_1.5.0.202011040924/tools/bin/../lib/gcc/arm-none-eabi/9.3.1/../../../../arm-none-eabi/lib/thumb/v7e-m+fp/hard\libc_nano.a
LOAD d:/stm32cubeide_1.5.0/stm32cubeide/plugins/com.st.stm32cube.ide.mcu.externaltools.gnu-tools-for-stm32.9-2020-q2-update.win32_1.5.0.202011040924/tools/bin/../lib/gcc/arm-none-eabi/9.3.1/../../../../arm-none-eabi/lib/thumb/v7e-m+fp/hard\libnosys.a
END GROUP
START GROUP
LOAD d:/stm32cubeide_1.5.0/stm32cubeide/plugins/com.st.stm32cube.ide.mcu.externaltools.gnu-tools-for-stm32.9-2020-q2-update.win32_1.5.0.202011040924/tools/bin/../lib/gcc/arm-none-eabi/9.3.1/thumb/v7e-m+fp/hard\libgcc.a
LOAD d:/stm32cubeide_1.5.0/stm32cubeide/plugins/com.st.stm32cube.ide.mcu.externaltools.gnu-tools-for-stm32.9-2020-q2-update.win32_1.5.0.202011040924/tools/bin/../lib/gcc/arm-none-eabi/9.3.1/../../../../arm-none-eabi/lib/thumb/v7e-m+fp/hard\libc_nano.a
LOAD d:/stm32cubeide_1.5.0/stm32cubeide/plugins/com.st.stm32cube.ide.mcu.externaltools.gnu-tools-for-stm32.9-2020-q2-update.win32_1.5.0.202011040924/tools/bin/../lib/gcc/arm-none-eabi/9.3.1/../../../../arm-none-eabi/lib/thumb/v7e-m+fp/hard\libnosys.a
END GROUP
LOAD d:/stm32cubeide_1.5.0/stm32cubeide/plugins/com.st.stm32cube.ide.mcu.externaltools.gnu-tools-for-stm32.9-2020-q2-update.win32_1.5.0.202011040924/tools/bin/../lib/gcc/arm-none-eabi/9.3.1/thumb/v7e-m+fp/hard/crtend.o
LOAD d:/stm32cubeide_1.5.0/stm32cubeide/plugins/com.st.stm32cube.ide.mcu.externaltools.gnu-tools-for-stm32.9-2020-q2-update.win32_1.5.0.202011040924/tools/bin/../lib/gcc/arm-none-eabi/9.3.1/thumb/v7e-m+fp/hard/crtn.o
                0x0000000020050000                _estack = (ORIGIN (RAM) + LENGTH (RAM))
                0x0000000000000400                _Min_Heap_Size = 0x400
                0x0000000000000800                _Min_Stack_Size = 0x800

.isr_vector     0x0000000008000000      0x1c8
                0x0000000008000000                . = ALIGN (0x4)
 *(.isr_vector)
 .isr_vector    0x0000000008000000      0x1c8 Core/Startup/startup_stm32f746nghx.o
                0x0000000008000000                g_pfnVectors
                0x00000000080001c8                . = ALIGN (0x4)

.text           0x00000000080001d0    0x13b70
                0x00000000080001d0                . = ALIGN (0x4)
 *(.text)
 .text          0x00000000080001d0       0x40 d:/stm32cubeide_1.5.0/stm32cubeide/plugins/com.st.stm32cube.ide.mcu.externaltools.gnu-tools-for-stm32.9-2020-q2-update.win32_1.5.0.202011040924/tools/bin/../lib/gcc/arm-none-eabi/9.3.1/thumb/v7e-m+fp/hard/crtbegin.o
 .text          0x0000000008000210       0x10 d:/stm32cubeide_1.5.0/stm32cubeide/plugins/com.st.stm32cube.ide.mcu.externaltools.gnu-tools-for-stm32.9-2020-q2-update.win32_1.5.0.202011040924/tools/bin/../lib/gcc/arm-none-eabi/9.3.1/../../../../arm-none-eabi/lib/thumb/v7e-m+fp/hard\libc_nano.a(lib_a-strlen.o)
                0x0000000008000210                strlen
 .text          0x0000000008000220       0xa0 d:/stm32cubeide_1.5.0/stm32cubeide/plugins/com.st.stm32cube.ide.mcu.externaltools.gnu-tools-for-stm32.9-2020-q2-update.win32_1.5.0.202011040924/tools/bin/../lib/gcc/arm-none-eabi/9.3.1/../../../../arm-none-eabi/lib/thumb/v7e-m+fp/hard\libc_nano.a(lib_a-memchr.o)
                0x0000000008000220                memchr
 .text          0x00000000080002c0       0x30 d:/stm32cubeide_1.5.0/stm32cubeide/plugins/com.st.stm32cube.ide.mcu.externaltools.gnu-tools-for-stm32.9-2020-q2-update.win32_1.5.0.202011040924/tools/bin/../lib/gcc/arm-none-eabi/9.3.1/thumb/v7e-m+fp/hard\libgcc.a(_aeabi_uldivmod.o)
                0x00000000080002c0                __aeabi_uldivmod
 .text          0x00000000080002f0      0x2c4 d:/stm32cubeide_1.5.0/stm32cubeide/plugins/com.st.stm32cube.ide.mcu.externaltools.gnu-tools-for-stm32.9-2020-q2-update.win32_1.5.0.202011040924/tools/bin/../lib/gcc/arm-none-eabi/9.3.1/thumb/v7e-m+fp/hard\libgcc.a(_udivmoddi4.o)
                0x00000000080002f0                __udivmoddi4
 .text          0x00000000080005b4        0x4 d:/stm32cubeide_1.5.0/stm32cubeide/plugins/com.st.stm32cube.ide.mcu.externaltools.gnu-tools-for-stm32.9-2020-q2-update.win32_1.5.0.202011040924/tools/bin/../lib/gcc/arm-none-eabi/9.3.1/thumb/v7e-m+fp/hard\libgcc.a(_dvmd_tls.o)
                0x00000000080005b4                __aeabi_idiv0
                0x00000000080005b4                __aeabi_ldiv0
 *(.text*)
 .text.uint32toArray
                0x00000000080005b8       0x42 Core/Src/file_functions.o
                0x00000000080005b8                uint32toArray
 .text.uint16toArray
                0x00000000080005fa       0x2a Core/Src/file_functions.o
                0x00000000080005fa                uint16toArray
 .text.CreateWaveFile
                0x0000000008000624       0x90 Core/Src/file_functions.o
                0x0000000008000624                CreateWaveFile
 .text.AddData  0x00000000080006b4       0x70 Core/Src/file_functions.o
                0x00000000080006b4                AddData
 .text.SetHeader
                0x0000000008000724      0x1ec Core/Src/file_functions.o
                0x0000000008000724                SetHeader
 .text.vApplicationIdleHook
                0x0000000008000910        0xe Core/Src/freertos.o
                0x0000000008000910                vApplicationIdleHook
 .text.vApplicationStackOverflowHook
                0x000000000800091e       0x16 Core/Src/freertos.o
                0x000000000800091e                vApplicationStackOverflowHook
 .text.vApplicationMallocFailedHook
                0x0000000008000934        0xe Core/Src/freertos.o
                0x0000000008000934                vApplicationMallocFailedHook
 *fill*         0x0000000008000942        0x2 
 .text.vApplicationGetIdleTaskMemory
                0x0000000008000944       0x34 Core/Src/freertos.o
                0x0000000008000944                vApplicationGetIdleTaskMemory
 .text.ft5336_Init
                0x0000000008000978       0x1c Core/Src/ft5336.o
                0x0000000008000978                ft5336_Init
 .text.ft5336_Reset
                0x0000000008000994       0x16 Core/Src/ft5336.o
                0x0000000008000994                ft5336_Reset
 .text.ft5336_ReadID
                0x00000000080009aa       0x5c Core/Src/ft5336.o
                0x00000000080009aa                ft5336_ReadID
 .text.ft5336_TS_Start
                0x0000000008000a06       0x22 Core/Src/ft5336.o
                0x0000000008000a06                ft5336_TS_Start
 .text.ft5336_TS_DetectTouch
                0x0000000008000a28       0x54 Core/Src/ft5336.o
                0x0000000008000a28                ft5336_TS_DetectTouch
 .text.ft5336_TS_GetXY
                0x0000000008000a7c      0x1e0 Core/Src/ft5336.o
                0x0000000008000a7c                ft5336_TS_GetXY
 .text.ft5336_TS_EnableIT
                0x0000000008000c5c       0x28 Core/Src/ft5336.o
                0x0000000008000c5c                ft5336_TS_EnableIT
 .text.ft5336_TS_DisableIT
                0x0000000008000c84       0x28 Core/Src/ft5336.o
                0x0000000008000c84                ft5336_TS_DisableIT
 .text.ft5336_TS_ITStatus
                0x0000000008000cac       0x18 Core/Src/ft5336.o
                0x0000000008000cac                ft5336_TS_ITStatus
 .text.ft5336_TS_ClearIT
                0x0000000008000cc4       0x16 Core/Src/ft5336.o
                0x0000000008000cc4                ft5336_TS_ClearIT
 *fill*         0x0000000008000cda        0x2 
 .text.ft5336_Get_I2C_InitializedStatus
                0x0000000008000cdc       0x18 Core/Src/ft5336.o
 .text.ft5336_I2C_InitializeIfRequired
                0x0000000008000cf4       0x20 Core/Src/ft5336.o
 .text.ft5336_TS_Configure
                0x0000000008000d14       0x1c Core/Src/ft5336.o
 .text.SCB_EnableICache
                0x0000000008000d30       0x4c Core/Src/main.o
 .text.SCB_EnableDCache
                0x0000000008000d7c       0x88 Core/Src/main.o
 .text.RL_sep   0x0000000008000e04       0x80 Core/Src/main.o
                0x0000000008000e04                RL_sep
 .text.treatment
                0x0000000008000e84       0x54 Core/Src/main.o
                0x0000000008000e84                treatment
 .text.RL_cat2  0x0000000008000ed8       0x7c Core/Src/main.o
                0x0000000008000ed8                RL_cat2
 .text.main     0x0000000008000f54      0x1b0 Core/Src/main.o
                0x0000000008000f54                main
 .text.SystemClock_Config
                0x0000000008001104      0x154 Core/Src/main.o
                0x0000000008001104                SystemClock_Config
 .text.MX_DMA2D_Init
                0x0000000008001258       0x64 Core/Src/main.o
 .text.MX_LTDC_Init
                0x00000000080012bc      0x104 Core/Src/main.o
 .text.MX_SAI2_Init
                0x00000000080013c0      0x150 Core/Src/main.o
 .text.MX_SDMMC1_SD_Init
                0x0000000008001510       0x40 Core/Src/main.o
 .text.MX_USART1_UART_Init
                0x0000000008001550       0x60 Core/Src/main.o
 .text.MX_DMA_Init
                0x00000000080015b0       0x6c Core/Src/main.o
 .text.MX_FMC_Init
                0x000000000800161c       0x9c Core/Src/main.o
 .text.MX_GPIO_Init
                0x00000000080016b8      0x6e4 Core/Src/main.o
 .text.BSP_AUDIO_IN_TransferComplete_CallBack
                0x0000000008001d9c       0x18 Core/Src/main.o
                0x0000000008001d9c                BSP_AUDIO_IN_TransferComplete_CallBack
 .text.BSP_AUDIO_IN_HalfTransfer_CallBack
                0x0000000008001db4       0x18 Core/Src/main.o
                0x0000000008001db4                BSP_AUDIO_IN_HalfTransfer_CallBack
 .text.StartDefaultTask
                0x0000000008001dcc       0x10 Core/Src/main.o
                0x0000000008001dcc                StartDefaultTask
 .text.SDTask   0x0000000008001ddc      0x170 Core/Src/main.o
                0x0000000008001ddc                SDTask
 .text.AudioTask
                0x0000000008001f4c       0xec Core/Src/main.o
                0x0000000008001f4c                AudioTask
 .text.HAL_TIM_PeriodElapsedCallback
                0x0000000008002038       0x24 Core/Src/main.o
                0x0000000008002038                HAL_TIM_PeriodElapsedCallback
 .text.Error_Handler
                0x000000000800205c        0xa Core/Src/main.o
                0x000000000800205c                Error_Handler
 *fill*         0x0000000008002066        0x2 
 .text.I2Cx_MspInit
                0x0000000008002068      0x160 Core/Src/stm32746g_discovery.o
 .text.I2Cx_Init
                0x00000000080021c8       0x78 Core/Src/stm32746g_discovery.o
 .text.I2Cx_ReadMultiple
                0x0000000008002240       0x5a Core/Src/stm32746g_discovery.o
 .text.I2Cx_WriteMultiple
                0x000000000800229a       0x5a Core/Src/stm32746g_discovery.o
 .text.I2Cx_Error
                0x00000000080022f4       0x20 Core/Src/stm32746g_discovery.o
 .text.AUDIO_IO_Init
                0x0000000008002314       0x14 Core/Src/stm32746g_discovery.o
                0x0000000008002314                AUDIO_IO_Init
 .text.AUDIO_IO_DeInit
                0x0000000008002328        0xe Core/Src/stm32746g_discovery.o
                0x0000000008002328                AUDIO_IO_DeInit
 *fill*         0x0000000008002336        0x2 
 .text.AUDIO_IO_Write
                0x0000000008002338       0x54 Core/Src/stm32746g_discovery.o
                0x0000000008002338                AUDIO_IO_Write
 .text.AUDIO_IO_Read
                0x000000000800238c       0x58 Core/Src/stm32746g_discovery.o
                0x000000000800238c                AUDIO_IO_Read
 .text.AUDIO_IO_Delay
                0x00000000080023e4       0x16 Core/Src/stm32746g_discovery.o
                0x00000000080023e4                AUDIO_IO_Delay
 *fill*         0x00000000080023fa        0x2 
 .text.TS_IO_Init
                0x00000000080023fc       0x14 Core/Src/stm32746g_discovery.o
                0x00000000080023fc                TS_IO_Init
 .text.TS_IO_Write
                0x0000000008002410       0x34 Core/Src/stm32746g_discovery.o
                0x0000000008002410                TS_IO_Write
 .text.TS_IO_Read
                0x0000000008002444       0x3c Core/Src/stm32746g_discovery.o
                0x0000000008002444                TS_IO_Read
 .text.TS_IO_Delay
                0x0000000008002480       0x16 Core/Src/stm32746g_discovery.o
                0x0000000008002480                TS_IO_Delay
 *fill*         0x0000000008002496        0x2 
 .text.BSP_AUDIO_OUT_Play
                0x0000000008002498       0x54 Core/Src/stm32746g_discovery_audio.o
                0x0000000008002498                BSP_AUDIO_OUT_Play
 .text.BSP_AUDIO_OUT_SetAudioFrameSlot
                0x00000000080024ec       0x40 Core/Src/stm32746g_discovery_audio.o
                0x00000000080024ec                BSP_AUDIO_OUT_SetAudioFrameSlot
 .text.HAL_SAI_TxCpltCallback
                0x000000000800252c       0x14 Core/Src/stm32746g_discovery_audio.o
                0x000000000800252c                HAL_SAI_TxCpltCallback
 .text.HAL_SAI_TxHalfCpltCallback
                0x0000000008002540       0x14 Core/Src/stm32746g_discovery_audio.o
                0x0000000008002540                HAL_SAI_TxHalfCpltCallback
 .text.HAL_SAI_ErrorCallback
                0x0000000008002554       0x4c Core/Src/stm32746g_discovery_audio.o
                0x0000000008002554                HAL_SAI_ErrorCallback
 .text.BSP_AUDIO_OUT_TransferComplete_CallBack
                0x00000000080025a0        0xe Core/Src/stm32746g_discovery_audio.o
                0x00000000080025a0                BSP_AUDIO_OUT_TransferComplete_CallBack
 .text.BSP_AUDIO_OUT_HalfTransfer_CallBack
                0x00000000080025ae        0xe Core/Src/stm32746g_discovery_audio.o
                0x00000000080025ae                BSP_AUDIO_OUT_HalfTransfer_CallBack
 .text.BSP_AUDIO_OUT_Error_CallBack
                0x00000000080025bc        0xe Core/Src/stm32746g_discovery_audio.o
                0x00000000080025bc                BSP_AUDIO_OUT_Error_CallBack
 *fill*         0x00000000080025ca        0x2 
 .text.BSP_AUDIO_OUT_MspInit
                0x00000000080025cc      0x1ac Core/Src/stm32746g_discovery_audio.o
                0x00000000080025cc                BSP_AUDIO_OUT_MspInit
 .text.BSP_AUDIO_OUT_ClockConfig
                0x0000000008002778       0x88 Core/Src/stm32746g_discovery_audio.o
                0x0000000008002778                BSP_AUDIO_OUT_ClockConfig
 .text.SAIx_Out_DeInit
                0x0000000008002800       0x2c Core/Src/stm32746g_discovery_audio.o
 .text.BSP_AUDIO_IN_OUT_Init
                0x000000000800282c       0xf4 Core/Src/stm32746g_discovery_audio.o
                0x000000000800282c                BSP_AUDIO_IN_OUT_Init
 .text.BSP_AUDIO_IN_Record
                0x0000000008002920       0x30 Core/Src/stm32746g_discovery_audio.o
                0x0000000008002920                BSP_AUDIO_IN_Record
 .text.BSP_AUDIO_IN_SetVolume
                0x0000000008002950       0x3c Core/Src/stm32746g_discovery_audio.o
                0x0000000008002950                BSP_AUDIO_IN_SetVolume
 .text.HAL_SAI_RxCpltCallback
                0x000000000800298c       0x14 Core/Src/stm32746g_discovery_audio.o
                0x000000000800298c                HAL_SAI_RxCpltCallback
 .text.HAL_SAI_RxHalfCpltCallback
                0x00000000080029a0       0x14 Core/Src/stm32746g_discovery_audio.o
                0x00000000080029a0                HAL_SAI_RxHalfCpltCallback
 .text.BSP_AUDIO_IN_Error_CallBack
                0x00000000080029b4        0xe Core/Src/stm32746g_discovery_audio.o
                0x00000000080029b4                BSP_AUDIO_IN_Error_CallBack
 *fill*         0x00000000080029c2        0x2 
 .text.BSP_AUDIO_IN_MspInit
                0x00000000080029c4      0x164 Core/Src/stm32746g_discovery_audio.o
                0x00000000080029c4                BSP_AUDIO_IN_MspInit
 .text.SAIx_In_Init
                0x0000000008002b28      0x16c Core/Src/stm32746g_discovery_audio.o
 .text.SAIx_In_DeInit
                0x0000000008002c94       0x2c Core/Src/stm32746g_discovery_audio.o
 .text.BSP_LCD_Init
                0x0000000008002cc0       0xe0 Core/Src/stm32746g_discovery_lcd.o
                0x0000000008002cc0                BSP_LCD_Init
 .text.BSP_LCD_GetXSize
                0x0000000008002da0       0x28 Core/Src/stm32746g_discovery_lcd.o
                0x0000000008002da0                BSP_LCD_GetXSize
 .text.BSP_LCD_GetYSize
                0x0000000008002dc8       0x28 Core/Src/stm32746g_discovery_lcd.o
                0x0000000008002dc8                BSP_LCD_GetYSize
 .text.BSP_LCD_LayerDefaultInit
                0x0000000008002df0       0xc0 Core/Src/stm32746g_discovery_lcd.o
                0x0000000008002df0                BSP_LCD_LayerDefaultInit
 .text.BSP_LCD_SelectLayer
                0x0000000008002eb0       0x20 Core/Src/stm32746g_discovery_lcd.o
                0x0000000008002eb0                BSP_LCD_SelectLayer
 .text.BSP_LCD_SetTextColor
                0x0000000008002ed0       0x30 Core/Src/stm32746g_discovery_lcd.o
                0x0000000008002ed0                BSP_LCD_SetTextColor
 .text.BSP_LCD_SetBackColor
                0x0000000008002f00       0x34 Core/Src/stm32746g_discovery_lcd.o
                0x0000000008002f00                BSP_LCD_SetBackColor
 .text.BSP_LCD_SetFont
                0x0000000008002f34       0x34 Core/Src/stm32746g_discovery_lcd.o
                0x0000000008002f34                BSP_LCD_SetFont
 .text.BSP_LCD_Clear
                0x0000000008002f68       0x50 Core/Src/stm32746g_discovery_lcd.o
                0x0000000008002f68                BSP_LCD_Clear
 .text.BSP_LCD_DisplayChar
                0x0000000008002fb8       0x88 Core/Src/stm32746g_discovery_lcd.o
                0x0000000008002fb8                BSP_LCD_DisplayChar
 .text.BSP_LCD_DisplayStringAt
                0x0000000008003040      0x190 Core/Src/stm32746g_discovery_lcd.o
                0x0000000008003040                BSP_LCD_DisplayStringAt
 .text.BSP_LCD_DrawPixel
                0x00000000080031d0       0x90 Core/Src/stm32746g_discovery_lcd.o
                0x00000000080031d0                BSP_LCD_DrawPixel
 .text.BSP_LCD_DisplayOn
                0x0000000008003260       0x3c Core/Src/stm32746g_discovery_lcd.o
                0x0000000008003260                BSP_LCD_DisplayOn
 .text.BSP_LCD_MspInit
                0x000000000800329c      0x1b4 Core/Src/stm32746g_discovery_lcd.o
                0x000000000800329c                BSP_LCD_MspInit
 .text.BSP_LCD_ClockConfig
                0x0000000008003450       0x38 Core/Src/stm32746g_discovery_lcd.o
                0x0000000008003450                BSP_LCD_ClockConfig
 .text.DrawChar
                0x0000000008003488      0x170 Core/Src/stm32746g_discovery_lcd.o
 .text.LL_FillBuffer
                0x00000000080035f8       0x98 Core/Src/stm32746g_discovery_lcd.o
 .text.BSP_SDRAM_Init
                0x0000000008003690       0xbc Core/Src/stm32746g_discovery_sdram.o
                0x0000000008003690                BSP_SDRAM_Init
 .text.BSP_SDRAM_Initialization_sequence
                0x000000000800374c       0xc0 Core/Src/stm32746g_discovery_sdram.o
                0x000000000800374c                BSP_SDRAM_Initialization_sequence
 .text.BSP_SDRAM_MspInit
                0x000000000800380c      0x1f0 Core/Src/stm32746g_discovery_sdram.o
                0x000000000800380c                BSP_SDRAM_MspInit
 .text.BSP_TS_Init
                0x00000000080039fc       0x80 Core/Src/stm32746g_discovery_ts.o
                0x00000000080039fc                BSP_TS_Init
 .text.HAL_MspInit
                0x0000000008003a7c       0x50 Core/Src/stm32f7xx_hal_msp.o
                0x0000000008003a7c                HAL_MspInit
 .text.HAL_DMA2D_MspInit
                0x0000000008003acc       0x40 Core/Src/stm32f7xx_hal_msp.o
                0x0000000008003acc                HAL_DMA2D_MspInit
 .text.HAL_LTDC_MspInit
                0x0000000008003b0c      0x190 Core/Src/stm32f7xx_hal_msp.o
                0x0000000008003b0c                HAL_LTDC_MspInit
 .text.HAL_SD_MspInit
                0x0000000008003c9c      0x1d4 Core/Src/stm32f7xx_hal_msp.o
                0x0000000008003c9c                HAL_SD_MspInit
 .text.HAL_UART_MspInit
                0x0000000008003e70       0xc4 Core/Src/stm32f7xx_hal_msp.o
                0x0000000008003e70                HAL_UART_MspInit
 .text.HAL_FMC_MspInit
                0x0000000008003f34      0x120 Core/Src/stm32f7xx_hal_msp.o
 .text.HAL_SDRAM_MspInit
                0x0000000008004054       0x14 Core/Src/stm32f7xx_hal_msp.o
                0x0000000008004054                HAL_SDRAM_MspInit
 .text.HAL_SAI_MspInit
                0x0000000008004068      0x1bc Core/Src/stm32f7xx_hal_msp.o
                0x0000000008004068                HAL_SAI_MspInit
 .text.HAL_SAI_MspDeInit
                0x0000000008004224       0xb4 Core/Src/stm32f7xx_hal_msp.o
                0x0000000008004224                HAL_SAI_MspDeInit
 .text.HAL_InitTick
                0x00000000080042d8       0xb0 Core/Src/stm32f7xx_hal_timebase_tim.o
                0x00000000080042d8                HAL_InitTick
 .text.NMI_Handler
                0x0000000008004388        0x6 Core/Src/stm32f7xx_it.o
                0x0000000008004388                NMI_Handler
 .text.HardFault_Handler
                0x000000000800438e        0x6 Core/Src/stm32f7xx_it.o
                0x000000000800438e                HardFault_Handler
 .text.MemManage_Handler
                0x0000000008004394        0x6 Core/Src/stm32f7xx_it.o
                0x0000000008004394                MemManage_Handler
 .text.BusFault_Handler
                0x000000000800439a        0x6 Core/Src/stm32f7xx_it.o
                0x000000000800439a                BusFault_Handler
 .text.UsageFault_Handler
                0x00000000080043a0        0x6 Core/Src/stm32f7xx_it.o
                0x00000000080043a0                UsageFault_Handler
 .text.DebugMon_Handler
                0x00000000080043a6        0xe Core/Src/stm32f7xx_it.o
                0x00000000080043a6                DebugMon_Handler
 .text.SDMMC1_IRQHandler
                0x00000000080043b4       0x14 Core/Src/stm32f7xx_it.o
                0x00000000080043b4                SDMMC1_IRQHandler
 .text.TIM6_DAC_IRQHandler
                0x00000000080043c8       0x14 Core/Src/stm32f7xx_it.o
                0x00000000080043c8                TIM6_DAC_IRQHandler
 .text.DMA2_Stream3_IRQHandler
                0x00000000080043dc       0x14 Core/Src/stm32f7xx_it.o
                0x00000000080043dc                DMA2_Stream3_IRQHandler
 .text.DMA2_Stream4_IRQHandler
                0x00000000080043f0       0x14 Core/Src/stm32f7xx_it.o
                0x00000000080043f0                DMA2_Stream4_IRQHandler
 .text.DMA2_Stream6_IRQHandler
                0x0000000008004404       0x14 Core/Src/stm32f7xx_it.o
                0x0000000008004404                DMA2_Stream6_IRQHandler
 .text.DMA2_Stream7_IRQHandler
                0x0000000008004418       0x14 Core/Src/stm32f7xx_it.o
                0x0000000008004418                DMA2_Stream7_IRQHandler
 .text.LTDC_IRQHandler
                0x000000000800442c       0x14 Core/Src/stm32f7xx_it.o
                0x000000000800442c                LTDC_IRQHandler
 .text._sbrk    0x0000000008004440       0x6c Core/Src/sysmem.o
                0x0000000008004440                _sbrk
 .text.SystemInit
                0x00000000080044ac       0x24 Core/Src/system_stm32f7xx.o
                0x00000000080044ac                SystemInit
 .text.wm8994_Init
                0x00000000080044d0      0xd78 Core/Src/wm8994.o
                0x00000000080044d0                wm8994_Init
 .text.wm8994_DeInit
                0x0000000008005248        0xc Core/Src/wm8994.o
                0x0000000008005248                wm8994_DeInit
 .text.wm8994_ReadID
                0x0000000008005254       0x24 Core/Src/wm8994.o
                0x0000000008005254                wm8994_ReadID
 .text.wm8994_Play
                0x0000000008005278       0x30 Core/Src/wm8994.o
                0x0000000008005278                wm8994_Play
 .text.wm8994_Pause
                0x00000000080052a8       0x42 Core/Src/wm8994.o
                0x00000000080052a8                wm8994_Pause
 .text.wm8994_Resume
                0x00000000080052ea       0x2a Core/Src/wm8994.o
                0x00000000080052ea                wm8994_Resume
 .text.wm8994_Stop
                0x0000000008005314       0xdc Core/Src/wm8994.o
                0x0000000008005314                wm8994_Stop
 .text.wm8994_SetVolume
                0x00000000080053f0      0x248 Core/Src/wm8994.o
                0x00000000080053f0                wm8994_SetVolume
 .text.wm8994_SetMute
                0x0000000008005638       0x9c Core/Src/wm8994.o
                0x0000000008005638                wm8994_SetMute
 .text.wm8994_SetOutputMode
                0x00000000080056d4      0x246 Core/Src/wm8994.o
                0x00000000080056d4                wm8994_SetOutputMode
 *fill*         0x000000000800591a        0x2 
 .text.wm8994_SetFrequency
                0x000000000800591c      0x1a8 Core/Src/wm8994.o
                0x000000000800591c                wm8994_SetFrequency
 .text.wm8994_Reset
                0x0000000008005ac4       0x40 Core/Src/wm8994.o
                0x0000000008005ac4                wm8994_Reset
 .text.CODEC_IO_Write
                0x0000000008005b04       0x2e Core/Src/wm8994.o
 *fill*         0x0000000008005b32        0x2 
 .text.Reset_Handler
                0x0000000008005b34       0x50 Core/Startup/startup_stm32f746nghx.o
                0x0000000008005b34                Reset_Handler
 .text.Default_Handler
                0x0000000008005b84        0x2 Core/Startup/startup_stm32f746nghx.o
                0x0000000008005b84                RTC_Alarm_IRQHandler
                0x0000000008005b84                EXTI2_IRQHandler
                0x0000000008005b84                TIM8_CC_IRQHandler
                0x0000000008005b84                UART8_IRQHandler
                0x0000000008005b84                SPI4_IRQHandler
                0x0000000008005b84                TIM1_CC_IRQHandler
                0x0000000008005b84                DMA2_Stream5_IRQHandler
                0x0000000008005b84                DMA1_Stream5_IRQHandler
                0x0000000008005b84                PVD_IRQHandler
                0x0000000008005b84                TAMP_STAMP_IRQHandler
                0x0000000008005b84                CAN2_RX1_IRQHandler
                0x0000000008005b84                EXTI3_IRQHandler
                0x0000000008005b84                TIM8_TRG_COM_TIM14_IRQHandler
                0x0000000008005b84                TIM1_UP_TIM10_IRQHandler
                0x0000000008005b84                TIM8_UP_TIM13_IRQHandler
                0x0000000008005b84                I2C3_ER_IRQHandler
                0x0000000008005b84                EXTI0_IRQHandler
                0x0000000008005b84                I2C2_EV_IRQHandler
                0x0000000008005b84                DMA1_Stream2_IRQHandler
                0x0000000008005b84                CAN1_RX0_IRQHandler
                0x0000000008005b84                FPU_IRQHandler
                0x0000000008005b84                OTG_HS_WKUP_IRQHandler
                0x0000000008005b84                LTDC_ER_IRQHandler
                0x0000000008005b84                CAN2_SCE_IRQHandler
                0x0000000008005b84                DMA2_Stream2_IRQHandler
                0x0000000008005b84                SPI1_IRQHandler
                0x0000000008005b84                TIM1_BRK_TIM9_IRQHandler
                0x0000000008005b84                DCMI_IRQHandler
                0x0000000008005b84                CAN2_RX0_IRQHandler
                0x0000000008005b84                SAI2_IRQHandler
                0x0000000008005b84                USART6_IRQHandler
                0x0000000008005b84                USART3_IRQHandler
                0x0000000008005b84                CAN1_RX1_IRQHandler
                0x0000000008005b84                UART5_IRQHandler
                0x0000000008005b84                DMA2_Stream0_IRQHandler
                0x0000000008005b84                TIM4_IRQHandler
                0x0000000008005b84                QUADSPI_IRQHandler
                0x0000000008005b84                I2C1_EV_IRQHandler
                0x0000000008005b84                DMA1_Stream6_IRQHandler
                0x0000000008005b84                DMA1_Stream1_IRQHandler
                0x0000000008005b84                UART4_IRQHandler
                0x0000000008005b84                TIM3_IRQHandler
                0x0000000008005b84                RCC_IRQHandler
                0x0000000008005b84                TIM8_BRK_TIM12_IRQHandler
                0x0000000008005b84                Default_Handler
                0x0000000008005b84                CEC_IRQHandler
                0x0000000008005b84                EXTI15_10_IRQHandler
                0x0000000008005b84                ADC_IRQHandler
                0x0000000008005b84                DMA1_Stream7_IRQHandler
                0x0000000008005b84                SPI5_IRQHandler
                0x0000000008005b84                TIM7_IRQHandler
                0x0000000008005b84                CAN2_TX_IRQHandler
                0x0000000008005b84                TIM5_IRQHandler
                0x0000000008005b84                I2C3_EV_IRQHandler
                0x0000000008005b84                EXTI9_5_IRQHandler
                0x0000000008005b84                RTC_WKUP_IRQHandler
                0x0000000008005b84                ETH_WKUP_IRQHandler
                0x0000000008005b84                SPDIF_RX_IRQHandler
                0x0000000008005b84                SPI2_IRQHandler
                0x0000000008005b84                OTG_HS_EP1_IN_IRQHandler
                0x0000000008005b84                DMA1_Stream0_IRQHandler
                0x0000000008005b84                CAN1_TX_IRQHandler
                0x0000000008005b84                EXTI4_IRQHandler
                0x0000000008005b84                RNG_IRQHandler
                0x0000000008005b84                ETH_IRQHandler
                0x0000000008005b84                OTG_HS_EP1_OUT_IRQHandler
                0x0000000008005b84                WWDG_IRQHandler
                0x0000000008005b84                SPI6_IRQHandler
                0x0000000008005b84                I2C4_EV_IRQHandler
                0x0000000008005b84                TIM2_IRQHandler
                0x0000000008005b84                OTG_FS_WKUP_IRQHandler
                0x0000000008005b84                TIM1_TRG_COM_TIM11_IRQHandler
                0x0000000008005b84                OTG_HS_IRQHandler
                0x0000000008005b84                DMA2D_IRQHandler
                0x0000000008005b84                EXTI1_IRQHandler
                0x0000000008005b84                UART7_IRQHandler
                0x0000000008005b84                USART2_IRQHandler
                0x0000000008005b84                I2C2_ER_IRQHandler
                0x0000000008005b84                DMA2_Stream1_IRQHandler
                0x0000000008005b84                CAN1_SCE_IRQHandler
                0x0000000008005b84                FLASH_IRQHandler
                0x0000000008005b84                USART1_IRQHandler
                0x0000000008005b84                OTG_FS_IRQHandler
                0x0000000008005b84                SPI3_IRQHandler
                0x0000000008005b84                DMA1_Stream4_IRQHandler
                0x0000000008005b84                I2C1_ER_IRQHandler
                0x0000000008005b84                FMC_IRQHandler
                0x0000000008005b84                LPTIM1_IRQHandler
                0x0000000008005b84                I2C4_ER_IRQHandler
                0x0000000008005b84                SAI1_IRQHandler
                0x0000000008005b84                DMA1_Stream3_IRQHandler
 *fill*         0x0000000008005b86        0x2 
 .text.HAL_Init
                0x0000000008005b88       0x2c Drivers/STM32F7xx_HAL_Driver/Src/stm32f7xx_hal.o
                0x0000000008005b88                HAL_Init
 .text.HAL_IncTick
                0x0000000008005bb4       0x28 Drivers/STM32F7xx_HAL_Driver/Src/stm32f7xx_hal.o
                0x0000000008005bb4                HAL_IncTick
 .text.HAL_GetTick
                0x0000000008005bdc       0x18 Drivers/STM32F7xx_HAL_Driver/Src/stm32f7xx_hal.o
                0x0000000008005bdc                HAL_GetTick
 .text.HAL_Delay
                0x0000000008005bf4       0x48 Drivers/STM32F7xx_HAL_Driver/Src/stm32f7xx_hal.o
                0x0000000008005bf4                HAL_Delay
 .text.__NVIC_SetPriorityGrouping
                0x0000000008005c3c       0x48 Drivers/STM32F7xx_HAL_Driver/Src/stm32f7xx_hal_cortex.o
 .text.__NVIC_GetPriorityGrouping
                0x0000000008005c84       0x1c Drivers/STM32F7xx_HAL_Driver/Src/stm32f7xx_hal_cortex.o
 .text.__NVIC_EnableIRQ
                0x0000000008005ca0       0x3c Drivers/STM32F7xx_HAL_Driver/Src/stm32f7xx_hal_cortex.o
 .text.__NVIC_SetPriority
                0x0000000008005cdc       0x54 Drivers/STM32F7xx_HAL_Driver/Src/stm32f7xx_hal_cortex.o
 .text.NVIC_EncodePriority
                0x0000000008005d30       0x66 Drivers/STM32F7xx_HAL_Driver/Src/stm32f7xx_hal_cortex.o
 .text.HAL_NVIC_SetPriorityGrouping
                0x0000000008005d96       0x16 Drivers/STM32F7xx_HAL_Driver/Src/stm32f7xx_hal_cortex.o
                0x0000000008005d96                HAL_NVIC_SetPriorityGrouping
 .text.HAL_NVIC_SetPriority
                0x0000000008005dac       0x38 Drivers/STM32F7xx_HAL_Driver/Src/stm32f7xx_hal_cortex.o
                0x0000000008005dac                HAL_NVIC_SetPriority
 .text.HAL_NVIC_EnableIRQ
                0x0000000008005de4       0x1c Drivers/STM32F7xx_HAL_Driver/Src/stm32f7xx_hal_cortex.o
                0x0000000008005de4                HAL_NVIC_EnableIRQ
 .text.HAL_DMA_Init
                0x0000000008005e00      0x15c Drivers/STM32F7xx_HAL_Driver/Src/stm32f7xx_hal_dma.o
                0x0000000008005e00                HAL_DMA_Init
 .text.HAL_DMA_DeInit
                0x0000000008005f5c       0xbc Drivers/STM32F7xx_HAL_Driver/Src/stm32f7xx_hal_dma.o
                0x0000000008005f5c                HAL_DMA_DeInit
 .text.HAL_DMA_Start_IT
                0x0000000008006018       0xc0 Drivers/STM32F7xx_HAL_Driver/Src/stm32f7xx_hal_dma.o
                0x0000000008006018                HAL_DMA_Start_IT
 .text.HAL_DMA_Abort_IT
                0x00000000080060d8       0x44 Drivers/STM32F7xx_HAL_Driver/Src/stm32f7xx_hal_dma.o
                0x00000000080060d8                HAL_DMA_Abort_IT
 .text.HAL_DMA_IRQHandler
                0x000000000800611c      0x314 Drivers/STM32F7xx_HAL_Driver/Src/stm32f7xx_hal_dma.o
                0x000000000800611c                HAL_DMA_IRQHandler
 .text.HAL_DMA_GetError
                0x0000000008006430       0x18 Drivers/STM32F7xx_HAL_Driver/Src/stm32f7xx_hal_dma.o
                0x0000000008006430                HAL_DMA_GetError
 .text.DMA_SetConfig
                0x0000000008006448       0x5c Drivers/STM32F7xx_HAL_Driver/Src/stm32f7xx_hal_dma.o
 .text.DMA_CalcBaseAndBitshift
                0x00000000080064a4       0x6c Drivers/STM32F7xx_HAL_Driver/Src/stm32f7xx_hal_dma.o
 .text.DMA_CheckFifoParam
                0x0000000008006510       0xf8 Drivers/STM32F7xx_HAL_Driver/Src/stm32f7xx_hal_dma.o
 .text.HAL_DMA2D_Init
                0x0000000008006608       0x94 Drivers/STM32F7xx_HAL_Driver/Src/stm32f7xx_hal_dma2d.o
                0x0000000008006608                HAL_DMA2D_Init
 .text.HAL_DMA2D_Start
                0x000000000800669c       0x56 Drivers/STM32F7xx_HAL_Driver/Src/stm32f7xx_hal_dma2d.o
                0x000000000800669c                HAL_DMA2D_Start
 .text.HAL_DMA2D_PollForTransfer
                0x00000000080066f2      0x1d2 Drivers/STM32F7xx_HAL_Driver/Src/stm32f7xx_hal_dma2d.o
                0x00000000080066f2                HAL_DMA2D_PollForTransfer
 .text.HAL_DMA2D_ConfigLayer
                0x00000000080068c4      0x124 Drivers/STM32F7xx_HAL_Driver/Src/stm32f7xx_hal_dma2d.o
                0x00000000080068c4                HAL_DMA2D_ConfigLayer
 .text.DMA2D_SetConfig
                0x00000000080069e8      0x138 Drivers/STM32F7xx_HAL_Driver/Src/stm32f7xx_hal_dma2d.o
 .text.HAL_GPIO_Init
                0x0000000008006b20      0x358 Drivers/STM32F7xx_HAL_Driver/Src/stm32f7xx_hal_gpio.o
                0x0000000008006b20                HAL_GPIO_Init
 .text.HAL_GPIO_DeInit
                0x0000000008006e78      0x218 Drivers/STM32F7xx_HAL_Driver/Src/stm32f7xx_hal_gpio.o
                0x0000000008006e78                HAL_GPIO_DeInit
 .text.HAL_GPIO_ReadPin
                0x0000000008007090       0x30 Drivers/STM32F7xx_HAL_Driver/Src/stm32f7xx_hal_gpio.o
                0x0000000008007090                HAL_GPIO_ReadPin
 .text.HAL_GPIO_WritePin
                0x00000000080070c0       0x32 Drivers/STM32F7xx_HAL_Driver/Src/stm32f7xx_hal_gpio.o
                0x00000000080070c0                HAL_GPIO_WritePin
 *fill*         0x00000000080070f2        0x2 
 .text.HAL_I2C_Init
                0x00000000080070f4      0x120 Drivers/STM32F7xx_HAL_Driver/Src/stm32f7xx_hal_i2c.o
                0x00000000080070f4                HAL_I2C_Init
 .text.HAL_I2C_DeInit
                0x0000000008007214       0x5e Drivers/STM32F7xx_HAL_Driver/Src/stm32f7xx_hal_i2c.o
                0x0000000008007214                HAL_I2C_DeInit
 .text.HAL_I2C_MspInit
                0x0000000008007272       0x14 Drivers/STM32F7xx_HAL_Driver/Src/stm32f7xx_hal_i2c.o
                0x0000000008007272                HAL_I2C_MspInit
 .text.HAL_I2C_MspDeInit
                0x0000000008007286       0x14 Drivers/STM32F7xx_HAL_Driver/Src/stm32f7xx_hal_i2c.o
                0x0000000008007286                HAL_I2C_MspDeInit
 *fill*         0x000000000800729a        0x2 
 .text.HAL_I2C_Mem_Write
                0x000000000800729c      0x228 Drivers/STM32F7xx_HAL_Driver/Src/stm32f7xx_hal_i2c.o
                0x000000000800729c                HAL_I2C_Mem_Write
 .text.HAL_I2C_Mem_Read
                0x00000000080074c4      0x234 Drivers/STM32F7xx_HAL_Driver/Src/stm32f7xx_hal_i2c.o
                0x00000000080074c4                HAL_I2C_Mem_Read
 .text.HAL_I2C_GetState
                0x00000000080076f8       0x1c Drivers/STM32F7xx_HAL_Driver/Src/stm32f7xx_hal_i2c.o
                0x00000000080076f8                HAL_I2C_GetState
 .text.I2C_RequestMemoryWrite
                0x0000000008007714       0xa8 Drivers/STM32F7xx_HAL_Driver/Src/stm32f7xx_hal_i2c.o
 .text.I2C_RequestMemoryRead
                0x00000000080077bc       0xa8 Drivers/STM32F7xx_HAL_Driver/Src/stm32f7xx_hal_i2c.o
 .text.I2C_Flush_TXDR
                0x0000000008007864       0x48 Drivers/STM32F7xx_HAL_Driver/Src/stm32f7xx_hal_i2c.o
 .text.I2C_WaitOnFlagUntilTimeout
                0x00000000080078ac       0x80 Drivers/STM32F7xx_HAL_Driver/Src/stm32f7xx_hal_i2c.o
 .text.I2C_WaitOnTXISFlagUntilTimeout
                0x000000000800792c       0x80 Drivers/STM32F7xx_HAL_Driver/Src/stm32f7xx_hal_i2c.o
 .text.I2C_WaitOnSTOPFlagUntilTimeout
                0x00000000080079ac       0x78 Drivers/STM32F7xx_HAL_Driver/Src/stm32f7xx_hal_i2c.o
 .text.I2C_IsAcknowledgeFailed
                0x0000000008007a24       0xcc Drivers/STM32F7xx_HAL_Driver/Src/stm32f7xx_hal_i2c.o
 .text.I2C_TransferConfig
                0x0000000008007af0       0x5c Drivers/STM32F7xx_HAL_Driver/Src/stm32f7xx_hal_i2c.o
 .text.HAL_LTDC_Init
                0x0000000008007b4c      0x1a0 Drivers/STM32F7xx_HAL_Driver/Src/stm32f7xx_hal_ltdc.o
                0x0000000008007b4c                HAL_LTDC_Init
 .text.HAL_LTDC_IRQHandler
                0x0000000008007cec      0x148 Drivers/STM32F7xx_HAL_Driver/Src/stm32f7xx_hal_ltdc.o
                0x0000000008007cec                HAL_LTDC_IRQHandler
 .text.HAL_LTDC_ErrorCallback
                0x0000000008007e34       0x14 Drivers/STM32F7xx_HAL_Driver/Src/stm32f7xx_hal_ltdc.o
                0x0000000008007e34                HAL_LTDC_ErrorCallback
 .text.HAL_LTDC_LineEventCallback
                0x0000000008007e48       0x14 Drivers/STM32F7xx_HAL_Driver/Src/stm32f7xx_hal_ltdc.o
                0x0000000008007e48                HAL_LTDC_LineEventCallback
 .text.HAL_LTDC_ReloadEventCallback
                0x0000000008007e5c       0x14 Drivers/STM32F7xx_HAL_Driver/Src/stm32f7xx_hal_ltdc.o
                0x0000000008007e5c                HAL_LTDC_ReloadEventCallback
 .text.HAL_LTDC_ConfigLayer
                0x0000000008007e70       0x7c Drivers/STM32F7xx_HAL_Driver/Src/stm32f7xx_hal_ltdc.o
                0x0000000008007e70                HAL_LTDC_ConfigLayer
 .text.HAL_LTDC_GetState
                0x0000000008007eec       0x1c Drivers/STM32F7xx_HAL_Driver/Src/stm32f7xx_hal_ltdc.o
                0x0000000008007eec                HAL_LTDC_GetState
 .text.LTDC_SetConfig
                0x0000000008007f08      0x334 Drivers/STM32F7xx_HAL_Driver/Src/stm32f7xx_hal_ltdc.o
 .text.HAL_PWR_EnableBkUpAccess
                0x000000000800823c       0x20 Drivers/STM32F7xx_HAL_Driver/Src/stm32f7xx_hal_pwr.o
                0x000000000800823c                HAL_PWR_EnableBkUpAccess
 .text.HAL_PWREx_EnableOverDrive
                0x000000000800825c       0xa0 Drivers/STM32F7xx_HAL_Driver/Src/stm32f7xx_hal_pwr_ex.o
                0x000000000800825c                HAL_PWREx_EnableOverDrive
 .text.HAL_RCC_OscConfig
                0x00000000080082fc      0x548 Drivers/STM32F7xx_HAL_Driver/Src/stm32f7xx_hal_rcc.o
                0x00000000080082fc                HAL_RCC_OscConfig
 .text.HAL_RCC_ClockConfig
                0x0000000008008844      0x1d8 Drivers/STM32F7xx_HAL_Driver/Src/stm32f7xx_hal_rcc.o
                0x0000000008008844                HAL_RCC_ClockConfig
 .text.HAL_RCC_GetSysClockFreq
                0x0000000008008a1c      0x16c Drivers/STM32F7xx_HAL_Driver/Src/stm32f7xx_hal_rcc.o
                0x0000000008008a1c                HAL_RCC_GetSysClockFreq
 .text.HAL_RCC_GetHCLKFreq
                0x0000000008008b88       0x18 Drivers/STM32F7xx_HAL_Driver/Src/stm32f7xx_hal_rcc.o
                0x0000000008008b88                HAL_RCC_GetHCLKFreq
 .text.HAL_RCC_GetPCLK1Freq
                0x0000000008008ba0       0x28 Drivers/STM32F7xx_HAL_Driver/Src/stm32f7xx_hal_rcc.o
                0x0000000008008ba0                HAL_RCC_GetPCLK1Freq
 .text.HAL_RCC_GetPCLK2Freq
                0x0000000008008bc8       0x28 Drivers/STM32F7xx_HAL_Driver/Src/stm32f7xx_hal_rcc.o
                0x0000000008008bc8                HAL_RCC_GetPCLK2Freq
 .text.HAL_RCC_GetClockConfig
                0x0000000008008bf0       0x64 Drivers/STM32F7xx_HAL_Driver/Src/stm32f7xx_hal_rcc.o
                0x0000000008008bf0                HAL_RCC_GetClockConfig
 .text.HAL_RCCEx_PeriphCLKConfig
                0x0000000008008c54      0x7e0 Drivers/STM32F7xx_HAL_Driver/Src/stm32f7xx_hal_rcc_ex.o
                0x0000000008008c54                HAL_RCCEx_PeriphCLKConfig
 .text.HAL_RCCEx_GetPeriphCLKConfig
                0x0000000008009434      0x218 Drivers/STM32F7xx_HAL_Driver/Src/stm32f7xx_hal_rcc_ex.o
                0x0000000008009434                HAL_RCCEx_GetPeriphCLKConfig
 .text.HAL_RCCEx_GetPeriphCLKFreq
                0x000000000800964c      0x288 Drivers/STM32F7xx_HAL_Driver/Src/stm32f7xx_hal_rcc_ex.o
                0x000000000800964c                HAL_RCCEx_GetPeriphCLKFreq
 .text.HAL_SAI_Init
                0x00000000080098d4      0x2fc Drivers/STM32F7xx_HAL_Driver/Src/stm32f7xx_hal_sai.o
                0x00000000080098d4                HAL_SAI_Init
 .text.HAL_SAI_DeInit
                0x0000000008009bd0       0x6a Drivers/STM32F7xx_HAL_Driver/Src/stm32f7xx_hal_sai.o
                0x0000000008009bd0                HAL_SAI_DeInit
 *fill*         0x0000000008009c3a        0x2 
 .text.HAL_SAI_Transmit_DMA
                0x0000000008009c3c      0x160 Drivers/STM32F7xx_HAL_Driver/Src/stm32f7xx_hal_sai.o
                0x0000000008009c3c                HAL_SAI_Transmit_DMA
 .text.HAL_SAI_Receive_DMA
                0x0000000008009d9c      0x11c Drivers/STM32F7xx_HAL_Driver/Src/stm32f7xx_hal_sai.o
                0x0000000008009d9c                HAL_SAI_Receive_DMA
 .text.HAL_SAI_GetState
                0x0000000008009eb8       0x1c Drivers/STM32F7xx_HAL_Driver/Src/stm32f7xx_hal_sai.o
                0x0000000008009eb8                HAL_SAI_GetState
 .text.SAI_InterruptFlag
                0x0000000008009ed4       0x6c Drivers/STM32F7xx_HAL_Driver/Src/stm32f7xx_hal_sai.o
 .text.SAI_Disable
                0x0000000008009f40       0x70 Drivers/STM32F7xx_HAL_Driver/Src/stm32f7xx_hal_sai.o
 .text.SAI_DMATxCplt
                0x0000000008009fb0       0x60 Drivers/STM32F7xx_HAL_Driver/Src/stm32f7xx_hal_sai.o
 .text.SAI_DMATxHalfCplt
                0x000000000800a010       0x1c Drivers/STM32F7xx_HAL_Driver/Src/stm32f7xx_hal_sai.o
 .text.SAI_DMARxCplt
                0x000000000800a02c       0x60 Drivers/STM32F7xx_HAL_Driver/Src/stm32f7xx_hal_sai.o
 .text.SAI_DMARxHalfCplt
                0x000000000800a08c       0x1c Drivers/STM32F7xx_HAL_Driver/Src/stm32f7xx_hal_sai.o
 .text.SAI_DMAError
                0x000000000800a0a8       0x66 Drivers/STM32F7xx_HAL_Driver/Src/stm32f7xx_hal_sai.o
 .text.HAL_SD_Init
                0x000000000800a10e       0x60 Drivers/STM32F7xx_HAL_Driver/Src/stm32f7xx_hal_sd.o
                0x000000000800a10e                HAL_SD_Init
 *fill*         0x000000000800a16e        0x2 
 .text.HAL_SD_InitCard
                0x000000000800a170      0x10c Drivers/STM32F7xx_HAL_Driver/Src/stm32f7xx_hal_sd.o
                0x000000000800a170                HAL_SD_InitCard
 .text.HAL_SD_ReadBlocks_DMA
                0x000000000800a27c      0x1c4 Drivers/STM32F7xx_HAL_Driver/Src/stm32f7xx_hal_sd.o
                0x000000000800a27c                HAL_SD_ReadBlocks_DMA
 .text.HAL_SD_WriteBlocks_DMA
                0x000000000800a440      0x1cc Drivers/STM32F7xx_HAL_Driver/Src/stm32f7xx_hal_sd.o
                0x000000000800a440                HAL_SD_WriteBlocks_DMA
 .text.HAL_SD_IRQHandler
                0x000000000800a60c      0x2ec Drivers/STM32F7xx_HAL_Driver/Src/stm32f7xx_hal_sd.o
                0x000000000800a60c                HAL_SD_IRQHandler
 .text.HAL_SD_ErrorCallback
                0x000000000800a8f8       0x14 Drivers/STM32F7xx_HAL_Driver/Src/stm32f7xx_hal_sd.o
                0x000000000800a8f8                HAL_SD_ErrorCallback
 .text.HAL_SD_GetCardCSD
                0x000000000800a90c      0x348 Drivers/STM32F7xx_HAL_Driver/Src/stm32f7xx_hal_sd.o
                0x000000000800a90c                HAL_SD_GetCardCSD
 .text.HAL_SD_GetCardInfo
                0x000000000800ac54       0x58 Drivers/STM32F7xx_HAL_Driver/Src/stm32f7xx_hal_sd.o
                0x000000000800ac54                HAL_SD_GetCardInfo
 .text.HAL_SD_ConfigWideBusOperation
                0x000000000800acac      0x134 Drivers/STM32F7xx_HAL_Driver/Src/stm32f7xx_hal_sd.o
                0x000000000800acac                HAL_SD_ConfigWideBusOperation
 .text.HAL_SD_GetCardState
                0x000000000800ade0       0x40 Drivers/STM32F7xx_HAL_Driver/Src/stm32f7xx_hal_sd.o
                0x000000000800ade0                HAL_SD_GetCardState
 .text.SD_DMATransmitCplt
                0x000000000800ae20       0x2a Drivers/STM32F7xx_HAL_Driver/Src/stm32f7xx_hal_sd.o
 .text.SD_DMAReceiveCplt
                0x000000000800ae4a       0x70 Drivers/STM32F7xx_HAL_Driver/Src/stm32f7xx_hal_sd.o
 *fill*         0x000000000800aeba        0x2 
 .text.SD_DMAError
                0x000000000800aebc       0xa4 Drivers/STM32F7xx_HAL_Driver/Src/stm32f7xx_hal_sd.o
 .text.SD_DMATxAbort
                0x000000000800af60       0x6e Drivers/STM32F7xx_HAL_Driver/Src/stm32f7xx_hal_sd.o
 .text.SD_DMARxAbort
                0x000000000800afce       0x6e Drivers/STM32F7xx_HAL_Driver/Src/stm32f7xx_hal_sd.o
 .text.SD_InitCard
                0x000000000800b03c      0x198 Drivers/STM32F7xx_HAL_Driver/Src/stm32f7xx_hal_sd.o
 .text.SD_PowerON
                0x000000000800b1d4      0x11c Drivers/STM32F7xx_HAL_Driver/Src/stm32f7xx_hal_sd.o
 .text.SD_SendStatus
                0x000000000800b2f0       0x50 Drivers/STM32F7xx_HAL_Driver/Src/stm32f7xx_hal_sd.o
 .text.SD_WideBus_Enable
                0x000000000800b340       0x96 Drivers/STM32F7xx_HAL_Driver/Src/stm32f7xx_hal_sd.o
 .text.SD_WideBus_Disable
                0x000000000800b3d6       0x96 Drivers/STM32F7xx_HAL_Driver/Src/stm32f7xx_hal_sd.o
 .text.SD_FindSCR
                0x000000000800b46c      0x1a6 Drivers/STM32F7xx_HAL_Driver/Src/stm32f7xx_hal_sd.o
 .text.SD_Read_IT
                0x000000000800b612       0xa2 Drivers/STM32F7xx_HAL_Driver/Src/stm32f7xx_hal_sd.o
 .text.SD_Write_IT
                0x000000000800b6b4       0xaa Drivers/STM32F7xx_HAL_Driver/Src/stm32f7xx_hal_sd.o
 .text.HAL_SDRAM_Init
                0x000000000800b75e       0x68 Drivers/STM32F7xx_HAL_Driver/Src/stm32f7xx_hal_sdram.o
                0x000000000800b75e                HAL_SDRAM_Init
 .text.HAL_SDRAM_SendCommand
                0x000000000800b7c6       0x56 Drivers/STM32F7xx_HAL_Driver/Src/stm32f7xx_hal_sdram.o
                0x000000000800b7c6                HAL_SDRAM_SendCommand
 .text.HAL_SDRAM_ProgramRefreshRate
                0x000000000800b81c       0x40 Drivers/STM32F7xx_HAL_Driver/Src/stm32f7xx_hal_sdram.o
                0x000000000800b81c                HAL_SDRAM_ProgramRefreshRate
 .text.HAL_TIM_Base_Init
                0x000000000800b85c       0xae Drivers/STM32F7xx_HAL_Driver/Src/stm32f7xx_hal_tim.o
                0x000000000800b85c                HAL_TIM_Base_Init
 .text.HAL_TIM_Base_MspInit
                0x000000000800b90a       0x14 Drivers/STM32F7xx_HAL_Driver/Src/stm32f7xx_hal_tim.o
                0x000000000800b90a                HAL_TIM_Base_MspInit
 *fill*         0x000000000800b91e        0x2 
 .text.HAL_TIM_Base_Start_IT
                0x000000000800b920       0xf0 Drivers/STM32F7xx_HAL_Driver/Src/stm32f7xx_hal_tim.o
                0x000000000800b920                HAL_TIM_Base_Start_IT
 .text.HAL_TIM_IRQHandler
                0x000000000800ba10      0x23e Drivers/STM32F7xx_HAL_Driver/Src/stm32f7xx_hal_tim.o
                0x000000000800ba10                HAL_TIM_IRQHandler
 .text.HAL_TIM_OC_DelayElapsedCallback
                0x000000000800bc4e       0x14 Drivers/STM32F7xx_HAL_Driver/Src/stm32f7xx_hal_tim.o
                0x000000000800bc4e                HAL_TIM_OC_DelayElapsedCallback
 .text.HAL_TIM_IC_CaptureCallback
                0x000000000800bc62       0x14 Drivers/STM32F7xx_HAL_Driver/Src/stm32f7xx_hal_tim.o
                0x000000000800bc62                HAL_TIM_IC_CaptureCallback
 .text.HAL_TIM_PWM_PulseFinishedCallback
                0x000000000800bc76       0x14 Drivers/STM32F7xx_HAL_Driver/Src/stm32f7xx_hal_tim.o
                0x000000000800bc76                HAL_TIM_PWM_PulseFinishedCallback
 .text.HAL_TIM_TriggerCallback
                0x000000000800bc8a       0x14 Drivers/STM32F7xx_HAL_Driver/Src/stm32f7xx_hal_tim.o
                0x000000000800bc8a                HAL_TIM_TriggerCallback
 *fill*         0x000000000800bc9e        0x2 
 .text.TIM_Base_SetConfig
                0x000000000800bca0      0x140 Drivers/STM32F7xx_HAL_Driver/Src/stm32f7xx_hal_tim.o
                0x000000000800bca0                TIM_Base_SetConfig
 .text.HAL_TIMEx_CommutCallback
                0x000000000800bde0       0x14 Drivers/STM32F7xx_HAL_Driver/Src/stm32f7xx_hal_tim_ex.o
                0x000000000800bde0                HAL_TIMEx_CommutCallback
 .text.HAL_TIMEx_BreakCallback
                0x000000000800bdf4       0x14 Drivers/STM32F7xx_HAL_Driver/Src/stm32f7xx_hal_tim_ex.o
                0x000000000800bdf4                HAL_TIMEx_BreakCallback
 .text.HAL_TIMEx_Break2Callback
                0x000000000800be08       0x14 Drivers/STM32F7xx_HAL_Driver/Src/stm32f7xx_hal_tim_ex.o
                0x000000000800be08                HAL_TIMEx_Break2Callback
 .text.HAL_UART_Init
                0x000000000800be1c       0x9c Drivers/STM32F7xx_HAL_Driver/Src/stm32f7xx_hal_uart.o
                0x000000000800be1c                HAL_UART_Init
 .text.UART_SetConfig
                0x000000000800beb8      0x4c4 Drivers/STM32F7xx_HAL_Driver/Src/stm32f7xx_hal_uart.o
                0x000000000800beb8                UART_SetConfig
 .text.UART_AdvFeatureConfig
                0x000000000800c37c      0x144 Drivers/STM32F7xx_HAL_Driver/Src/stm32f7xx_hal_uart.o
                0x000000000800c37c                UART_AdvFeatureConfig
 .text.UART_CheckIdleState
                0x000000000800c4c0       0x66 Drivers/STM32F7xx_HAL_Driver/Src/stm32f7xx_hal_uart.o
                0x000000000800c4c0                UART_CheckIdleState
 .text.UART_WaitOnFlagUntilTimeout
                0x000000000800c526       0xf8 Drivers/STM32F7xx_HAL_Driver/Src/stm32f7xx_hal_uart.o
                0x000000000800c526                UART_WaitOnFlagUntilTimeout
 *fill*         0x000000000800c61e        0x2 
 .text.FMC_SDRAM_Init
                0x000000000800c620       0xe4 Drivers/STM32F7xx_HAL_Driver/Src/stm32f7xx_ll_fmc.o
                0x000000000800c620                FMC_SDRAM_Init
 .text.FMC_SDRAM_Timing_Init
                0x000000000800c704      0x100 Drivers/STM32F7xx_HAL_Driver/Src/stm32f7xx_ll_fmc.o
                0x000000000800c704                FMC_SDRAM_Timing_Init
 .text.FMC_SDRAM_SendCommand
                0x000000000800c804       0x48 Drivers/STM32F7xx_HAL_Driver/Src/stm32f7xx_ll_fmc.o
                0x000000000800c804                FMC_SDRAM_SendCommand
 .text.FMC_SDRAM_ProgramRefreshRate
                0x000000000800c84c       0x26 Drivers/STM32F7xx_HAL_Driver/Src/stm32f7xx_ll_fmc.o
                0x000000000800c84c                FMC_SDRAM_ProgramRefreshRate
 *fill*         0x000000000800c872        0x2 
 .text.SDMMC_Init
                0x000000000800c874       0x58 Drivers/STM32F7xx_HAL_Driver/Src/stm32f7xx_ll_sdmmc.o
                0x000000000800c874                SDMMC_Init
 .text.SDMMC_ReadFIFO
                0x000000000800c8cc       0x1a Drivers/STM32F7xx_HAL_Driver/Src/stm32f7xx_ll_sdmmc.o
                0x000000000800c8cc                SDMMC_ReadFIFO
 .text.SDMMC_WriteFIFO
                0x000000000800c8e6       0x22 Drivers/STM32F7xx_HAL_Driver/Src/stm32f7xx_ll_sdmmc.o
                0x000000000800c8e6                SDMMC_WriteFIFO
 .text.SDMMC_PowerState_ON
                0x000000000800c908       0x1e Drivers/STM32F7xx_HAL_Driver/Src/stm32f7xx_ll_sdmmc.o
                0x000000000800c908                SDMMC_PowerState_ON
 .text.SDMMC_GetPowerState
                0x000000000800c926       0x1c Drivers/STM32F7xx_HAL_Driver/Src/stm32f7xx_ll_sdmmc.o
                0x000000000800c926                SDMMC_GetPowerState
 *fill*         0x000000000800c942        0x2 
 .text.SDMMC_SendCommand
                0x000000000800c944       0x54 Drivers/STM32F7xx_HAL_Driver/Src/stm32f7xx_ll_sdmmc.o
                0x000000000800c944                SDMMC_SendCommand
 .text.SDMMC_GetCommandResponse
                0x000000000800c998       0x1a Drivers/STM32F7xx_HAL_Driver/Src/stm32f7xx_ll_sdmmc.o
                0x000000000800c998                SDMMC_GetCommandResponse
 .text.SDMMC_GetResponse
                0x000000000800c9b2       0x26 Drivers/STM32F7xx_HAL_Driver/Src/stm32f7xx_ll_sdmmc.o
                0x000000000800c9b2                SDMMC_GetResponse
 .text.SDMMC_ConfigData
                0x000000000800c9d8       0x58 Drivers/STM32F7xx_HAL_Driver/Src/stm32f7xx_ll_sdmmc.o
                0x000000000800c9d8                SDMMC_ConfigData
 .text.SDMMC_CmdBlockLength
                0x000000000800ca30       0x44 Drivers/STM32F7xx_HAL_Driver/Src/stm32f7xx_ll_sdmmc.o
                0x000000000800ca30                SDMMC_CmdBlockLength
 .text.SDMMC_CmdReadSingleBlock
                0x000000000800ca74       0x44 Drivers/STM32F7xx_HAL_Driver/Src/stm32f7xx_ll_sdmmc.o
                0x000000000800ca74                SDMMC_CmdReadSingleBlock
 .text.SDMMC_CmdReadMultiBlock
                0x000000000800cab8       0x44 Drivers/STM32F7xx_HAL_Driver/Src/stm32f7xx_ll_sdmmc.o
                0x000000000800cab8                SDMMC_CmdReadMultiBlock
 .text.SDMMC_CmdWriteSingleBlock
                0x000000000800cafc       0x44 Drivers/STM32F7xx_HAL_Driver/Src/stm32f7xx_ll_sdmmc.o
                0x000000000800cafc                SDMMC_CmdWriteSingleBlock
 .text.SDMMC_CmdWriteMultiBlock
                0x000000000800cb40       0x44 Drivers/STM32F7xx_HAL_Driver/Src/stm32f7xx_ll_sdmmc.o
                0x000000000800cb40                SDMMC_CmdWriteMultiBlock
 .text.SDMMC_CmdStopTransfer
                0x000000000800cb84       0x44 Drivers/STM32F7xx_HAL_Driver/Src/stm32f7xx_ll_sdmmc.o
                0x000000000800cb84                SDMMC_CmdStopTransfer
 .text.SDMMC_CmdSelDesel
                0x000000000800cbc8       0x46 Drivers/STM32F7xx_HAL_Driver/Src/stm32f7xx_ll_sdmmc.o
                0x000000000800cbc8                SDMMC_CmdSelDesel
 .text.SDMMC_CmdGoIdleState
                0x000000000800cc0e       0x3c Drivers/STM32F7xx_HAL_Driver/Src/stm32f7xx_ll_sdmmc.o
                0x000000000800cc0e                SDMMC_CmdGoIdleState
 .text.SDMMC_CmdOperCond
                0x000000000800cc4a       0x3e Drivers/STM32F7xx_HAL_Driver/Src/stm32f7xx_ll_sdmmc.o
                0x000000000800cc4a                SDMMC_CmdOperCond
 .text.SDMMC_CmdAppCommand
                0x000000000800cc88       0x44 Drivers/STM32F7xx_HAL_Driver/Src/stm32f7xx_ll_sdmmc.o
                0x000000000800cc88                SDMMC_CmdAppCommand
 .text.SDMMC_CmdAppOperCommand
                0x000000000800cccc       0x48 Drivers/STM32F7xx_HAL_Driver/Src/stm32f7xx_ll_sdmmc.o
                0x000000000800cccc                SDMMC_CmdAppOperCommand
 .text.SDMMC_CmdBusWidth
                0x000000000800cd14       0x44 Drivers/STM32F7xx_HAL_Driver/Src/stm32f7xx_ll_sdmmc.o
                0x000000000800cd14                SDMMC_CmdBusWidth
 .text.SDMMC_CmdSendSCR
                0x000000000800cd58       0x42 Drivers/STM32F7xx_HAL_Driver/Src/stm32f7xx_ll_sdmmc.o
                0x000000000800cd58                SDMMC_CmdSendSCR
 .text.SDMMC_CmdSendCID
                0x000000000800cd9a       0x3c Drivers/STM32F7xx_HAL_Driver/Src/stm32f7xx_ll_sdmmc.o
                0x000000000800cd9a                SDMMC_CmdSendCID
 .text.SDMMC_CmdSendCSD
                0x000000000800cdd6       0x3e Drivers/STM32F7xx_HAL_Driver/Src/stm32f7xx_ll_sdmmc.o
                0x000000000800cdd6                SDMMC_CmdSendCSD
 .text.SDMMC_CmdSetRelAdd
                0x000000000800ce14       0x42 Drivers/STM32F7xx_HAL_Driver/Src/stm32f7xx_ll_sdmmc.o
                0x000000000800ce14                SDMMC_CmdSetRelAdd
 .text.SDMMC_CmdSendStatus
                0x000000000800ce56       0x44 Drivers/STM32F7xx_HAL_Driver/Src/stm32f7xx_ll_sdmmc.o
                0x000000000800ce56                SDMMC_CmdSendStatus
 *fill*         0x000000000800ce9a        0x2 
 .text.SDMMC_GetCmdError
                0x000000000800ce9c       0x58 Drivers/STM32F7xx_HAL_Driver/Src/stm32f7xx_ll_sdmmc.o
 .text.SDMMC_GetCmdResp1
                0x000000000800cef4      0x1dc Drivers/STM32F7xx_HAL_Driver/Src/stm32f7xx_ll_sdmmc.o
 .text.SDMMC_GetCmdResp2
                0x000000000800d0d0       0x90 Drivers/STM32F7xx_HAL_Driver/Src/stm32f7xx_ll_sdmmc.o
 .text.SDMMC_GetCmdResp3
                0x000000000800d160       0x7c Drivers/STM32F7xx_HAL_Driver/Src/stm32f7xx_ll_sdmmc.o
 .text.SDMMC_GetCmdResp6
                0x000000000800d1dc       0xec Drivers/STM32F7xx_HAL_Driver/Src/stm32f7xx_ll_sdmmc.o
 .text.SDMMC_GetCmdResp7
                0x000000000800d2c8       0x9c Drivers/STM32F7xx_HAL_Driver/Src/stm32f7xx_ll_sdmmc.o
 .text.MX_FATFS_Init
                0x000000000800d364       0x24 FATFS/App/fatfs.o
                0x000000000800d364                MX_FATFS_Init
 .text.get_fattime
                0x000000000800d388       0x10 FATFS/App/fatfs.o
                0x000000000800d388                get_fattime
 .text.BSP_SD_Init
                0x000000000800d398       0x4c FATFS/Target/bsp_driver_sd.o
                0x000000000800d398                BSP_SD_Init
 .text.BSP_SD_ReadBlocks_DMA
                0x000000000800d3e4       0x34 FATFS/Target/bsp_driver_sd.o
                0x000000000800d3e4                BSP_SD_ReadBlocks_DMA
 .text.BSP_SD_WriteBlocks_DMA
                0x000000000800d418       0x34 FATFS/Target/bsp_driver_sd.o
                0x000000000800d418                BSP_SD_WriteBlocks_DMA
 .text.BSP_SD_GetCardState
                0x000000000800d44c       0x20 FATFS/Target/bsp_driver_sd.o
                0x000000000800d44c                BSP_SD_GetCardState
 .text.BSP_SD_GetCardInfo
                0x000000000800d46c       0x1c FATFS/Target/bsp_driver_sd.o
                0x000000000800d46c                BSP_SD_GetCardInfo
 .text.HAL_SD_AbortCallback
                0x000000000800d488       0x14 FATFS/Target/bsp_driver_sd.o
                0x000000000800d488                HAL_SD_AbortCallback
 .text.HAL_SD_TxCpltCallback
                0x000000000800d49c       0x14 FATFS/Target/bsp_driver_sd.o
                0x000000000800d49c                HAL_SD_TxCpltCallback
 .text.HAL_SD_RxCpltCallback
                0x000000000800d4b0       0x14 FATFS/Target/bsp_driver_sd.o
                0x000000000800d4b0                HAL_SD_RxCpltCallback
 .text.BSP_SD_AbortCallback
                0x000000000800d4c4        0xe FATFS/Target/bsp_driver_sd.o
                0x000000000800d4c4                BSP_SD_AbortCallback
 .text.BSP_SD_IsDetected
                0x000000000800d4d2       0x24 FATFS/Target/bsp_driver_sd.o
                0x000000000800d4d2                BSP_SD_IsDetected
 *fill*         0x000000000800d4f6        0x2 
 .text.BSP_PlatformIsDetected
                0x000000000800d4f8       0x2c FATFS/Target/fatfs_platform.o
                0x000000000800d4f8                BSP_PlatformIsDetected
 .text.SD_CheckStatusWithTimeout
                0x000000000800d524       0x3a FATFS/Target/sd_diskio.o
 *fill*         0x000000000800d55e        0x2 
 .text.SD_CheckStatus
                0x000000000800d560       0x3c FATFS/Target/sd_diskio.o
 .text.SD_initialize
                0x000000000800d59c       0x98 FATFS/Target/sd_diskio.o
                0x000000000800d59c                SD_initialize
 .text.SD_status
                0x000000000800d634       0x1c FATFS/Target/sd_diskio.o
                0x000000000800d634                SD_status
 .text.SD_read  0x000000000800d650       0x9c FATFS/Target/sd_diskio.o
                0x000000000800d650                SD_read
 .text.SD_write
                0x000000000800d6ec       0x94 FATFS/Target/sd_diskio.o
                0x000000000800d6ec                SD_write
 .text.SD_ioctl
                0x000000000800d780       0xb0 FATFS/Target/sd_diskio.o
                0x000000000800d780                SD_ioctl
 .text.BSP_SD_WriteCpltCallback
                0x000000000800d830       0x1c FATFS/Target/sd_diskio.o
                0x000000000800d830                BSP_SD_WriteCpltCallback
 .text.BSP_SD_ReadCpltCallback
                0x000000000800d84c       0x1c FATFS/Target/sd_diskio.o
                0x000000000800d84c                BSP_SD_ReadCpltCallback
 .text.disk_status
                0x000000000800d868       0x34 Middlewares/Third_Party/FatFs/src/diskio.o
                0x000000000800d868                disk_status
 .text.disk_initialize
                0x000000000800d89c       0x4c Middlewares/Third_Party/FatFs/src/diskio.o
                0x000000000800d89c                disk_initialize
 .text.disk_read
                0x000000000800d8e8       0x40 Middlewares/Third_Party/FatFs/src/diskio.o
                0x000000000800d8e8                disk_read
 .text.disk_write
                0x000000000800d928       0x40 Middlewares/Third_Party/FatFs/src/diskio.o
                0x000000000800d928                disk_write
 .text.disk_ioctl
                0x000000000800d968       0x3c Middlewares/Third_Party/FatFs/src/diskio.o
                0x000000000800d968                disk_ioctl
 .text.ld_word  0x000000000800d9a4       0x30 Middlewares/Third_Party/FatFs/src/ff.o
 .text.ld_dword
                0x000000000800d9d4       0x46 Middlewares/Third_Party/FatFs/src/ff.o
 .text.st_word  0x000000000800da1a       0x36 Middlewares/Third_Party/FatFs/src/ff.o
 .text.st_dword
                0x000000000800da50       0x58 Middlewares/Third_Party/FatFs/src/ff.o
 .text.mem_cpy  0x000000000800daa8       0x42 Middlewares/Third_Party/FatFs/src/ff.o
 .text.mem_set  0x000000000800daea       0x36 Middlewares/Third_Party/FatFs/src/ff.o
 .text.mem_cmp  0x000000000800db20       0x4e Middlewares/Third_Party/FatFs/src/ff.o
 .text.chk_chr  0x000000000800db6e       0x36 Middlewares/Third_Party/FatFs/src/ff.o
 .text.lock_fs  0x000000000800dba4       0x2c Middlewares/Third_Party/FatFs/src/ff.o
 .text.unlock_fs
                0x000000000800dbd0       0x36 Middlewares/Third_Party/FatFs/src/ff.o
 *fill*         0x000000000800dc06        0x2 
 .text.chk_lock
                0x000000000800dc08       0xb8 Middlewares/Third_Party/FatFs/src/ff.o
 .text.enq_lock
                0x000000000800dcc0       0x44 Middlewares/Third_Party/FatFs/src/ff.o
 .text.inc_lock
                0x000000000800dd04      0x11c Middlewares/Third_Party/FatFs/src/ff.o
 .text.dec_lock
                0x000000000800de20       0x78 Middlewares/Third_Party/FatFs/src/ff.o
 .text.clear_lock
                0x000000000800de98       0x48 Middlewares/Third_Party/FatFs/src/ff.o
 .text.sync_window
                0x000000000800dee0       0x88 Middlewares/Third_Party/FatFs/src/ff.o
 .text.move_window
                0x000000000800df68       0x5a Middlewares/Third_Party/FatFs/src/ff.o
 *fill*         0x000000000800dfc2        0x2 
 .text.sync_fs  0x000000000800dfc4       0xdc Middlewares/Third_Party/FatFs/src/ff.o
 .text.clust2sect
                0x000000000800e0a0       0x3e Middlewares/Third_Party/FatFs/src/ff.o
 .text.get_fat  0x000000000800e0de      0x150 Middlewares/Third_Party/FatFs/src/ff.o
 .text.put_fat  0x000000000800e22e      0x1d8 Middlewares/Third_Party/FatFs/src/ff.o
 .text.remove_chain
                0x000000000800e406       0xca Middlewares/Third_Party/FatFs/src/ff.o
 .text.create_chain
                0x000000000800e4d0      0x130 Middlewares/Third_Party/FatFs/src/ff.o
 .text.clmt_clust
                0x000000000800e600       0x68 Middlewares/Third_Party/FatFs/src/ff.o
 .text.dir_sdi  0x000000000800e668       0xf6 Middlewares/Third_Party/FatFs/src/ff.o
 .text.dir_next
                0x000000000800e75e      0x18a Middlewares/Third_Party/FatFs/src/ff.o
 .text.dir_alloc
                0x000000000800e8e8       0x8e Middlewares/Third_Party/FatFs/src/ff.o
 .text.ld_clust
                0x000000000800e976       0x3e Middlewares/Third_Party/FatFs/src/ff.o
 .text.st_clust
                0x000000000800e9b4       0x40 Middlewares/Third_Party/FatFs/src/ff.o
 .text.dir_find
                0x000000000800e9f4       0xaa Middlewares/Third_Party/FatFs/src/ff.o
 .text.dir_register
                0x000000000800ea9e       0x64 Middlewares/Third_Party/FatFs/src/ff.o
 *fill*         0x000000000800eb02        0x2 
 .text.create_name
                0x000000000800eb04      0x128 Middlewares/Third_Party/FatFs/src/ff.o
 .text.follow_path
                0x000000000800ec2c       0xe2 Middlewares/Third_Party/FatFs/src/ff.o
 .text.get_ldnumber
                0x000000000800ed0e       0x88 Middlewares/Third_Party/FatFs/src/ff.o
 *fill*         0x000000000800ed96        0x2 
 .text.check_fs
                0x000000000800ed98       0xac Middlewares/Third_Party/FatFs/src/ff.o
 .text.find_volume
                0x000000000800ee44      0x4a8 Middlewares/Third_Party/FatFs/src/ff.o
 .text.validate
                0x000000000800f2ec       0x8e Middlewares/Third_Party/FatFs/src/ff.o
 *fill*         0x000000000800f37a        0x2 
 .text.f_mount  0x000000000800f37c       0xc8 Middlewares/Third_Party/FatFs/src/ff.o
                0x000000000800f37c                f_mount
 .text.f_open   0x000000000800f444      0x382 Middlewares/Third_Party/FatFs/src/ff.o
                0x000000000800f444                f_open
 .text.f_write  0x000000000800f7c6      0x348 Middlewares/Third_Party/FatFs/src/ff.o
                0x000000000800f7c6                f_write
 .text.f_sync   0x000000000800fb0e      0x112 Middlewares/Third_Party/FatFs/src/ff.o
                0x000000000800fb0e                f_sync
 .text.f_close  0x000000000800fc20       0x5e Middlewares/Third_Party/FatFs/src/ff.o
                0x000000000800fc20                f_close
 *fill*         0x000000000800fc7e        0x2 
 .text.f_mkfs   0x000000000800fc80      0x858 Middlewares/Third_Party/FatFs/src/ff.o
                0x000000000800fc80                f_mkfs
 .text.FATFS_LinkDriverEx
                0x00000000080104d8       0x98 Middlewares/Third_Party/FatFs/src/ff_gen_drv.o
                0x00000000080104d8                FATFS_LinkDriverEx
 .text.FATFS_LinkDriver
                0x0000000008010570       0x1e Middlewares/Third_Party/FatFs/src/ff_gen_drv.o
                0x0000000008010570                FATFS_LinkDriver
 .text.ff_cre_syncobj
                0x000000000801058e       0x40 Middlewares/Third_Party/FatFs/src/option/syscall.o
                0x000000000801058e                ff_cre_syncobj
 .text.ff_del_syncobj
                0x00000000080105ce       0x18 Middlewares/Third_Party/FatFs/src/option/syscall.o
                0x00000000080105ce                ff_del_syncobj
 .text.ff_req_grant
                0x00000000080105e6       0x2a Middlewares/Third_Party/FatFs/src/option/syscall.o
                0x00000000080105e6                ff_req_grant
 .text.ff_rel_grant
                0x0000000008010610       0x16 Middlewares/Third_Party/FatFs/src/option/syscall.o
                0x0000000008010610                ff_rel_grant
 .text.makeFreeRtosPriority
                0x0000000008010626       0x30 Middlewares/Third_Party/FreeRTOS/Source/CMSIS_RTOS/cmsis_os.o
 .text.inHandlerMode
                0x0000000008010656       0x24 Middlewares/Third_Party/FreeRTOS/Source/CMSIS_RTOS/cmsis_os.o
 .text.osKernelStart
                0x000000000801067a        0xe Middlewares/Third_Party/FreeRTOS/Source/CMSIS_RTOS/cmsis_os.o
                0x000000000801067a                osKernelStart
 .text.osKernelRunning
                0x0000000008010688       0x18 Middlewares/Third_Party/FreeRTOS/Source/CMSIS_RTOS/cmsis_os.o
                0x0000000008010688                osKernelRunning
 .text.osKernelSysTick
                0x00000000080106a0       0x20 Middlewares/Third_Party/FreeRTOS/Source/CMSIS_RTOS/cmsis_os.o
                0x00000000080106a0                osKernelSysTick
 .text.osThreadCreate
                0x00000000080106c0       0x98 Middlewares/Third_Party/FreeRTOS/Source/CMSIS_RTOS/cmsis_os.o
                0x00000000080106c0                osThreadCreate
 .text.osDelay  0x0000000008010758       0x28 Middlewares/Third_Party/FreeRTOS/Source/CMSIS_RTOS/cmsis_os.o
                0x0000000008010758                osDelay
 .text.osSemaphoreCreate
                0x0000000008010780       0x64 Middlewares/Third_Party/FreeRTOS/Source/CMSIS_RTOS/cmsis_os.o
                0x0000000008010780                osSemaphoreCreate
 .text.osSemaphoreWait
                0x00000000080107e4       0x9c Middlewares/Third_Party/FreeRTOS/Source/CMSIS_RTOS/cmsis_os.o
                0x00000000080107e4                osSemaphoreWait
 .text.osSemaphoreRelease
                0x0000000008010880       0x6c Middlewares/Third_Party/FreeRTOS/Source/CMSIS_RTOS/cmsis_os.o
                0x0000000008010880                osSemaphoreRelease
 .text.osSemaphoreDelete
                0x00000000080108ec       0x26 Middlewares/Third_Party/FreeRTOS/Source/CMSIS_RTOS/cmsis_os.o
                0x00000000080108ec                osSemaphoreDelete
 .text.osMessageCreate
                0x0000000008010912       0x50 Middlewares/Third_Party/FreeRTOS/Source/CMSIS_RTOS/cmsis_os.o
                0x0000000008010912                osMessageCreate
 *fill*         0x0000000008010962        0x2 
 .text.osMessagePut
                0x0000000008010964       0x80 Middlewares/Third_Party/FreeRTOS/Source/CMSIS_RTOS/cmsis_os.o
                0x0000000008010964                osMessagePut
 .text.osMessageGet
                0x00000000080109e4       0xe8 Middlewares/Third_Party/FreeRTOS/Source/CMSIS_RTOS/cmsis_os.o
                0x00000000080109e4                osMessageGet
 .text.vListInitialise
                0x0000000008010acc       0x40 Middlewares/Third_Party/FreeRTOS/Source/list.o
                0x0000000008010acc                vListInitialise
 .text.vListInitialiseItem
                0x0000000008010b0c       0x1a Middlewares/Third_Party/FreeRTOS/Source/list.o
                0x0000000008010b0c                vListInitialiseItem
 .text.vListInsertEnd
                0x0000000008010b26       0x48 Middlewares/Third_Party/FreeRTOS/Source/list.o
                0x0000000008010b26                vListInsertEnd
 .text.vListInsert
                0x0000000008010b6e       0x72 Middlewares/Third_Party/FreeRTOS/Source/list.o
                0x0000000008010b6e                vListInsert
 .text.uxListRemove
                0x0000000008010be0       0x54 Middlewares/Third_Party/FreeRTOS/Source/list.o
                0x0000000008010be0                uxListRemove
 .text.xQueueGenericReset
                0x0000000008010c34       0xd4 Middlewares/Third_Party/FreeRTOS/Source/queue.o
                0x0000000008010c34                xQueueGenericReset
 .text.xQueueGenericCreateStatic
                0x0000000008010d08      0x104 Middlewares/Third_Party/FreeRTOS/Source/queue.o
                0x0000000008010d08                xQueueGenericCreateStatic
 .text.xQueueGenericCreate
                0x0000000008010e0c       0x84 Middlewares/Third_Party/FreeRTOS/Source/queue.o
                0x0000000008010e0c                xQueueGenericCreate
 .text.prvInitialiseNewQueue
                0x0000000008010e90       0x3e Middlewares/Third_Party/FreeRTOS/Source/queue.o
 *fill*         0x0000000008010ece        0x2 
 .text.xQueueGenericSend
                0x0000000008010ed0      0x20c Middlewares/Third_Party/FreeRTOS/Source/queue.o
                0x0000000008010ed0                xQueueGenericSend
 .text.xQueueGenericSendFromISR
                0x00000000080110dc      0x140 Middlewares/Third_Party/FreeRTOS/Source/queue.o
                0x00000000080110dc                xQueueGenericSendFromISR
 .text.xQueueGiveFromISR
                0x000000000801121c      0x12a Middlewares/Third_Party/FreeRTOS/Source/queue.o
                0x000000000801121c                xQueueGiveFromISR
 *fill*         0x0000000008011346        0x2 
 .text.xQueueReceive
                0x0000000008011348      0x1cc Middlewares/Third_Party/FreeRTOS/Source/queue.o
                0x0000000008011348                xQueueReceive
 .text.xQueueSemaphoreTake
                0x0000000008011514      0x228 Middlewares/Third_Party/FreeRTOS/Source/queue.o
                0x0000000008011514                xQueueSemaphoreTake
 .text.xQueueReceiveFromISR
                0x000000000801173c      0x10c Middlewares/Third_Party/FreeRTOS/Source/queue.o
                0x000000000801173c                xQueueReceiveFromISR
 .text.vQueueDelete
                0x0000000008011848       0x4a Middlewares/Third_Party/FreeRTOS/Source/queue.o
                0x0000000008011848                vQueueDelete
 .text.prvGetDisinheritPriorityAfterTimeout
                0x0000000008011892       0x30 Middlewares/Third_Party/FreeRTOS/Source/queue.o
 .text.prvCopyDataToQueue
                0x00000000080118c2       0xd4 Middlewares/Third_Party/FreeRTOS/Source/queue.o
 .text.prvCopyDataFromQueue
                0x0000000008011996       0x4c Middlewares/Third_Party/FreeRTOS/Source/queue.o
 .text.prvUnlockQueue
                0x00000000080119e2       0xa4 Middlewares/Third_Party/FreeRTOS/Source/queue.o
 .text.prvIsQueueEmpty
                0x0000000008011a86       0x2c Middlewares/Third_Party/FreeRTOS/Source/queue.o
 .text.prvIsQueueFull
                0x0000000008011ab2       0x30 Middlewares/Third_Party/FreeRTOS/Source/queue.o
 *fill*         0x0000000008011ae2        0x2 
 .text.vQueueUnregisterQueue
                0x0000000008011ae4       0x54 Middlewares/Third_Party/FreeRTOS/Source/queue.o
                0x0000000008011ae4                vQueueUnregisterQueue
 .text.xTaskCreateStatic
                0x0000000008011b38       0xc6 Middlewares/Third_Party/FreeRTOS/Source/tasks.o
                0x0000000008011b38                xTaskCreateStatic
 .text.xTaskCreate
                0x0000000008011bfe       0x8a Middlewares/Third_Party/FreeRTOS/Source/tasks.o
                0x0000000008011bfe                xTaskCreate
 .text.prvInitialiseNewTask
                0x0000000008011c88      0x122 Middlewares/Third_Party/FreeRTOS/Source/tasks.o
 *fill*         0x0000000008011daa        0x2 
 .text.prvAddNewTaskToReadyList
                0x0000000008011dac       0xd4 Middlewares/Third_Party/FreeRTOS/Source/tasks.o
 .text.vTaskDelay
                0x0000000008011e80       0x6c Middlewares/Third_Party/FreeRTOS/Source/tasks.o
                0x0000000008011e80                vTaskDelay
 .text.vTaskStartScheduler
                0x0000000008011eec       0xc8 Middlewares/Third_Party/FreeRTOS/Source/tasks.o
                0x0000000008011eec                vTaskStartScheduler
 .text.vTaskSuspendAll
                0x0000000008011fb4       0x1c Middlewares/Third_Party/FreeRTOS/Source/tasks.o
                0x0000000008011fb4                vTaskSuspendAll
 .text.xTaskResumeAll
                0x0000000008011fd0      0x13c Middlewares/Third_Party/FreeRTOS/Source/tasks.o
                0x0000000008011fd0                xTaskResumeAll
 .text.xTaskGetTickCount
                0x000000000801210c       0x20 Middlewares/Third_Party/FreeRTOS/Source/tasks.o
                0x000000000801210c                xTaskGetTickCount
 .text.xTaskGetTickCountFromISR
                0x000000000801212c       0x24 Middlewares/Third_Party/FreeRTOS/Source/tasks.o
                0x000000000801212c                xTaskGetTickCountFromISR
 .text.xTaskIncrementTick
                0x0000000008012150      0x174 Middlewares/Third_Party/FreeRTOS/Source/tasks.o
                0x0000000008012150                xTaskIncrementTick
 .text.vTaskSwitchContext
                0x00000000080122c4      0x104 Middlewares/Third_Party/FreeRTOS/Source/tasks.o
                0x00000000080122c4                vTaskSwitchContext
 .text.vTaskPlaceOnEventList
                0x00000000080123c8       0x4c Middlewares/Third_Party/FreeRTOS/Source/tasks.o
                0x00000000080123c8                vTaskPlaceOnEventList
 .text.xTaskRemoveFromEventList
                0x0000000008012414       0xc8 Middlewares/Third_Party/FreeRTOS/Source/tasks.o
                0x0000000008012414                xTaskRemoveFromEventList
 .text.vTaskInternalSetTimeOutState
                0x00000000080124dc       0x2c Middlewares/Third_Party/FreeRTOS/Source/tasks.o
                0x00000000080124dc                vTaskInternalSetTimeOutState
 .text.xTaskCheckForTimeOut
                0x0000000008012508       0xcc Middlewares/Third_Party/FreeRTOS/Source/tasks.o
                0x0000000008012508                xTaskCheckForTimeOut
 .text.vTaskMissedYield
                0x00000000080125d4       0x18 Middlewares/Third_Party/FreeRTOS/Source/tasks.o
                0x00000000080125d4                vTaskMissedYield
 .text.prvIdleTask
                0x00000000080125ec       0x34 Middlewares/Third_Party/FreeRTOS/Source/tasks.o
 .text.prvInitialiseTaskLists
                0x0000000008012620       0x80 Middlewares/Third_Party/FreeRTOS/Source/tasks.o
 .text.prvCheckTasksWaitingTermination
                0x00000000080126a0       0x5c Middlewares/Third_Party/FreeRTOS/Source/tasks.o
 .text.prvDeleteTCB
                0x00000000080126fc       0x62 Middlewares/Third_Party/FreeRTOS/Source/tasks.o
 *fill*         0x000000000801275e        0x2 
 .text.prvResetNextTaskUnblockTime
                0x0000000008012760       0x40 Middlewares/Third_Party/FreeRTOS/Source/tasks.o
 .text.xTaskGetSchedulerState
                0x00000000080127a0       0x3c Middlewares/Third_Party/FreeRTOS/Source/tasks.o
                0x00000000080127a0                xTaskGetSchedulerState
 .text.xTaskPriorityInherit
                0x00000000080127dc      0x100 Middlewares/Third_Party/FreeRTOS/Source/tasks.o
                0x00000000080127dc                xTaskPriorityInherit
 .text.xTaskPriorityDisinherit
                0x00000000080128dc      0x114 Middlewares/Third_Party/FreeRTOS/Source/tasks.o
                0x00000000080128dc                xTaskPriorityDisinherit
 .text.vTaskPriorityDisinheritAfterTimeout
                0x00000000080129f0      0x13c Middlewares/Third_Party/FreeRTOS/Source/tasks.o
                0x00000000080129f0                vTaskPriorityDisinheritAfterTimeout
 .text.pvTaskIncrementMutexHeldCount
                0x0000000008012b2c       0x28 Middlewares/Third_Party/FreeRTOS/Source/tasks.o
                0x0000000008012b2c                pvTaskIncrementMutexHeldCount
 .text.prvAddCurrentTaskToDelayedList
                0x0000000008012b54       0xcc Middlewares/Third_Party/FreeRTOS/Source/tasks.o
 .text.pxPortInitialiseStack
                0x0000000008012c20       0x68 Middlewares/Third_Party/FreeRTOS/Source/portable/GCC/ARM_CM7/r0p1/port.o
                0x0000000008012c20                pxPortInitialiseStack
 .text.prvTaskExitError
                0x0000000008012c88       0x60 Middlewares/Third_Party/FreeRTOS/Source/portable/GCC/ARM_CM7/r0p1/port.o
 *fill*         0x0000000008012ce8        0x8 
 .text.SVC_Handler
                0x0000000008012cf0       0x28 Middlewares/Third_Party/FreeRTOS/Source/portable/GCC/ARM_CM7/r0p1/port.o
                0x0000000008012cf0                SVC_Handler
 .text.prvPortStartFirstTask
                0x0000000008012d18       0x28 Middlewares/Third_Party/FreeRTOS/Source/portable/GCC/ARM_CM7/r0p1/port.o
 .text.xPortStartScheduler
                0x0000000008012d40       0xfc Middlewares/Third_Party/FreeRTOS/Source/portable/GCC/ARM_CM7/r0p1/port.o
                0x0000000008012d40                xPortStartScheduler
 .text.vPortEnterCritical
                0x0000000008012e3c       0x68 Middlewares/Third_Party/FreeRTOS/Source/portable/GCC/ARM_CM7/r0p1/port.o
                0x0000000008012e3c                vPortEnterCritical
 .text.vPortExitCritical
                0x0000000008012ea4       0x58 Middlewares/Third_Party/FreeRTOS/Source/portable/GCC/ARM_CM7/r0p1/port.o
                0x0000000008012ea4                vPortExitCritical
 *fill*         0x0000000008012efc        0x4 
 .text.PendSV_Handler
                0x0000000008012f00       0x68 Middlewares/Third_Party/FreeRTOS/Source/portable/GCC/ARM_CM7/r0p1/port.o
                0x0000000008012f00                PendSV_Handler
 .text.SysTick_Handler
                0x0000000008012f68       0x48 Middlewares/Third_Party/FreeRTOS/Source/portable/GCC/ARM_CM7/r0p1/port.o
                0x0000000008012f68                SysTick_Handler
 .text.vPortSetupTimerInterrupt
                0x0000000008012fb0       0x48 Middlewares/Third_Party/FreeRTOS/Source/portable/GCC/ARM_CM7/r0p1/port.o
                0x0000000008012fb0                vPortSetupTimerInterrupt
 .text.vPortEnableVFP
                0x0000000008012ff8       0x14 Middlewares/Third_Party/FreeRTOS/Source/portable/GCC/ARM_CM7/r0p1/port.o
 .text.vPortValidateInterruptPriority
                0x000000000801300c       0x88 Middlewares/Third_Party/FreeRTOS/Source/portable/GCC/ARM_CM7/r0p1/port.o
                0x000000000801300c                vPortValidateInterruptPriority
 .text.pvPortMalloc
                0x0000000008013094      0x1a0 Middlewares/Third_Party/FreeRTOS/Source/portable/MemMang/heap_4.o
                0x0000000008013094                pvPortMalloc
 .text.vPortFree
                0x0000000008013234       0xbc Middlewares/Third_Party/FreeRTOS/Source/portable/MemMang/heap_4.o
                0x0000000008013234                vPortFree
 .text.prvHeapInit
                0x00000000080132f0       0xc4 Middlewares/Third_Party/FreeRTOS/Source/portable/MemMang/heap_4.o
 .text.prvInsertBlockIntoFreeList
                0x00000000080133b4       0xb4 Middlewares/Third_Party/FreeRTOS/Source/portable/MemMang/heap_4.o
 .text.__errno  0x0000000008013468        0xc d:/stm32cubeide_1.5.0/stm32cubeide/plugins/com.st.stm32cube.ide.mcu.externaltools.gnu-tools-for-stm32.9-2020-q2-update.win32_1.5.0.202011040924/tools/bin/../lib/gcc/arm-none-eabi/9.3.1/../../../../arm-none-eabi/lib/thumb/v7e-m+fp/hard\libc_nano.a(lib_a-errno.o)
                0x0000000008013468                __errno
 .text.__libc_init_array
                0x0000000008013474       0x48 d:/stm32cubeide_1.5.0/stm32cubeide/plugins/com.st.stm32cube.ide.mcu.externaltools.gnu-tools-for-stm32.9-2020-q2-update.win32_1.5.0.202011040924/tools/bin/../lib/gcc/arm-none-eabi/9.3.1/../../../../arm-none-eabi/lib/thumb/v7e-m+fp/hard\libc_nano.a(lib_a-init.o)
                0x0000000008013474                __libc_init_array
 .text.memcpy   0x00000000080134bc       0x1c d:/stm32cubeide_1.5.0/stm32cubeide/plugins/com.st.stm32cube.ide.mcu.externaltools.gnu-tools-for-stm32.9-2020-q2-update.win32_1.5.0.202011040924/tools/bin/../lib/gcc/arm-none-eabi/9.3.1/../../../../arm-none-eabi/lib/thumb/v7e-m+fp/hard\libc_nano.a(lib_a-memcpy-stub.o)
                0x00000000080134bc                memcpy
 .text.memset   0x00000000080134d8       0x10 d:/stm32cubeide_1.5.0/stm32cubeide/plugins/com.st.stm32cube.ide.mcu.externaltools.gnu-tools-for-stm32.9-2020-q2-update.win32_1.5.0.202011040924/tools/bin/../lib/gcc/arm-none-eabi/9.3.1/../../../../arm-none-eabi/lib/thumb/v7e-m+fp/hard\libc_nano.a(lib_a-memset.o)
                0x00000000080134d8                memset
 .text.sprintf  0x00000000080134e8       0x40 d:/stm32cubeide_1.5.0/stm32cubeide/plugins/com.st.stm32cube.ide.mcu.externaltools.gnu-tools-for-stm32.9-2020-q2-update.win32_1.5.0.202011040924/tools/bin/../lib/gcc/arm-none-eabi/9.3.1/../../../../arm-none-eabi/lib/thumb/v7e-m+fp/hard\libc_nano.a(lib_a-sprintf.o)
                0x00000000080134e8                siprintf
                0x00000000080134e8                sprintf
 .text.__ssputs_r
                0x0000000008013528       0xb6 d:/stm32cubeide_1.5.0/stm32cubeide/plugins/com.st.stm32cube.ide.mcu.externaltools.gnu-tools-for-stm32.9-2020-q2-update.win32_1.5.0.202011040924/tools/bin/../lib/gcc/arm-none-eabi/9.3.1/../../../../arm-none-eabi/lib/thumb/v7e-m+fp/hard\libc_nano.a(lib_a-nano-svfprintf.o)
                0x0000000008013528                __ssputs_r
 *fill*         0x00000000080135de        0x2 
 .text._svfprintf_r
                0x00000000080135e0      0x200 d:/stm32cubeide_1.5.0/stm32cubeide/plugins/com.st.stm32cube.ide.mcu.externaltools.gnu-tools-for-stm32.9-2020-q2-update.win32_1.5.0.202011040924/tools/bin/../lib/gcc/arm-none-eabi/9.3.1/../../../../arm-none-eabi/lib/thumb/v7e-m+fp/hard\libc_nano.a(lib_a-nano-svfprintf.o)
                0x00000000080135e0                _svfiprintf_r
                0x00000000080135e0                _svfprintf_r
 .text._printf_common
                0x00000000080137e0       0xda d:/stm32cubeide_1.5.0/stm32cubeide/plugins/com.st.stm32cube.ide.mcu.externaltools.gnu-tools-for-stm32.9-2020-q2-update.win32_1.5.0.202011040924/tools/bin/../lib/gcc/arm-none-eabi/9.3.1/../../../../arm-none-eabi/lib/thumb/v7e-m+fp/hard\libc_nano.a(lib_a-nano-vfprintf_i.o)
                0x00000000080137e0                _printf_common
 *fill*         0x00000000080138ba        0x2 
 .text._printf_i
                0x00000000080138bc      0x24c d:/stm32cubeide_1.5.0/stm32cubeide/plugins/com.st.stm32cube.ide.mcu.externaltools.gnu-tools-for-stm32.9-2020-q2-update.win32_1.5.0.202011040924/tools/bin/../lib/gcc/arm-none-eabi/9.3.1/../../../../arm-none-eabi/lib/thumb/v7e-m+fp/hard\libc_nano.a(lib_a-nano-vfprintf_i.o)
                0x00000000080138bc                _printf_i
 .text.memmove  0x0000000008013b08       0x34 d:/stm32cubeide_1.5.0/stm32cubeide/plugins/com.st.stm32cube.ide.mcu.externaltools.gnu-tools-for-stm32.9-2020-q2-update.win32_1.5.0.202011040924/tools/bin/../lib/gcc/arm-none-eabi/9.3.1/../../../../arm-none-eabi/lib/thumb/v7e-m+fp/hard\libc_nano.a(lib_a-memmove.o)
                0x0000000008013b08                memmove