Archive member included to satisfy reference by file (symbol)

d:/stm32cubeide_1.5.0/stm32cubeide/plugins/com.st.stm32cube.ide.mcu.externaltools.gnu-tools-for-stm32.9-2020-q2-update.win32_1.5.0.202011040924/tools/bin/../lib/gcc/arm-none-eabi/9.3.1/../../../../arm-none-eabi/lib/thumb/v7e-m+fp/hard\libc_nano.a(lib_a-errno.o)
                              Core/Src/syscalls.o (__errno)
d:/stm32cubeide_1.5.0/stm32cubeide/plugins/com.st.stm32cube.ide.mcu.externaltools.gnu-tools-for-stm32.9-2020-q2-update.win32_1.5.0.202011040924/tools/bin/../lib/gcc/arm-none-eabi/9.3.1/../../../../arm-none-eabi/lib/thumb/v7e-m+fp/hard\libc_nano.a(lib_a-exit.o)
                              d:/stm32cubeide_1.5.0/stm32cubeide/plugins/com.st.stm32cube.ide.mcu.externaltools.gnu-tools-for-stm32.9-2020-q2-update.win32_1.5.0.202011040924/tools/bin/../lib/gcc/arm-none-eabi/9.3.1/../../../../arm-none-eabi/lib/thumb/v7e-m+fp/hard/crt0.o (exit)
d:/stm32cubeide_1.5.0/stm32cubeide/plugins/com.st.stm32cube.ide.mcu.externaltools.gnu-tools-for-stm32.9-2020-q2-update.win32_1.5.0.202011040924/tools/bin/../lib/gcc/arm-none-eabi/9.3.1/../../../../arm-none-eabi/lib/thumb/v7e-m+fp/hard\libc_nano.a(lib_a-impure.o)
                              d:/stm32cubeide_1.5.0/stm32cubeide/plugins/com.st.stm32cube.ide.mcu.externaltools.gnu-tools-for-stm32.9-2020-q2-update.win32_1.5.0.202011040924/tools/bin/../lib/gcc/arm-none-eabi/9.3.1/../../../../arm-none-eabi/lib/thumb/v7e-m+fp/hard\libc_nano.a(lib_a-exit.o) (_global_impure_ptr)
d:/stm32cubeide_1.5.0/stm32cubeide/plugins/com.st.stm32cube.ide.mcu.externaltools.gnu-tools-for-stm32.9-2020-q2-update.win32_1.5.0.202011040924/tools/bin/../lib/gcc/arm-none-eabi/9.3.1/../../../../arm-none-eabi/lib/thumb/v7e-m+fp/hard\libc_nano.a(lib_a-init.o)
                              d:/stm32cubeide_1.5.0/stm32cubeide/plugins/com.st.stm32cube.ide.mcu.externaltools.gnu-tools-for-stm32.9-2020-q2-update.win32_1.5.0.202011040924/tools/bin/../lib/gcc/arm-none-eabi/9.3.1/../../../../arm-none-eabi/lib/thumb/v7e-m+fp/hard/crt0.o (__libc_init_array)
d:/stm32cubeide_1.5.0/stm32cubeide/plugins/com.st.stm32cube.ide.mcu.externaltools.gnu-tools-for-stm32.9-2020-q2-update.win32_1.5.0.202011040924/tools/bin/../lib/gcc/arm-none-eabi/9.3.1/../../../../arm-none-eabi/lib/thumb/v7e-m+fp/hard\libc_nano.a(lib_a-memcpy-stub.o)
                              Middlewares/Third_Party/FreeRTOS/Source/queue.o (memcpy)
d:/stm32cubeide_1.5.0/stm32cubeide/plugins/com.st.stm32cube.ide.mcu.externaltools.gnu-tools-for-stm32.9-2020-q2-update.win32_1.5.0.202011040924/tools/bin/../lib/gcc/arm-none-eabi/9.3.1/../../../../arm-none-eabi/lib/thumb/v7e-m+fp/hard\libc_nano.a(lib_a-memset.o)
                              d:/stm32cubeide_1.5.0/stm32cubeide/plugins/com.st.stm32cube.ide.mcu.externaltools.gnu-tools-for-stm32.9-2020-q2-update.win32_1.5.0.202011040924/tools/bin/../lib/gcc/arm-none-eabi/9.3.1/../../../../arm-none-eabi/lib/thumb/v7e-m+fp/hard/crt0.o (memset)
d:/stm32cubeide_1.5.0/stm32cubeide/plugins/com.st.stm32cube.ide.mcu.externaltools.gnu-tools-for-stm32.9-2020-q2-update.win32_1.5.0.202011040924/tools/bin/../lib/gcc/arm-none-eabi/9.3.1/../../../../arm-none-eabi/lib/thumb/v7e-m+fp/hard\libc_nano.a(lib_a-sprintf.o)
                              Core/Src/file_functions.o (sprintf)
d:/stm32cubeide_1.5.0/stm32cubeide/plugins/com.st.stm32cube.ide.mcu.externaltools.gnu-tools-for-stm32.9-2020-q2-update.win32_1.5.0.202011040924/tools/bin/../lib/gcc/arm-none-eabi/9.3.1/../../../../arm-none-eabi/lib/thumb/v7e-m+fp/hard\libc_nano.a(lib_a-strlen.o)
                              Core/Src/file_functions.o (strlen)
d:/stm32cubeide_1.5.0/stm32cubeide/plugins/com.st.stm32cube.ide.mcu.externaltools.gnu-tools-for-stm32.9-2020-q2-update.win32_1.5.0.202011040924/tools/bin/../lib/gcc/arm-none-eabi/9.3.1/../../../../arm-none-eabi/lib/thumb/v7e-m+fp/hard\libc_nano.a(lib_a-nano-svfprintf.o)
                              d:/stm32cubeide_1.5.0/stm32cubeide/plugins/com.st.stm32cube.ide.mcu.externaltools.gnu-tools-for-stm32.9-2020-q2-update.win32_1.5.0.202011040924/tools/bin/../lib/gcc/arm-none-eabi/9.3.1/../../../../arm-none-eabi/lib/thumb/v7e-m+fp/hard\libc_nano.a(lib_a-sprintf.o) (_svfprintf_r)
d:/stm32cubeide_1.5.0/stm32cubeide/plugins/com.st.stm32cube.ide.mcu.externaltools.gnu-tools-for-stm32.9-2020-q2-update.win32_1.5.0.202011040924/tools/bin/../lib/gcc/arm-none-eabi/9.3.1/../../../../arm-none-eabi/lib/thumb/v7e-m+fp/hard\libc_nano.a(lib_a-nano-vfprintf_i.o)
                              d:/stm32cubeide_1.5.0/stm32cubeide/plugins/com.st.stm32cube.ide.mcu.externaltools.gnu-tools-for-stm32.9-2020-q2-update.win32_1.5.0.202011040924/tools/bin/../lib/gcc/arm-none-eabi/9.3.1/../../../../arm-none-eabi/lib/thumb/v7e-m+fp/hard\libc_nano.a(lib_a-nano-svfprintf.o) (_printf_i)
[...]
Memory Configuration

Name             Origin             Length             Attributes
RAM              0x0000000020000000 0x0000000000050000 xrw
FLASH            0x0000000008000000 0x0000000000100000 xr
*default*        0x0000000000000000 0xffffffffffffffff

Linker script and memory map

LOAD d:/stm32cubeide_1.5.0/stm32cubeide/plugins/com.st.stm32cube.ide.mcu.externaltools.gnu-tools-for-stm32.9-2020-q2-update.win32_1.5.0.202011040924/tools/bin/../lib/gcc/arm-none-eabi/9.3.1/thumb/v7e-m+fp/hard/crti.o
LOAD d:/stm32cubeide_1.5.0/stm32cubeide/plugins/com.st.stm32cube.ide.mcu.externaltools.gnu-tools-for-stm32.9-2020-q2-update.win32_1.5.0.202011040924/tools/bin/../lib/gcc/arm-none-eabi/9.3.1/thumb/v7e-m+fp/hard/crtbegin.o
LOAD d:/stm32cubeide_1.5.0/stm32cubeide/plugins/com.st.stm32cube.ide.mcu.externaltools.gnu-tools-for-stm32.9-2020-q2-update.win32_1.5.0.202011040924/tools/bin/../lib/gcc/arm-none-eabi/9.3.1/../../../../arm-none-eabi/lib/thumb/v7e-m+fp/hard/crt0.o
LOAD Core/Src/file_functions.o
LOAD Core/Src/freertos.o
LOAD Core/Src/ft5336.o
LOAD Core/Src/main.o
LOAD Core/Src/stm32746g_discovery.o
LOAD Core/Src/stm32746g_discovery_audio.o
LOAD Core/Src/stm32746g_discovery_lcd.o
LOAD Core/Src/stm32746g_discovery_sdram.o
LOAD Core/Src/stm32746g_discovery_ts.o
LOAD Core/Src/stm32f7xx_hal_msp.o
LOAD Core/Src/stm32f7xx_hal_timebase_tim.o
LOAD Core/Src/stm32f7xx_it.o
LOAD Core/Src/syscalls.o
LOAD Core/Src/sysmem.o
LOAD Core/Src/system_stm32f7xx.o
LOAD Core/Src/wm8994.o
LOAD Core/Startup/startup_stm32f746nghx.o
LOAD Drivers/STM32F7xx_HAL_Driver/Src/stm32f7xx_hal.o
LOAD Drivers/STM32F7xx_HAL_Driver/Src/stm32f7xx_hal_cortex.o
LOAD Drivers/STM32F7xx_HAL_Driver/Src/stm32f7xx_hal_dma.o
LOAD Drivers/STM32F7xx_HAL_Driver/Src/stm32f7xx_hal_dma2d.o
LOAD Drivers/STM32F7xx_HAL_Driver/Src/stm32f7xx_hal_dma_ex.o
LOAD Drivers/STM32F7xx_HAL_Driver/Src/stm32f7xx_hal_dsi.o
LOAD Drivers/STM32F7xx_HAL_Driver/Src/stm32f7xx_hal_exti.o
LOAD Drivers/STM32F7xx_HAL_Driver/Src/stm32f7xx_hal_flash.o
LOAD Drivers/STM32F7xx_HAL_Driver/Src/stm32f7xx_hal_flash_ex.o
LOAD Drivers/STM32F7xx_HAL_Driver/Src/stm32f7xx_hal_gpio.o
LOAD Drivers/STM32F7xx_HAL_Driver/Src/stm32f7xx_hal_i2c.o
LOAD Drivers/STM32F7xx_HAL_Driver/Src/stm32f7xx_hal_i2c_ex.o
LOAD Drivers/STM32F7xx_HAL_Driver/Src/stm32f7xx_hal_ltdc.o
LOAD Drivers/STM32F7xx_HAL_Driver/Src/stm32f7xx_hal_ltdc_ex.o
LOAD Drivers/STM32F7xx_HAL_Driver/Src/stm32f7xx_hal_pwr.o
LOAD Drivers/STM32F7xx_HAL_Driver/Src/stm32f7xx_hal_pwr_ex.o
LOAD Drivers/STM32F7xx_HAL_Driver/Src/stm32f7xx_hal_rcc.o
LOAD Drivers/STM32F7xx_HAL_Driver/Src/stm32f7xx_hal_rcc_ex.o
LOAD Drivers/STM32F7xx_HAL_Driver/Src/stm32f7xx_hal_sai.o
LOAD Drivers/STM32F7xx_HAL_Driver/Src/stm32f7xx_hal_sai_ex.o
LOAD Drivers/STM32F7xx_HAL_Driver/Src/stm32f7xx_hal_sd.o
LOAD Drivers/STM32F7xx_HAL_Driver/Src/stm32f7xx_hal_sdram.o
LOAD Drivers/STM32F7xx_HAL_Driver/Src/stm32f7xx_hal_tim.o
LOAD Drivers/STM32F7xx_HAL_Driver/Src/stm32f7xx_hal_tim_ex.o
LOAD Drivers/STM32F7xx_HAL_Driver/Src/stm32f7xx_hal_uart.o
LOAD Drivers/STM32F7xx_HAL_Driver/Src/stm32f7xx_hal_uart_ex.o
LOAD Drivers/STM32F7xx_HAL_Driver/Src/stm32f7xx_ll_fmc.o
LOAD Drivers/STM32F7xx_HAL_Driver/Src/stm32f7xx_ll_sdmmc.o
LOAD FATFS/App/fatfs.o
LOAD FATFS/Target/bsp_driver_sd.o
LOAD FATFS/Target/fatfs_platform.o
LOAD FATFS/Target/sd_diskio.o
LOAD Middlewares/Third_Party/FatFs/src/diskio.o
LOAD Middlewares/Third_Party/FatFs/src/ff.o
LOAD Middlewares/Third_Party/FatFs/src/ff_gen_drv.o
LOAD Middlewares/Third_Party/FatFs/src/option/syscall.o
LOAD Middlewares/Third_Party/FreeRTOS/Source/CMSIS_RTOS/cmsis_os.o
LOAD Middlewares/Third_Party/FreeRTOS/Source/croutine.o
LOAD Middlewares/Third_Party/FreeRTOS/Source/event_groups.o
LOAD Middlewares/Third_Party/FreeRTOS/Source/list.o
LOAD Middlewares/Third_Party/FreeRTOS/Source/queue.o
LOAD Middlewares/Third_Party/FreeRTOS/Source/stream_buffer.o
LOAD Middlewares/Third_Party/FreeRTOS/Source/tasks.o
LOAD Middlewares/Third_Party/FreeRTOS/Source/timers.o
LOAD Middlewares/Third_Party/FreeRTOS/Source/portable/GCC/ARM_CM7/r0p1/port.o
LOAD Middlewares/Third_Party/FreeRTOS/Source/portable/MemMang/heap_4.o
START GROUP
LOAD d:/stm32cubeide_1.5.0/stm32cubeide/plugins/com.st.stm32cube.ide.mcu.externaltools.gnu-tools-for-stm32.9-2020-q2-update.win32_1.5.0.202011040924/tools/bin/../lib/gcc/arm-none-eabi/9.3.1/../../../../arm-none-eabi/lib/thumb/v7e-m+fp/hard\libc_nano.a
LOAD d:/stm32cubeide_1.5.0/stm32cubeide/plugins/com.st.stm32cube.ide.mcu.externaltools.gnu-tools-for-stm32.9-2020-q2-update.win32_1.5.0.202011040924/tools/bin/../lib/gcc/arm-none-eabi/9.3.1/../../../../arm-none-eabi/lib/thumb/v7e-m+fp/hard\libm.a
END GROUP
START GROUP
LOAD d:/stm32cubeide_1.5.0/stm32cubeide/plugins/com.st.stm32cube.ide.mcu.externaltools.gnu-tools-for-stm32.9-2020-q2-update.win32_1.5.0.202011040924/tools/bin/../lib/gcc/arm-none-eabi/9.3.1/thumb/v7e-m+fp/hard\libgcc.a
LOAD d:/stm32cubeide_1.5.0/stm32cubeide/plugins/com.st.stm32cube.ide.mcu.externaltools.gnu-tools-for-stm32.9-2020-q2-update.win32_1.5.0.202011040924/tools/bin/../lib/gcc/arm-none-eabi/9.3.1/../../../../arm-none-eabi/lib/thumb/v7e-m+fp/hard\libc_nano.a
END GROUP
START GROUP
LOAD d:/stm32cubeide_1.5.0/stm32cubeide/plugins/com.st.stm32cube.ide.mcu.externaltools.gnu-tools-for-stm32.9-2020-q2-update.win32_1.5.0.202011040924/tools/bin/../lib/gcc/arm-none-eabi/9.3.1/thumb/v7e-m+fp/hard\libgcc.a
LOAD d:/stm32cubeide_1.5.0/stm32cubeide/plugins/com.st.stm32cube.ide.mcu.externaltools.gnu-tools-for-stm32.9-2020-q2-update.win32_1.5.0.202011040924/tools/bin/../lib/gcc/arm-none-eabi/9.3.1/../../../../arm-none-eabi/lib/thumb/v7e-m+fp/hard\libc_nano.a
LOAD d:/stm32cubeide_1.5.0/stm32cubeide/plugins/com.st.stm32cube.ide.mcu.externaltools.gnu-tools-for-stm32.9-2020-q2-update.win32_1.5.0.202011040924/tools/bin/../lib/gcc/arm-none-eabi/9.3.1/../../../../arm-none-eabi/lib/thumb/v7e-m+fp/hard\libnosys.a
END GROUP
START GROUP
LOAD d:/stm32cubeide_1.5.0/stm32cubeide/plugins/com.st.stm32cube.ide.mcu.externaltools.gnu-tools-for-stm32.9-2020-q2-update.win32_1.5.0.202011040924/tools/bin/../lib/gcc/arm-none-eabi/9.3.1/thumb/v7e-m+fp/hard\libgcc.a
LOAD d:/stm32cubeide_1.5.0/stm32cubeide/plugins/com.st.stm32cube.ide.mcu.externaltools.gnu-tools-for-stm32.9-2020-q2-update.win32_1.5.0.202011040924/tools/bin/../lib/gcc/arm-none-eabi/9.3.1/../../../../arm-none-eabi/lib/thumb/v7e-m+fp/hard\libc_nano.a
LOAD d:/stm32cubeide_1.5.0/stm32cubeide/plugins/com.st.stm32cube.ide.mcu.externaltools.gnu-tools-for-stm32.9-2020-q2-update.win32_1.5.0.202011040924/tools/bin/../lib/gcc/arm-none-eabi/9.3.1/../../../../arm-none-eabi/lib/thumb/v7e-m+fp/hard\libnosys.a
END GROUP
LOAD d:/stm32cubeide_1.5.0/stm32cubeide/plugins/com.st.stm32cube.ide.mcu.externaltools.gnu-tools-for-stm32.9-2020-q2-update.win32_1.5.0.202011040924/tools/bin/../lib/gcc/arm-none-eabi/9.3.1/thumb/v7e-m+fp/hard/crtend.o
LOAD d:/stm32cubeide_1.5.0/stm32cubeide/plugins/com.st.stm32cube.ide.mcu.externaltools.gnu-tools-for-stm32.9-2020-q2-update.win32_1.5.0.202011040924/tools/bin/../lib/gcc/arm-none-eabi/9.3.1/thumb/v7e-m+fp/hard/crtn.o
                0x0000000020050000                _estack = (ORIGIN (RAM) + LENGTH (RAM))
                0x0000000000000400                _Min_Heap_Size = 0x400
                0x0000000000000800                _Min_Stack_Size = 0x800

.isr_vector     0x0000000008000000      0x1c8
                0x0000000008000000                . = ALIGN (0x4)
 *(.isr_vector)
 .isr_vector    0x0000000008000000      0x1c8 Core/Startup/startup_stm32f746nghx.o
                0x0000000008000000                g_pfnVectors
                0x00000000080001c8                . = ALIGN (0x4)

.text           0x00000000080001d0    0x13af0
                0x00000000080001d0                . = ALIGN (0x4)
 *(.text)
 .text          0x00000000080001d0       0x40 d:/stm32cubeide_1.5.0/stm32cubeide/plugins/com.st.stm32cube.ide.mcu.externaltools.gnu-tools-for-stm32.9-2020-q2-update.win32_1.5.0.202011040924/tools/bin/../lib/gcc/arm-none-eabi/9.3.1/thumb/v7e-m+fp/hard/crtbegin.o
 .text          0x0000000008000210       0x10 d:/stm32cubeide_1.5.0/stm32cubeide/plugins/com.st.stm32cube.ide.mcu.externaltools.gnu-tools-for-stm32.9-2020-q2-update.win32_1.5.0.202011040924/tools/bin/../lib/gcc/arm-none-eabi/9.3.1/../../../../arm-none-eabi/lib/thumb/v7e-m+fp/hard\libc_nano.a(lib_a-strlen.o)
                0x0000000008000210                strlen
 .text          0x0000000008000220       0xa0 d:/stm32cubeide_1.5.0/stm32cubeide/plugins/com.st.stm32cube.ide.mcu.externaltools.gnu-tools-for-stm32.9-2020-q2-update.win32_1.5.0.202011040924/tools/bin/../lib/gcc/arm-none-eabi/9.3.1/../../../../arm-none-eabi/lib/thumb/v7e-m+fp/hard\libc_nano.a(lib_a-memchr.o)
                0x0000000008000220                memchr
 .text          0x00000000080002c0       0x30 d:/stm32cubeide_1.5.0/stm32cubeide/plugins/com.st.stm32cube.ide.mcu.externaltools.gnu-tools-for-stm32.9-2020-q2-update.win32_1.5.0.202011040924/tools/bin/../lib/gcc/arm-none-eabi/9.3.1/thumb/v7e-m+fp/hard\libgcc.a(_aeabi_uldivmod.o)
                0x00000000080002c0                __aeabi_uldivmod
 .text          0x00000000080002f0      0x2c4 d:/stm32cubeide_1.5.0/stm32cubeide/plugins/com.st.stm32cube.ide.mcu.externaltools.gnu-tools-for-stm32.9-2020-q2-update.win32_1.5.0.202011040924/tools/bin/../lib/gcc/arm-none-eabi/9.3.1/thumb/v7e-m+fp/hard\libgcc.a(_udivmoddi4.o)
                0x00000000080002f0                __udivmoddi4
 .text          0x00000000080005b4        0x4 d:/stm32cubeide_1.5.0/stm32cubeide/plugins/com.st.stm32cube.ide.mcu.externaltools.gnu-tools-for-stm32.9-2020-q2-update.win32_1.5.0.202011040924/tools/bin/../lib/gcc/arm-none-eabi/9.3.1/thumb/v7e-m+fp/hard\libgcc.a(_dvmd_tls.o)
                0x00000000080005b4                __aeabi_idiv0
                0x00000000080005b4                __aeabi_ldiv0
 *(.text*)
 .text.uint32toArray
                0x00000000080005b8       0x42 Core/Src/file_functions.o
                0x00000000080005b8                uint32toArray
 .text.uint16toArray
                0x00000000080005fa       0x2a Core/Src/file_functions.o
                0x00000000080005fa                uint16toArray
 .text.CreateWaveFile
                0x0000000008000624      0x1d8 Core/Src/file_functions.o
                0x0000000008000624                CreateWaveFile
 .text.AddData  0x00000000080007fc       0x98 Core/Src/file_functions.o
                0x00000000080007fc                AddData
 .text.vApplicationIdleHook
                0x0000000008000894        0xe Core/Src/freertos.o
                0x0000000008000894                vApplicationIdleHook
 .text.vApplicationStackOverflowHook
                0x00000000080008a2       0x16 Core/Src/freertos.o
                0x00000000080008a2                vApplicationStackOverflowHook
 .text.vApplicationMallocFailedHook
                0x00000000080008b8        0xe Core/Src/freertos.o
                0x00000000080008b8                vApplicationMallocFailedHook
 *fill*         0x00000000080008c6        0x2 
 .text.vApplicationGetIdleTaskMemory
                0x00000000080008c8       0x34 Core/Src/freertos.o
                0x00000000080008c8                vApplicationGetIdleTaskMemory
 .text.ft5336_Init
                0x00000000080008fc       0x1c Core/Src/ft5336.o
                0x00000000080008fc                ft5336_Init
 .text.ft5336_Reset
                0x0000000008000918       0x16 Core/Src/ft5336.o
                0x0000000008000918                ft5336_Reset
 .text.ft5336_ReadID
                0x000000000800092e       0x5c Core/Src/ft5336.o
                0x000000000800092e                ft5336_ReadID
 .text.ft5336_TS_Start
                0x000000000800098a       0x22 Core/Src/ft5336.o
                0x000000000800098a                ft5336_TS_Start
 .text.ft5336_TS_DetectTouch
                0x00000000080009ac       0x54 Core/Src/ft5336.o
                0x00000000080009ac                ft5336_TS_DetectTouch
 .text.ft5336_TS_GetXY
                0x0000000008000a00      0x1e0 Core/Src/ft5336.o
                0x0000000008000a00                ft5336_TS_GetXY
 .text.ft5336_TS_EnableIT
                0x0000000008000be0       0x28 Core/Src/ft5336.o
                0x0000000008000be0                ft5336_TS_EnableIT
 .text.ft5336_TS_DisableIT
                0x0000000008000c08       0x28 Core/Src/ft5336.o
                0x0000000008000c08                ft5336_TS_DisableIT
 .text.ft5336_TS_ITStatus
                0x0000000008000c30       0x18 Core/Src/ft5336.o
                0x0000000008000c30                ft5336_TS_ITStatus
 .text.ft5336_TS_ClearIT
                0x0000000008000c48       0x16 Core/Src/ft5336.o
                0x0000000008000c48                ft5336_TS_ClearIT
 *fill*         0x0000000008000c5e        0x2 
 .text.ft5336_Get_I2C_InitializedStatus
                0x0000000008000c60       0x18 Core/Src/ft5336.o
 .text.ft5336_I2C_InitializeIfRequired
                0x0000000008000c78       0x20 Core/Src/ft5336.o
 .text.ft5336_TS_Configure
                0x0000000008000c98       0x1c Core/Src/ft5336.o
 .text.SCB_EnableICache
                0x0000000008000cb4       0x4c Core/Src/main.o
 .text.SCB_EnableDCache
                0x0000000008000d00       0x88 Core/Src/main.o
 .text.RL_sep   0x0000000008000d88       0x80 Core/Src/main.o
                0x0000000008000d88                RL_sep
 .text.treatment
                0x0000000008000e08       0x54 Core/Src/main.o
                0x0000000008000e08                treatment
 .text.RL_cat2  0x0000000008000e5c       0x7c Core/Src/main.o
                0x0000000008000e5c                RL_cat2
 .text.main     0x0000000008000ed8      0x1b0 Core/Src/main.o
                0x0000000008000ed8                main
 .text.SystemClock_Config
                0x0000000008001088      0x154 Core/Src/main.o
                0x0000000008001088                SystemClock_Config
 .text.MX_DMA2D_Init
                0x00000000080011dc       0x64 Core/Src/main.o
 .text.MX_LTDC_Init
                0x0000000008001240      0x104 Core/Src/main.o
 .text.MX_SAI2_Init
                0x0000000008001344      0x150 Core/Src/main.o
 .text.MX_SDMMC1_SD_Init
                0x0000000008001494       0x40 Core/Src/main.o
 .text.MX_USART1_UART_Init
                0x00000000080014d4       0x60 Core/Src/main.o
 .text.MX_DMA_Init
                0x0000000008001534       0x6c Core/Src/main.o
 .text.MX_FMC_Init
                0x00000000080015a0       0x9c Core/Src/main.o
 .text.MX_GPIO_Init
                0x000000000800163c      0x6e4 Core/Src/main.o
 .text.BSP_AUDIO_IN_TransferComplete_CallBack
                0x0000000008001d20       0x18 Core/Src/main.o
                0x0000000008001d20                BSP_AUDIO_IN_TransferComplete_CallBack
 .text.BSP_AUDIO_IN_HalfTransfer_CallBack
                0x0000000008001d38       0x18 Core/Src/main.o
                0x0000000008001d38                BSP_AUDIO_IN_HalfTransfer_CallBack
 .text.StartDefaultTask
                0x0000000008001d50       0x10 Core/Src/main.o
                0x0000000008001d50                StartDefaultTask
 .text.SDTask   0x0000000008001d60      0x168 Core/Src/main.o
                0x0000000008001d60                SDTask
 .text.AudioTask
                0x0000000008001ec8       0xec Core/Src/main.o
                0x0000000008001ec8                AudioTask
 .text.HAL_TIM_PeriodElapsedCallback
                0x0000000008001fb4       0x24 Core/Src/main.o
                0x0000000008001fb4                HAL_TIM_PeriodElapsedCallback
 .text.Error_Handler
                0x0000000008001fd8        0xa Core/Src/main.o
                0x0000000008001fd8                Error_Handler
 *fill*         0x0000000008001fe2        0x2 
 .text.I2Cx_MspInit
                0x0000000008001fe4      0x160 Core/Src/stm32746g_discovery.o
 .text.I2Cx_Init
                0x0000000008002144       0x78 Core/Src/stm32746g_discovery.o
 .text.I2Cx_ReadMultiple
                0x00000000080021bc       0x5a Core/Src/stm32746g_discovery.o
 .text.I2Cx_WriteMultiple
                0x0000000008002216       0x5a Core/Src/stm32746g_discovery.o
 .text.I2Cx_Error
                0x0000000008002270       0x20 Core/Src/stm32746g_discovery.o
 .text.AUDIO_IO_Init
                0x0000000008002290       0x14 Core/Src/stm32746g_discovery.o
                0x0000000008002290                AUDIO_IO_Init
 .text.AUDIO_IO_DeInit
                0x00000000080022a4        0xe Core/Src/stm32746g_discovery.o
                0x00000000080022a4                AUDIO_IO_DeInit
 *fill*         0x00000000080022b2        0x2 
 .text.AUDIO_IO_Write
                0x00000000080022b4       0x54 Core/Src/stm32746g_discovery.o
                0x00000000080022b4                AUDIO_IO_Write
 .text.AUDIO_IO_Read
                0x0000000008002308       0x58 Core/Src/stm32746g_discovery.o
                0x0000000008002308                AUDIO_IO_Read
 .text.AUDIO_IO_Delay
                0x0000000008002360       0x16 Core/Src/stm32746g_discovery.o
                0x0000000008002360                AUDIO_IO_Delay
 *fill*         0x0000000008002376        0x2 
 .text.TS_IO_Init
                0x0000000008002378       0x14 Core/Src/stm32746g_discovery.o
                0x0000000008002378                TS_IO_Init
 .text.TS_IO_Write
                0x000000000800238c       0x34 Core/Src/stm32746g_discovery.o
                0x000000000800238c                TS_IO_Write
 .text.TS_IO_Read
                0x00000000080023c0       0x3c Core/Src/stm32746g_discovery.o
                0x00000000080023c0                TS_IO_Read
 .text.TS_IO_Delay
                0x00000000080023fc       0x16 Core/Src/stm32746g_discovery.o
                0x00000000080023fc                TS_IO_Delay
 *fill*         0x0000000008002412        0x2 
 .text.BSP_AUDIO_OUT_Play
                0x0000000008002414       0x54 Core/Src/stm32746g_discovery_audio.o
                0x0000000008002414                BSP_AUDIO_OUT_Play
 .text.BSP_AUDIO_OUT_SetAudioFrameSlot
                0x0000000008002468       0x40 Core/Src/stm32746g_discovery_audio.o
                0x0000000008002468                BSP_AUDIO_OUT_SetAudioFrameSlot
 .text.HAL_SAI_TxCpltCallback
                0x00000000080024a8       0x14 Core/Src/stm32746g_discovery_audio.o
                0x00000000080024a8                HAL_SAI_TxCpltCallback
 .text.HAL_SAI_TxHalfCpltCallback
                0x00000000080024bc       0x14 Core/Src/stm32746g_discovery_audio.o
                0x00000000080024bc                HAL_SAI_TxHalfCpltCallback
 .text.HAL_SAI_ErrorCallback
                0x00000000080024d0       0x4c Core/Src/stm32746g_discovery_audio.o
                0x00000000080024d0                HAL_SAI_ErrorCallback
 .text.BSP_AUDIO_OUT_TransferComplete_CallBack
                0x000000000800251c        0xe Core/Src/stm32746g_discovery_audio.o
                0x000000000800251c                BSP_AUDIO_OUT_TransferComplete_CallBack
 .text.BSP_AUDIO_OUT_HalfTransfer_CallBack
                0x000000000800252a        0xe Core/Src/stm32746g_discovery_audio.o
                0x000000000800252a                BSP_AUDIO_OUT_HalfTransfer_CallBack
 .text.BSP_AUDIO_OUT_Error_CallBack
                0x0000000008002538        0xe Core/Src/stm32746g_discovery_audio.o
                0x0000000008002538                BSP_AUDIO_OUT_Error_CallBack
 *fill*         0x0000000008002546        0x2 
 .text.BSP_AUDIO_OUT_MspInit
                0x0000000008002548      0x1ac Core/Src/stm32746g_discovery_audio.o
                0x0000000008002548                BSP_AUDIO_OUT_MspInit
 .text.BSP_AUDIO_OUT_ClockConfig
                0x00000000080026f4       0x88 Core/Src/stm32746g_discovery_audio.o
                0x00000000080026f4                BSP_AUDIO_OUT_ClockConfig
 .text.SAIx_Out_DeInit
                0x000000000800277c       0x2c Core/Src/stm32746g_discovery_audio.o
 .text.BSP_AUDIO_IN_OUT_Init
                0x00000000080027a8       0xf4 Core/Src/stm32746g_discovery_audio.o
                0x00000000080027a8                BSP_AUDIO_IN_OUT_Init
 .text.BSP_AUDIO_IN_Record
                0x000000000800289c       0x30 Core/Src/stm32746g_discovery_audio.o
                0x000000000800289c                BSP_AUDIO_IN_Record
 .text.BSP_AUDIO_IN_SetVolume
                0x00000000080028cc       0x3c Core/Src/stm32746g_discovery_audio.o
                0x00000000080028cc                BSP_AUDIO_IN_SetVolume
 .text.HAL_SAI_RxCpltCallback
                0x0000000008002908       0x14 Core/Src/stm32746g_discovery_audio.o
                0x0000000008002908                HAL_SAI_RxCpltCallback
 .text.HAL_SAI_RxHalfCpltCallback
                0x000000000800291c       0x14 Core/Src/stm32746g_discovery_audio.o
                0x000000000800291c                HAL_SAI_RxHalfCpltCallback
 .text.BSP_AUDIO_IN_Error_CallBack
                0x0000000008002930        0xe Core/Src/stm32746g_discovery_audio.o
                0x0000000008002930                BSP_AUDIO_IN_Error_CallBack
 *fill*         0x000000000800293e        0x2 
 .text.BSP_AUDIO_IN_MspInit
                0x0000000008002940      0x164 Core/Src/stm32746g_discovery_audio.o
                0x0000000008002940                BSP_AUDIO_IN_MspInit
 .text.SAIx_In_Init
                0x0000000008002aa4      0x16c Core/Src/stm32746g_discovery_audio.o
 .text.SAIx_In_DeInit
                0x0000000008002c10       0x2c Core/Src/stm32746g_discovery_audio.o
 .text.BSP_LCD_Init
                0x0000000008002c3c       0xe0 Core/Src/stm32746g_discovery_lcd.o
                0x0000000008002c3c                BSP_LCD_Init
 .text.BSP_LCD_GetXSize
                0x0000000008002d1c       0x28 Core/Src/stm32746g_discovery_lcd.o
                0x0000000008002d1c                BSP_LCD_GetXSize
 .text.BSP_LCD_GetYSize
                0x0000000008002d44       0x28 Core/Src/stm32746g_discovery_lcd.o
                0x0000000008002d44                BSP_LCD_GetYSize
 .text.BSP_LCD_LayerDefaultInit
                0x0000000008002d6c       0xc0 Core/Src/stm32746g_discovery_lcd.o
                0x0000000008002d6c                BSP_LCD_LayerDefaultInit
 .text.BSP_LCD_SelectLayer
                0x0000000008002e2c       0x20 Core/Src/stm32746g_discovery_lcd.o
                0x0000000008002e2c                BSP_LCD_SelectLayer
 .text.BSP_LCD_SetTextColor
                0x0000000008002e4c       0x30 Core/Src/stm32746g_discovery_lcd.o
                0x0000000008002e4c                BSP_LCD_SetTextColor
 .text.BSP_LCD_SetBackColor
                0x0000000008002e7c       0x34 Core/Src/stm32746g_discovery_lcd.o
                0x0000000008002e7c                BSP_LCD_SetBackColor
 .text.BSP_LCD_SetFont
                0x0000000008002eb0       0x34 Core/Src/stm32746g_discovery_lcd.o
                0x0000000008002eb0                BSP_LCD_SetFont
 .text.BSP_LCD_Clear
                0x0000000008002ee4       0x50 Core/Src/stm32746g_discovery_lcd.o
                0x0000000008002ee4                BSP_LCD_Clear
 .text.BSP_LCD_DisplayChar
                0x0000000008002f34       0x88 Core/Src/stm32746g_discovery_lcd.o
                0x0000000008002f34                BSP_LCD_DisplayChar
 .text.BSP_LCD_DisplayStringAt
                0x0000000008002fbc      0x190 Core/Src/stm32746g_discovery_lcd.o
                0x0000000008002fbc                BSP_LCD_DisplayStringAt
 .text.BSP_LCD_DrawPixel
                0x000000000800314c       0x90 Core/Src/stm32746g_discovery_lcd.o
                0x000000000800314c                BSP_LCD_DrawPixel
 .text.BSP_LCD_DisplayOn
                0x00000000080031dc       0x3c Core/Src/stm32746g_discovery_lcd.o
                0x00000000080031dc                BSP_LCD_DisplayOn
 .text.BSP_LCD_MspInit
                0x0000000008003218      0x1b4 Core/Src/stm32746g_discovery_lcd.o
                0x0000000008003218                BSP_LCD_MspInit
 .text.BSP_LCD_ClockConfig
                0x00000000080033cc       0x38 Core/Src/stm32746g_discovery_lcd.o
                0x00000000080033cc                BSP_LCD_ClockConfig
 .text.DrawChar
                0x0000000008003404      0x170 Core/Src/stm32746g_discovery_lcd.o
 .text.LL_FillBuffer
                0x0000000008003574       0x98 Core/Src/stm32746g_discovery_lcd.o
 .text.BSP_SDRAM_Init
                0x000000000800360c       0xbc Core/Src/stm32746g_discovery_sdram.o
                0x000000000800360c                BSP_SDRAM_Init
 .text.BSP_SDRAM_Initialization_sequence
                0x00000000080036c8       0xc0 Core/Src/stm32746g_discovery_sdram.o
                0x00000000080036c8                BSP_SDRAM_Initialization_sequence
 .text.BSP_SDRAM_MspInit
                0x0000000008003788      0x1f0 Core/Src/stm32746g_discovery_sdram.o
                0x0000000008003788                BSP_SDRAM_MspInit
 .text.BSP_TS_Init
                0x0000000008003978       0x80 Core/Src/stm32746g_discovery_ts.o
                0x0000000008003978                BSP_TS_Init
 .text.HAL_MspInit
                0x00000000080039f8       0x50 Core/Src/stm32f7xx_hal_msp.o
                0x00000000080039f8                HAL_MspInit
 .text.HAL_DMA2D_MspInit
                0x0000000008003a48       0x40 Core/Src/stm32f7xx_hal_msp.o
                0x0000000008003a48                HAL_DMA2D_MspInit
 .text.HAL_LTDC_MspInit
                0x0000000008003a88      0x190 Core/Src/stm32f7xx_hal_msp.o
                0x0000000008003a88                HAL_LTDC_MspInit
 .text.HAL_SD_MspInit
                0x0000000008003c18      0x1d4 Core/Src/stm32f7xx_hal_msp.o
                0x0000000008003c18                HAL_SD_MspInit
 .text.HAL_UART_MspInit
                0x0000000008003dec       0xc4 Core/Src/stm32f7xx_hal_msp.o
                0x0000000008003dec                HAL_UART_MspInit
 .text.HAL_FMC_MspInit
                0x0000000008003eb0      0x120 Core/Src/stm32f7xx_hal_msp.o
 .text.HAL_SDRAM_MspInit
                0x0000000008003fd0       0x14 Core/Src/stm32f7xx_hal_msp.o
                0x0000000008003fd0                HAL_SDRAM_MspInit
 .text.HAL_SAI_MspInit
                0x0000000008003fe4      0x1bc Core/Src/stm32f7xx_hal_msp.o
                0x0000000008003fe4                HAL_SAI_MspInit
 .text.HAL_SAI_MspDeInit
                0x00000000080041a0       0xb4 Core/Src/stm32f7xx_hal_msp.o
                0x00000000080041a0                HAL_SAI_MspDeInit
 .text.HAL_InitTick
                0x0000000008004254       0xb0 Core/Src/stm32f7xx_hal_timebase_tim.o
                0x0000000008004254                HAL_InitTick
 .text.NMI_Handler
                0x0000000008004304        0x6 Core/Src/stm32f7xx_it.o
                0x0000000008004304                NMI_Handler
 .text.HardFault_Handler
                0x000000000800430a        0x6 Core/Src/stm32f7xx_it.o
                0x000000000800430a                HardFault_Handler
 .text.MemManage_Handler
                0x0000000008004310        0x6 Core/Src/stm32f7xx_it.o
                0x0000000008004310                MemManage_Handler
 .text.BusFault_Handler
                0x0000000008004316        0x6 Core/Src/stm32f7xx_it.o
                0x0000000008004316                BusFault_Handler
 .text.UsageFault_Handler
                0x000000000800431c        0x6 Core/Src/stm32f7xx_it.o
                0x000000000800431c                UsageFault_Handler
 .text.DebugMon_Handler
                0x0000000008004322        0xe Core/Src/stm32f7xx_it.o
                0x0000000008004322                DebugMon_Handler
 .text.SDMMC1_IRQHandler
                0x0000000008004330       0x14 Core/Src/stm32f7xx_it.o
                0x0000000008004330                SDMMC1_IRQHandler
 .text.TIM6_DAC_IRQHandler
                0x0000000008004344       0x14 Core/Src/stm32f7xx_it.o
                0x0000000008004344                TIM6_DAC_IRQHandler
 .text.DMA2_Stream3_IRQHandler
                0x0000000008004358       0x14 Core/Src/stm32f7xx_it.o
                0x0000000008004358                DMA2_Stream3_IRQHandler
 .text.DMA2_Stream4_IRQHandler
                0x000000000800436c       0x14 Core/Src/stm32f7xx_it.o
                0x000000000800436c                DMA2_Stream4_IRQHandler
 .text.DMA2_Stream6_IRQHandler
                0x0000000008004380       0x14 Core/Src/stm32f7xx_it.o
                0x0000000008004380                DMA2_Stream6_IRQHandler
 .text.DMA2_Stream7_IRQHandler
                0x0000000008004394       0x14 Core/Src/stm32f7xx_it.o
                0x0000000008004394                DMA2_Stream7_IRQHandler
 .text.LTDC_IRQHandler
                0x00000000080043a8       0x14 Core/Src/stm32f7xx_it.o
                0x00000000080043a8                LTDC_IRQHandler
 .text._sbrk    0x00000000080043bc       0x6c Core/Src/sysmem.o
                0x00000000080043bc                _sbrk
 .text.SystemInit
                0x0000000008004428       0x24 Core/Src/system_stm32f7xx.o
                0x0000000008004428                SystemInit
 .text.wm8994_Init
                0x000000000800444c      0xd78 Core/Src/wm8994.o
                0x000000000800444c                wm8994_Init
 .text.wm8994_DeInit
                0x00000000080051c4        0xc Core/Src/wm8994.o
                0x00000000080051c4                wm8994_DeInit
 .text.wm8994_ReadID
                0x00000000080051d0       0x24 Core/Src/wm8994.o
                0x00000000080051d0                wm8994_ReadID
 .text.wm8994_Play
                0x00000000080051f4       0x30 Core/Src/wm8994.o
                0x00000000080051f4                wm8994_Play
 .text.wm8994_Pause
                0x0000000008005224       0x42 Core/Src/wm8994.o
                0x0000000008005224                wm8994_Pause
 .text.wm8994_Resume
                0x0000000008005266       0x2a Core/Src/wm8994.o
                0x0000000008005266                wm8994_Resume
 .text.wm8994_Stop
                0x0000000008005290       0xdc Core/Src/wm8994.o
                0x0000000008005290                wm8994_Stop
 .text.wm8994_SetVolume
                0x000000000800536c      0x248 Core/Src/wm8994.o
                0x000000000800536c                wm8994_SetVolume
 .text.wm8994_SetMute
                0x00000000080055b4       0x9c Core/Src/wm8994.o
                0x00000000080055b4                wm8994_SetMute
 .text.wm8994_SetOutputMode
                0x0000000008005650      0x246 Core/Src/wm8994.o
                0x0000000008005650                wm8994_SetOutputMode
 *fill*         0x0000000008005896        0x2 
 .text.wm8994_SetFrequency
                0x0000000008005898      0x1a8 Core/Src/wm8994.o
                0x0000000008005898                wm8994_SetFrequency
 .text.wm8994_Reset
                0x0000000008005a40       0x40 Core/Src/wm8994.o
                0x0000000008005a40                wm8994_Reset
 .text.CODEC_IO_Write
                0x0000000008005a80       0x2e Core/Src/wm8994.o
 *fill*         0x0000000008005aae        0x2 
 .text.Reset_Handler
                0x0000000008005ab0       0x50 Core/Startup/startup_stm32f746nghx.o
                0x0000000008005ab0                Reset_Handler
 .text.Default_Handler
                0x0000000008005b00        0x2 Core/Startup/startup_stm32f746nghx.o
                0x0000000008005b00                RTC_Alarm_IRQHandler
                0x0000000008005b00                EXTI2_IRQHandler
                0x0000000008005b00                TIM8_CC_IRQHandler
                0x0000000008005b00                UART8_IRQHandler
                0x0000000008005b00                SPI4_IRQHandler
                0x0000000008005b00                TIM1_CC_IRQHandler
                0x0000000008005b00                DMA2_Stream5_IRQHandler
                0x0000000008005b00                DMA1_Stream5_IRQHandler
                0x0000000008005b00                PVD_IRQHandler
                0x0000000008005b00                TAMP_STAMP_IRQHandler
                0x0000000008005b00                CAN2_RX1_IRQHandler
                0x0000000008005b00                EXTI3_IRQHandler
                0x0000000008005b00                TIM8_TRG_COM_TIM14_IRQHandler
                0x0000000008005b00                TIM1_UP_TIM10_IRQHandler
                0x0000000008005b00                TIM8_UP_TIM13_IRQHandler
                0x0000000008005b00                I2C3_ER_IRQHandler
                0x0000000008005b00                EXTI0_IRQHandler
                0x0000000008005b00                I2C2_EV_IRQHandler
                0x0000000008005b00                DMA1_Stream2_IRQHandler
                0x0000000008005b00                CAN1_RX0_IRQHandler
                0x0000000008005b00                FPU_IRQHandler
                0x0000000008005b00                OTG_HS_WKUP_IRQHandler
                0x0000000008005b00                LTDC_ER_IRQHandler
                0x0000000008005b00                CAN2_SCE_IRQHandler
                0x0000000008005b00                DMA2_Stream2_IRQHandler
                0x0000000008005b00                SPI1_IRQHandler
                0x0000000008005b00                TIM1_BRK_TIM9_IRQHandler
                0x0000000008005b00                DCMI_IRQHandler
                0x0000000008005b00                CAN2_RX0_IRQHandler
                0x0000000008005b00                SAI2_IRQHandler
                0x0000000008005b00                USART6_IRQHandler
                0x0000000008005b00                USART3_IRQHandler
                0x0000000008005b00                CAN1_RX1_IRQHandler
                0x0000000008005b00                UART5_IRQHandler
                0x0000000008005b00                DMA2_Stream0_IRQHandler
                0x0000000008005b00                TIM4_IRQHandler
                0x0000000008005b00                QUADSPI_IRQHandler
                0x0000000008005b00                I2C1_EV_IRQHandler
                0x0000000008005b00                DMA1_Stream6_IRQHandler
                0x0000000008005b00                DMA1_Stream1_IRQHandler
                0x0000000008005b00                UART4_IRQHandler
                0x0000000008005b00                TIM3_IRQHandler
                0x0000000008005b00                RCC_IRQHandler
                0x0000000008005b00                TIM8_BRK_TIM12_IRQHandler
                0x0000000008005b00                Default_Handler
                0x0000000008005b00                CEC_IRQHandler
                0x0000000008005b00                EXTI15_10_IRQHandler
                0x0000000008005b00                ADC_IRQHandler
                0x0000000008005b00                DMA1_Stream7_IRQHandler
                0x0000000008005b00                SPI5_IRQHandler
                0x0000000008005b00                TIM7_IRQHandler
                0x0000000008005b00                CAN2_TX_IRQHandler
                0x0000000008005b00                TIM5_IRQHandler
                0x0000000008005b00                I2C3_EV_IRQHandler
                0x0000000008005b00                EXTI9_5_IRQHandler
                0x0000000008005b00                RTC_WKUP_IRQHandler
                0x0000000008005b00                ETH_WKUP_IRQHandler
                0x0000000008005b00                SPDIF_RX_IRQHandler
                0x0000000008005b00                SPI2_IRQHandler
                0x0000000008005b00                OTG_HS_EP1_IN_IRQHandler
                0x0000000008005b00                DMA1_Stream0_IRQHandler
                0x0000000008005b00                CAN1_TX_IRQHandler
                0x0000000008005b00                EXTI4_IRQHandler
                0x0000000008005b00                RNG_IRQHandler
                0x0000000008005b00                ETH_IRQHandler
                0x0000000008005b00                OTG_HS_EP1_OUT_IRQHandler
                0x0000000008005b00                WWDG_IRQHandler
                0x0000000008005b00                SPI6_IRQHandler
                0x0000000008005b00                I2C4_EV_IRQHandler
                0x0000000008005b00                TIM2_IRQHandler
                0x0000000008005b00                OTG_FS_WKUP_IRQHandler
                0x0000000008005b00                TIM1_TRG_COM_TIM11_IRQHandler
                0x0000000008005b00                OTG_HS_IRQHandler
                0x0000000008005b00                DMA2D_IRQHandler
                0x0000000008005b00                EXTI1_IRQHandler
                0x0000000008005b00                UART7_IRQHandler
                0x0000000008005b00                USART2_IRQHandler
                0x0000000008005b00                I2C2_ER_IRQHandler
                0x0000000008005b00                DMA2_Stream1_IRQHandler
                0x0000000008005b00                CAN1_SCE_IRQHandler
                0x0000000008005b00                FLASH_IRQHandler
                0x0000000008005b00                USART1_IRQHandler
                0x0000000008005b00                OTG_FS_IRQHandler
                0x0000000008005b00                SPI3_IRQHandler
                0x0000000008005b00                DMA1_Stream4_IRQHandler
                0x0000000008005b00                I2C1_ER_IRQHandler
                0x0000000008005b00                FMC_IRQHandler
                0x0000000008005b00                LPTIM1_IRQHandler
                0x0000000008005b00                I2C4_ER_IRQHandler
                0x0000000008005b00                SAI1_IRQHandler
                0x0000000008005b00                DMA1_Stream3_IRQHandler
 *fill*         0x0000000008005b02        0x2 
 .text.HAL_Init
                0x0000000008005b04       0x2c Drivers/STM32F7xx_HAL_Driver/Src/stm32f7xx_hal.o
                0x0000000008005b04                HAL_Init
 .text.HAL_IncTick
                0x0000000008005b30       0x28 Drivers/STM32F7xx_HAL_Driver/Src/stm32f7xx_hal.o
                0x0000000008005b30                HAL_IncTick
 .text.HAL_GetTick
                0x0000000008005b58       0x18 Drivers/STM32F7xx_HAL_Driver/Src/stm32f7xx_hal.o
                0x0000000008005b58                HAL_GetTick
 .text.HAL_Delay
                0x0000000008005b70       0x48 Drivers/STM32F7xx_HAL_Driver/Src/stm32f7xx_hal.o
                0x0000000008005b70                HAL_Delay
 .text.__NVIC_SetPriorityGrouping
                0x0000000008005bb8       0x48 Drivers/STM32F7xx_HAL_Driver/Src/stm32f7xx_hal_cortex.o
 .text.__NVIC_GetPriorityGrouping
                0x0000000008005c00       0x1c Drivers/STM32F7xx_HAL_Driver/Src/stm32f7xx_hal_cortex.o
 .text.__NVIC_EnableIRQ
                0x0000000008005c1c       0x3c Drivers/STM32F7xx_HAL_Driver/Src/stm32f7xx_hal_cortex.o
 .text.__NVIC_SetPriority
                0x0000000008005c58       0x54 Drivers/STM32F7xx_HAL_Driver/Src/stm32f7xx_hal_cortex.o
 .text.NVIC_EncodePriority
                0x0000000008005cac       0x66 Drivers/STM32F7xx_HAL_Driver/Src/stm32f7xx_hal_cortex.o
 .text.HAL_NVIC_SetPriorityGrouping
                0x0000000008005d12       0x16 Drivers/STM32F7xx_HAL_Driver/Src/stm32f7xx_hal_cortex.o
                0x0000000008005d12                HAL_NVIC_SetPriorityGrouping
 .text.HAL_NVIC_SetPriority
                0x0000000008005d28       0x38 Drivers/STM32F7xx_HAL_Driver/Src/stm32f7xx_hal_cortex.o
                0x0000000008005d28                HAL_NVIC_SetPriority
 .text.HAL_NVIC_EnableIRQ
                0x0000000008005d60       0x1c Drivers/STM32F7xx_HAL_Driver/Src/stm32f7xx_hal_cortex.o
                0x0000000008005d60                HAL_NVIC_EnableIRQ
 .text.HAL_DMA_Init
                0x0000000008005d7c      0x15c Drivers/STM32F7xx_HAL_Driver/Src/stm32f7xx_hal_dma.o
                0x0000000008005d7c                HAL_DMA_Init
 .text.HAL_DMA_DeInit
                0x0000000008005ed8       0xbc Drivers/STM32F7xx_HAL_Driver/Src/stm32f7xx_hal_dma.o
                0x0000000008005ed8                HAL_DMA_DeInit
 .text.HAL_DMA_Start_IT
                0x0000000008005f94       0xc0 Drivers/STM32F7xx_HAL_Driver/Src/stm32f7xx_hal_dma.o
                0x0000000008005f94                HAL_DMA_Start_IT
 .text.HAL_DMA_Abort_IT
                0x0000000008006054       0x44 Drivers/STM32F7xx_HAL_Driver/Src/stm32f7xx_hal_dma.o
                0x0000000008006054                HAL_DMA_Abort_IT
 .text.HAL_DMA_IRQHandler
                0x0000000008006098      0x314 Drivers/STM32F7xx_HAL_Driver/Src/stm32f7xx_hal_dma.o
                0x0000000008006098                HAL_DMA_IRQHandler
 .text.HAL_DMA_GetError
                0x00000000080063ac       0x18 Drivers/STM32F7xx_HAL_Driver/Src/stm32f7xx_hal_dma.o
                0x00000000080063ac                HAL_DMA_GetError
 .text.DMA_SetConfig
                0x00000000080063c4       0x5c Drivers/STM32F7xx_HAL_Driver/Src/stm32f7xx_hal_dma.o
 .text.DMA_CalcBaseAndBitshift
                0x0000000008006420       0x6c Drivers/STM32F7xx_HAL_Driver/Src/stm32f7xx_hal_dma.o
 .text.DMA_CheckFifoParam
                0x000000000800648c       0xf8 Drivers/STM32F7xx_HAL_Driver/Src/stm32f7xx_hal_dma.o
 .text.HAL_DMA2D_Init
                0x0000000008006584       0x94 Drivers/STM32F7xx_HAL_Driver/Src/stm32f7xx_hal_dma2d.o
                0x0000000008006584                HAL_DMA2D_Init
 .text.HAL_DMA2D_Start
                0x0000000008006618       0x56 Drivers/STM32F7xx_HAL_Driver/Src/stm32f7xx_hal_dma2d.o
                0x0000000008006618                HAL_DMA2D_Start
 .text.HAL_DMA2D_PollForTransfer
                0x000000000800666e      0x1d2 Drivers/STM32F7xx_HAL_Driver/Src/stm32f7xx_hal_dma2d.o
                0x000000000800666e                HAL_DMA2D_PollForTransfer
 .text.HAL_DMA2D_ConfigLayer
                0x0000000008006840      0x124 Drivers/STM32F7xx_HAL_Driver/Src/stm32f7xx_hal_dma2d.o
                0x0000000008006840                HAL_DMA2D_ConfigLayer
 .text.DMA2D_SetConfig
                0x0000000008006964      0x138 Drivers/STM32F7xx_HAL_Driver/Src/stm32f7xx_hal_dma2d.o
 .text.HAL_GPIO_Init
                0x0000000008006a9c      0x358 Drivers/STM32F7xx_HAL_Driver/Src/stm32f7xx_hal_gpio.o
                0x0000000008006a9c                HAL_GPIO_Init
 .text.HAL_GPIO_DeInit
                0x0000000008006df4      0x218 Drivers/STM32F7xx_HAL_Driver/Src/stm32f7xx_hal_gpio.o
                0x0000000008006df4                HAL_GPIO_DeInit
 .text.HAL_GPIO_ReadPin
                0x000000000800700c       0x30 Drivers/STM32F7xx_HAL_Driver/Src/stm32f7xx_hal_gpio.o
                0x000000000800700c                HAL_GPIO_ReadPin
 .text.HAL_GPIO_WritePin
                0x000000000800703c       0x32 Drivers/STM32F7xx_HAL_Driver/Src/stm32f7xx_hal_gpio.o
                0x000000000800703c                HAL_GPIO_WritePin
 *fill*         0x000000000800706e        0x2 
 .text.HAL_I2C_Init
                0x0000000008007070      0x120 Drivers/STM32F7xx_HAL_Driver/Src/stm32f7xx_hal_i2c.o
                0x0000000008007070                HAL_I2C_Init
 .text.HAL_I2C_DeInit
                0x0000000008007190       0x5e Drivers/STM32F7xx_HAL_Driver/Src/stm32f7xx_hal_i2c.o
                0x0000000008007190                HAL_I2C_DeInit
 .text.HAL_I2C_MspInit
                0x00000000080071ee       0x14 Drivers/STM32F7xx_HAL_Driver/Src/stm32f7xx_hal_i2c.o
                0x00000000080071ee                HAL_I2C_MspInit
 .text.HAL_I2C_MspDeInit
                0x0000000008007202       0x14 Drivers/STM32F7xx_HAL_Driver/Src/stm32f7xx_hal_i2c.o
                0x0000000008007202                HAL_I2C_MspDeInit
 *fill*         0x0000000008007216        0x2 
 .text.HAL_I2C_Mem_Write
                0x0000000008007218      0x228 Drivers/STM32F7xx_HAL_Driver/Src/stm32f7xx_hal_i2c.o
                0x0000000008007218                HAL_I2C_Mem_Write
 .text.HAL_I2C_Mem_Read
                0x0000000008007440      0x234 Drivers/STM32F7xx_HAL_Driver/Src/stm32f7xx_hal_i2c.o
                0x0000000008007440                HAL_I2C_Mem_Read
 .text.HAL_I2C_GetState
                0x0000000008007674       0x1c Drivers/STM32F7xx_HAL_Driver/Src/stm32f7xx_hal_i2c.o
                0x0000000008007674                HAL_I2C_GetState
 .text.I2C_RequestMemoryWrite
                0x0000000008007690       0xa8 Drivers/STM32F7xx_HAL_Driver/Src/stm32f7xx_hal_i2c.o
 .text.I2C_RequestMemoryRead
                0x0000000008007738       0xa8 Drivers/STM32F7xx_HAL_Driver/Src/stm32f7xx_hal_i2c.o
 .text.I2C_Flush_TXDR
                0x00000000080077e0       0x48 Drivers/STM32F7xx_HAL_Driver/Src/stm32f7xx_hal_i2c.o
 .text.I2C_WaitOnFlagUntilTimeout
                0x0000000008007828       0x80 Drivers/STM32F7xx_HAL_Driver/Src/stm32f7xx_hal_i2c.o
 .text.I2C_WaitOnTXISFlagUntilTimeout
                0x00000000080078a8       0x80 Drivers/STM32F7xx_HAL_Driver/Src/stm32f7xx_hal_i2c.o
 .text.I2C_WaitOnSTOPFlagUntilTimeout
                0x0000000008007928       0x78 Drivers/STM32F7xx_HAL_Driver/Src/stm32f7xx_hal_i2c.o
 .text.I2C_IsAcknowledgeFailed
                0x00000000080079a0       0xcc Drivers/STM32F7xx_HAL_Driver/Src/stm32f7xx_hal_i2c.o
 .text.I2C_TransferConfig
                0x0000000008007a6c       0x5c Drivers/STM32F7xx_HAL_Driver/Src/stm32f7xx_hal_i2c.o
 .text.HAL_LTDC_Init
                0x0000000008007ac8      0x1a0 Drivers/STM32F7xx_HAL_Driver/Src/stm32f7xx_hal_ltdc.o
                0x0000000008007ac8                HAL_LTDC_Init
 .text.HAL_LTDC_IRQHandler
                0x0000000008007c68      0x148 Drivers/STM32F7xx_HAL_Driver/Src/stm32f7xx_hal_ltdc.o
                0x0000000008007c68                HAL_LTDC_IRQHandler
 .text.HAL_LTDC_ErrorCallback
                0x0000000008007db0       0x14 Drivers/STM32F7xx_HAL_Driver/Src/stm32f7xx_hal_ltdc.o
                0x0000000008007db0                HAL_LTDC_ErrorCallback
 .text.HAL_LTDC_LineEventCallback
                0x0000000008007dc4       0x14 Drivers/STM32F7xx_HAL_Driver/Src/stm32f7xx_hal_ltdc.o
                0x0000000008007dc4                HAL_LTDC_LineEventCallback
 .text.HAL_LTDC_ReloadEventCallback
                0x0000000008007dd8       0x14 Drivers/STM32F7xx_HAL_Driver/Src/stm32f7xx_hal_ltdc.o
                0x0000000008007dd8                HAL_LTDC_ReloadEventCallback
 .text.HAL_LTDC_ConfigLayer
                0x0000000008007dec       0x7c Drivers/STM32F7xx_HAL_Driver/Src/stm32f7xx_hal_ltdc.o
                0x0000000008007dec                HAL_LTDC_ConfigLayer
 .text.HAL_LTDC_GetState
                0x0000000008007e68       0x1c Drivers/STM32F7xx_HAL_Driver/Src/stm32f7xx_hal_ltdc.o
                0x0000000008007e68                HAL_LTDC_GetState
 .text.LTDC_SetConfig
                0x0000000008007e84      0x334 Drivers/STM32F7xx_HAL_Driver/Src/stm32f7xx_hal_ltdc.o
 .text.HAL_PWR_EnableBkUpAccess
                0x00000000080081b8       0x20 Drivers/STM32F7xx_HAL_Driver/Src/stm32f7xx_hal_pwr.o
                0x00000000080081b8                HAL_PWR_EnableBkUpAccess
 .text.HAL_PWREx_EnableOverDrive
                0x00000000080081d8       0xa0 Drivers/STM32F7xx_HAL_Driver/Src/stm32f7xx_hal_pwr_ex.o
                0x00000000080081d8                HAL_PWREx_EnableOverDrive
 .text.HAL_RCC_OscConfig
                0x0000000008008278      0x548 Drivers/STM32F7xx_HAL_Driver/Src/stm32f7xx_hal_rcc.o
                0x0000000008008278                HAL_RCC_OscConfig
 .text.HAL_RCC_ClockConfig
                0x00000000080087c0      0x1d8 Drivers/STM32F7xx_HAL_Driver/Src/stm32f7xx_hal_rcc.o
                0x00000000080087c0                HAL_RCC_ClockConfig
 .text.HAL_RCC_GetSysClockFreq
                0x0000000008008998      0x16c Drivers/STM32F7xx_HAL_Driver/Src/stm32f7xx_hal_rcc.o
                0x0000000008008998                HAL_RCC_GetSysClockFreq
 .text.HAL_RCC_GetHCLKFreq
                0x0000000008008b04       0x18 Drivers/STM32F7xx_HAL_Driver/Src/stm32f7xx_hal_rcc.o
                0x0000000008008b04                HAL_RCC_GetHCLKFreq
 .text.HAL_RCC_GetPCLK1Freq
                0x0000000008008b1c       0x28 Drivers/STM32F7xx_HAL_Driver/Src/stm32f7xx_hal_rcc.o
                0x0000000008008b1c                HAL_RCC_GetPCLK1Freq
 .text.HAL_RCC_GetPCLK2Freq
                0x0000000008008b44       0x28 Drivers/STM32F7xx_HAL_Driver/Src/stm32f7xx_hal_rcc.o
                0x0000000008008b44                HAL_RCC_GetPCLK2Freq
 .text.HAL_RCC_GetClockConfig
                0x0000000008008b6c       0x64 Drivers/STM32F7xx_HAL_Driver/Src/stm32f7xx_hal_rcc.o
                0x0000000008008b6c                HAL_RCC_GetClockConfig
 .text.HAL_RCCEx_PeriphCLKConfig
                0x0000000008008bd0      0x7e0 Drivers/STM32F7xx_HAL_Driver/Src/stm32f7xx_hal_rcc_ex.o
                0x0000000008008bd0                HAL_RCCEx_PeriphCLKConfig
 .text.HAL_RCCEx_GetPeriphCLKConfig
                0x00000000080093b0      0x218 Drivers/STM32F7xx_HAL_Driver/Src/stm32f7xx_hal_rcc_ex.o
                0x00000000080093b0                HAL_RCCEx_GetPeriphCLKConfig
 .text.HAL_RCCEx_GetPeriphCLKFreq
                0x00000000080095c8      0x288 Drivers/STM32F7xx_HAL_Driver/Src/stm32f7xx_hal_rcc_ex.o
                0x00000000080095c8                HAL_RCCEx_GetPeriphCLKFreq
 .text.HAL_SAI_Init
                0x0000000008009850      0x2fc Drivers/STM32F7xx_HAL_Driver/Src/stm32f7xx_hal_sai.o
                0x0000000008009850                HAL_SAI_Init
 .text.HAL_SAI_DeInit
                0x0000000008009b4c       0x6a Drivers/STM32F7xx_HAL_Driver/Src/stm32f7xx_hal_sai.o
                0x0000000008009b4c                HAL_SAI_DeInit
 *fill*         0x0000000008009bb6        0x2 
 .text.HAL_SAI_Transmit_DMA
                0x0000000008009bb8      0x160 Drivers/STM32F7xx_HAL_Driver/Src/stm32f7xx_hal_sai.o
                0x0000000008009bb8                HAL_SAI_Transmit_DMA
 .text.HAL_SAI_Receive_DMA
                0x0000000008009d18      0x11c Drivers/STM32F7xx_HAL_Driver/Src/stm32f7xx_hal_sai.o
                0x0000000008009d18                HAL_SAI_Receive_DMA
 .text.HAL_SAI_GetState
                0x0000000008009e34       0x1c Drivers/STM32F7xx_HAL_Driver/Src/stm32f7xx_hal_sai.o
                0x0000000008009e34                HAL_SAI_GetState
 .text.SAI_InterruptFlag
                0x0000000008009e50       0x6c Drivers/STM32F7xx_HAL_Driver/Src/stm32f7xx_hal_sai.o
 .text.SAI_Disable
                0x0000000008009ebc       0x70 Drivers/STM32F7xx_HAL_Driver/Src/stm32f7xx_hal_sai.o
 .text.SAI_DMATxCplt
                0x0000000008009f2c       0x60 Drivers/STM32F7xx_HAL_Driver/Src/stm32f7xx_hal_sai.o
 .text.SAI_DMATxHalfCplt
                0x0000000008009f8c       0x1c Drivers/STM32F7xx_HAL_Driver/Src/stm32f7xx_hal_sai.o
 .text.SAI_DMARxCplt
                0x0000000008009fa8       0x60 Drivers/STM32F7xx_HAL_Driver/Src/stm32f7xx_hal_sai.o
 .text.SAI_DMARxHalfCplt
                0x000000000800a008       0x1c Drivers/STM32F7xx_HAL_Driver/Src/stm32f7xx_hal_sai.o
 .text.SAI_DMAError
                0x000000000800a024       0x66 Drivers/STM32F7xx_HAL_Driver/Src/stm32f7xx_hal_sai.o
 .text.HAL_SD_Init
                0x000000000800a08a       0x60 Drivers/STM32F7xx_HAL_Driver/Src/stm32f7xx_hal_sd.o
                0x000000000800a08a                HAL_SD_Init
 *fill*         0x000000000800a0ea        0x2 
 .text.HAL_SD_InitCard
                0x000000000800a0ec      0x10c Drivers/STM32F7xx_HAL_Driver/Src/stm32f7xx_hal_sd.o
                0x000000000800a0ec                HAL_SD_InitCard
 .text.HAL_SD_ReadBlocks_DMA
                0x000000000800a1f8      0x1c4 Drivers/STM32F7xx_HAL_Driver/Src/stm32f7xx_hal_sd.o
                0x000000000800a1f8                HAL_SD_ReadBlocks_DMA
 .text.HAL_SD_WriteBlocks_DMA
                0x000000000800a3bc      0x1cc Drivers/STM32F7xx_HAL_Driver/Src/stm32f7xx_hal_sd.o
                0x000000000800a3bc                HAL_SD_WriteBlocks_DMA
 .text.HAL_SD_IRQHandler
                0x000000000800a588      0x2ec Drivers/STM32F7xx_HAL_Driver/Src/stm32f7xx_hal_sd.o
                0x000000000800a588                HAL_SD_IRQHandler
 .text.HAL_SD_ErrorCallback
                0x000000000800a874       0x14 Drivers/STM32F7xx_HAL_Driver/Src/stm32f7xx_hal_sd.o
                0x000000000800a874                HAL_SD_ErrorCallback
 .text.HAL_SD_GetCardCSD
                0x000000000800a888      0x348 Drivers/STM32F7xx_HAL_Driver/Src/stm32f7xx_hal_sd.o
                0x000000000800a888                HAL_SD_GetCardCSD
 .text.HAL_SD_GetCardInfo
                0x000000000800abd0       0x58 Drivers/STM32F7xx_HAL_Driver/Src/stm32f7xx_hal_sd.o
                0x000000000800abd0                HAL_SD_GetCardInfo
 .text.HAL_SD_ConfigWideBusOperation
                0x000000000800ac28      0x134 Drivers/STM32F7xx_HAL_Driver/Src/stm32f7xx_hal_sd.o
                0x000000000800ac28                HAL_SD_ConfigWideBusOperation
 .text.HAL_SD_GetCardState
                0x000000000800ad5c       0x40 Drivers/STM32F7xx_HAL_Driver/Src/stm32f7xx_hal_sd.o
                0x000000000800ad5c                HAL_SD_GetCardState
 .text.SD_DMATransmitCplt
                0x000000000800ad9c       0x2a Drivers/STM32F7xx_HAL_Driver/Src/stm32f7xx_hal_sd.o
 .text.SD_DMAReceiveCplt
                0x000000000800adc6       0x70 Drivers/STM32F7xx_HAL_Driver/Src/stm32f7xx_hal_sd.o
 *fill*         0x000000000800ae36        0x2 
 .text.SD_DMAError
                0x000000000800ae38       0xa4 Drivers/STM32F7xx_HAL_Driver/Src/stm32f7xx_hal_sd.o
 .text.SD_DMATxAbort
                0x000000000800aedc       0x6e Drivers/STM32F7xx_HAL_Driver/Src/stm32f7xx_hal_sd.o
 .text.SD_DMARxAbort
                0x000000000800af4a       0x6e Drivers/STM32F7xx_HAL_Driver/Src/stm32f7xx_hal_sd.o
 .text.SD_InitCard
                0x000000000800afb8      0x198 Drivers/STM32F7xx_HAL_Driver/Src/stm32f7xx_hal_sd.o
 .text.SD_PowerON
                0x000000000800b150      0x11c Drivers/STM32F7xx_HAL_Driver/Src/stm32f7xx_hal_sd.o
 .text.SD_SendStatus
                0x000000000800b26c       0x50 Drivers/STM32F7xx_HAL_Driver/Src/stm32f7xx_hal_sd.o
 .text.SD_WideBus_Enable
                0x000000000800b2bc       0x96 Drivers/STM32F7xx_HAL_Driver/Src/stm32f7xx_hal_sd.o
 .text.SD_WideBus_Disable
                0x000000000800b352       0x96 Drivers/STM32F7xx_HAL_Driver/Src/stm32f7xx_hal_sd.o
 .text.SD_FindSCR
                0x000000000800b3e8      0x1a6 Drivers/STM32F7xx_HAL_Driver/Src/stm32f7xx_hal_sd.o
 .text.SD_Read_IT
                0x000000000800b58e       0xa2 Drivers/STM32F7xx_HAL_Driver/Src/stm32f7xx_hal_sd.o
 .text.SD_Write_IT
                0x000000000800b630       0xaa Drivers/STM32F7xx_HAL_Driver/Src/stm32f7xx_hal_sd.o
 .text.HAL_SDRAM_Init
                0x000000000800b6da       0x68 Drivers/STM32F7xx_HAL_Driver/Src/stm32f7xx_hal_sdram.o
                0x000000000800b6da                HAL_SDRAM_Init
 .text.HAL_SDRAM_SendCommand
                0x000000000800b742       0x56 Drivers/STM32F7xx_HAL_Driver/Src/stm32f7xx_hal_sdram.o
                0x000000000800b742                HAL_SDRAM_SendCommand
 .text.HAL_SDRAM_ProgramRefreshRate
                0x000000000800b798       0x40 Drivers/STM32F7xx_HAL_Driver/Src/stm32f7xx_hal_sdram.o
                0x000000000800b798                HAL_SDRAM_ProgramRefreshRate
 .text.HAL_TIM_Base_Init
                0x000000000800b7d8       0xae Drivers/STM32F7xx_HAL_Driver/Src/stm32f7xx_hal_tim.o
                0x000000000800b7d8                HAL_TIM_Base_Init
 .text.HAL_TIM_Base_MspInit
                0x000000000800b886       0x14 Drivers/STM32F7xx_HAL_Driver/Src/stm32f7xx_hal_tim.o
                0x000000000800b886                HAL_TIM_Base_MspInit
 *fill*         0x000000000800b89a        0x2 
 .text.HAL_TIM_Base_Start_IT
                0x000000000800b89c       0xf0 Drivers/STM32F7xx_HAL_Driver/Src/stm32f7xx_hal_tim.o
                0x000000000800b89c                HAL_TIM_Base_Start_IT
 .text.HAL_TIM_IRQHandler
                0x000000000800b98c      0x23e Drivers/STM32F7xx_HAL_Driver/Src/stm32f7xx_hal_tim.o
                0x000000000800b98c                HAL_TIM_IRQHandler
 .text.HAL_TIM_OC_DelayElapsedCallback
                0x000000000800bbca       0x14 Drivers/STM32F7xx_HAL_Driver/Src/stm32f7xx_hal_tim.o
                0x000000000800bbca                HAL_TIM_OC_DelayElapsedCallback
 .text.HAL_TIM_IC_CaptureCallback
                0x000000000800bbde       0x14 Drivers/STM32F7xx_HAL_Driver/Src/stm32f7xx_hal_tim.o
                0x000000000800bbde                HAL_TIM_IC_CaptureCallback
 .text.HAL_TIM_PWM_PulseFinishedCallback
                0x000000000800bbf2       0x14 Drivers/STM32F7xx_HAL_Driver/Src/stm32f7xx_hal_tim.o
                0x000000000800bbf2                HAL_TIM_PWM_PulseFinishedCallback
 .text.HAL_TIM_TriggerCallback
                0x000000000800bc06       0x14 Drivers/STM32F7xx_HAL_Driver/Src/stm32f7xx_hal_tim.o
                0x000000000800bc06                HAL_TIM_TriggerCallback
 *fill*         0x000000000800bc1a        0x2 
 .text.TIM_Base_SetConfig
                0x000000000800bc1c      0x140 Drivers/STM32F7xx_HAL_Driver/Src/stm32f7xx_hal_tim.o
                0x000000000800bc1c                TIM_Base_SetConfig
 .text.HAL_TIMEx_CommutCallback
                0x000000000800bd5c       0x14 Drivers/STM32F7xx_HAL_Driver/Src/stm32f7xx_hal_tim_ex.o
                0x000000000800bd5c                HAL_TIMEx_CommutCallback
 .text.HAL_TIMEx_BreakCallback
                0x000000000800bd70       0x14 Drivers/STM32F7xx_HAL_Driver/Src/stm32f7xx_hal_tim_ex.o
                0x000000000800bd70                HAL_TIMEx_BreakCallback
 .text.HAL_TIMEx_Break2Callback
                0x000000000800bd84       0x14 Drivers/STM32F7xx_HAL_Driver/Src/stm32f7xx_hal_tim_ex.o
                0x000000000800bd84                HAL_TIMEx_Break2Callback
 .text.HAL_UART_Init
                0x000000000800bd98       0x9c Drivers/STM32F7xx_HAL_Driver/Src/stm32f7xx_hal_uart.o
                0x000000000800bd98                HAL_UART_Init
 .text.UART_SetConfig
                0x000000000800be34      0x4c4 Drivers/STM32F7xx_HAL_Driver/Src/stm32f7xx_hal_uart.o
                0x000000000800be34                UART_SetConfig
 .text.UART_AdvFeatureConfig
                0x000000000800c2f8      0x144 Drivers/STM32F7xx_HAL_Driver/Src/stm32f7xx_hal_uart.o
                0x000000000800c2f8                UART_AdvFeatureConfig
 .text.UART_CheckIdleState
                0x000000000800c43c       0x66 Drivers/STM32F7xx_HAL_Driver/Src/stm32f7xx_hal_uart.o
                0x000000000800c43c                UART_CheckIdleState
 .text.UART_WaitOnFlagUntilTimeout
                0x000000000800c4a2       0xf8 Drivers/STM32F7xx_HAL_Driver/Src/stm32f7xx_hal_uart.o
                0x000000000800c4a2                UART_WaitOnFlagUntilTimeout
 *fill*         0x000000000800c59a        0x2 
 .text.FMC_SDRAM_Init
                0x000000000800c59c       0xe4 Drivers/STM32F7xx_HAL_Driver/Src/stm32f7xx_ll_fmc.o
                0x000000000800c59c                FMC_SDRAM_Init
 .text.FMC_SDRAM_Timing_Init
                0x000000000800c680      0x100 Drivers/STM32F7xx_HAL_Driver/Src/stm32f7xx_ll_fmc.o
                0x000000000800c680                FMC_SDRAM_Timing_Init
 .text.FMC_SDRAM_SendCommand
                0x000000000800c780       0x48 Drivers/STM32F7xx_HAL_Driver/Src/stm32f7xx_ll_fmc.o
                0x000000000800c780                FMC_SDRAM_SendCommand
 .text.FMC_SDRAM_ProgramRefreshRate
                0x000000000800c7c8       0x26 Drivers/STM32F7xx_HAL_Driver/Src/stm32f7xx_ll_fmc.o
                0x000000000800c7c8                FMC_SDRAM_ProgramRefreshRate
 *fill*         0x000000000800c7ee        0x2 
 .text.SDMMC_Init
                0x000000000800c7f0       0x58 Drivers/STM32F7xx_HAL_Driver/Src/stm32f7xx_ll_sdmmc.o
                0x000000000800c7f0                SDMMC_Init
 .text.SDMMC_ReadFIFO
                0x000000000800c848       0x1a Drivers/STM32F7xx_HAL_Driver/Src/stm32f7xx_ll_sdmmc.o
                0x000000000800c848                SDMMC_ReadFIFO
 .text.SDMMC_WriteFIFO
                0x000000000800c862       0x22 Drivers/STM32F7xx_HAL_Driver/Src/stm32f7xx_ll_sdmmc.o
                0x000000000800c862                SDMMC_WriteFIFO
 .text.SDMMC_PowerState_ON
                0x000000000800c884       0x1e Drivers/STM32F7xx_HAL_Driver/Src/stm32f7xx_ll_sdmmc.o
                0x000000000800c884                SDMMC_PowerState_ON
 .text.SDMMC_GetPowerState
                0x000000000800c8a2       0x1c Drivers/STM32F7xx_HAL_Driver/Src/stm32f7xx_ll_sdmmc.o
                0x000000000800c8a2                SDMMC_GetPowerState
 *fill*         0x000000000800c8be        0x2 
 .text.SDMMC_SendCommand
                0x000000000800c8c0       0x54 Drivers/STM32F7xx_HAL_Driver/Src/stm32f7xx_ll_sdmmc.o
                0x000000000800c8c0                SDMMC_SendCommand
 .text.SDMMC_GetCommandResponse
                0x000000000800c914       0x1a Drivers/STM32F7xx_HAL_Driver/Src/stm32f7xx_ll_sdmmc.o
                0x000000000800c914                SDMMC_GetCommandResponse
 .text.SDMMC_GetResponse
                0x000000000800c92e       0x26 Drivers/STM32F7xx_HAL_Driver/Src/stm32f7xx_ll_sdmmc.o
                0x000000000800c92e                SDMMC_GetResponse
 .text.SDMMC_ConfigData
                0x000000000800c954       0x58 Drivers/STM32F7xx_HAL_Driver/Src/stm32f7xx_ll_sdmmc.o
                0x000000000800c954                SDMMC_ConfigData
 .text.SDMMC_CmdBlockLength
                0x000000000800c9ac       0x44 Drivers/STM32F7xx_HAL_Driver/Src/stm32f7xx_ll_sdmmc.o
                0x000000000800c9ac                SDMMC_CmdBlockLength
 .text.SDMMC_CmdReadSingleBlock
                0x000000000800c9f0       0x44 Drivers/STM32F7xx_HAL_Driver/Src/stm32f7xx_ll_sdmmc.o
                0x000000000800c9f0                SDMMC_CmdReadSingleBlock
 .text.SDMMC_CmdReadMultiBlock
                0x000000000800ca34       0x44 Drivers/STM32F7xx_HAL_Driver/Src/stm32f7xx_ll_sdmmc.o
                0x000000000800ca34                SDMMC_CmdReadMultiBlock
 .text.SDMMC_CmdWriteSingleBlock
                0x000000000800ca78       0x44 Drivers/STM32F7xx_HAL_Driver/Src/stm32f7xx_ll_sdmmc.o
                0x000000000800ca78                SDMMC_CmdWriteSingleBlock
 .text.SDMMC_CmdWriteMultiBlock
                0x000000000800cabc       0x44 Drivers/STM32F7xx_HAL_Driver/Src/stm32f7xx_ll_sdmmc.o
                0x000000000800cabc                SDMMC_CmdWriteMultiBlock
 .text.SDMMC_CmdStopTransfer
                0x000000000800cb00       0x44 Drivers/STM32F7xx_HAL_Driver/Src/stm32f7xx_ll_sdmmc.o
                0x000000000800cb00                SDMMC_CmdStopTransfer
 .text.SDMMC_CmdSelDesel
                0x000000000800cb44       0x46 Drivers/STM32F7xx_HAL_Driver/Src/stm32f7xx_ll_sdmmc.o
                0x000000000800cb44                SDMMC_CmdSelDesel
 .text.SDMMC_CmdGoIdleState
                0x000000000800cb8a       0x3c Drivers/STM32F7xx_HAL_Driver/Src/stm32f7xx_ll_sdmmc.o
                0x000000000800cb8a                SDMMC_CmdGoIdleState
 .text.SDMMC_CmdOperCond
                0x000000000800cbc6       0x3e Drivers/STM32F7xx_HAL_Driver/Src/stm32f7xx_ll_sdmmc.o
                0x000000000800cbc6                SDMMC_CmdOperCond
 .text.SDMMC_CmdAppCommand
                0x000000000800cc04       0x44 Drivers/STM32F7xx_HAL_Driver/Src/stm32f7xx_ll_sdmmc.o
                0x000000000800cc04                SDMMC_CmdAppCommand
 .text.SDMMC_CmdAppOperCommand
                0x000000000800cc48       0x48 Drivers/STM32F7xx_HAL_Driver/Src/stm32f7xx_ll_sdmmc.o
                0x000000000800cc48                SDMMC_CmdAppOperCommand
 .text.SDMMC_CmdBusWidth
                0x000000000800cc90       0x44 Drivers/STM32F7xx_HAL_Driver/Src/stm32f7xx_ll_sdmmc.o
                0x000000000800cc90                SDMMC_CmdBusWidth
 .text.SDMMC_CmdSendSCR
                0x000000000800ccd4       0x42 Drivers/STM32F7xx_HAL_Driver/Src/stm32f7xx_ll_sdmmc.o
                0x000000000800ccd4                SDMMC_CmdSendSCR
 .text.SDMMC_CmdSendCID
                0x000000000800cd16       0x3c Drivers/STM32F7xx_HAL_Driver/Src/stm32f7xx_ll_sdmmc.o
                0x000000000800cd16                SDMMC_CmdSendCID
 .text.SDMMC_CmdSendCSD
                0x000000000800cd52       0x3e Drivers/STM32F7xx_HAL_Driver/Src/stm32f7xx_ll_sdmmc.o
                0x000000000800cd52                SDMMC_CmdSendCSD
 .text.SDMMC_CmdSetRelAdd
                0x000000000800cd90       0x42 Drivers/STM32F7xx_HAL_Driver/Src/stm32f7xx_ll_sdmmc.o
                0x000000000800cd90                SDMMC_CmdSetRelAdd
 .text.SDMMC_CmdSendStatus
                0x000000000800cdd2       0x44 Drivers/STM32F7xx_HAL_Driver/Src/stm32f7xx_ll_sdmmc.o
                0x000000000800cdd2                SDMMC_CmdSendStatus
 *fill*         0x000000000800ce16        0x2 
 .text.SDMMC_GetCmdError
                0x000000000800ce18       0x58 Drivers/STM32F7xx_HAL_Driver/Src/stm32f7xx_ll_sdmmc.o
 .text.SDMMC_GetCmdResp1
                0x000000000800ce70      0x1dc Drivers/STM32F7xx_HAL_Driver/Src/stm32f7xx_ll_sdmmc.o
 .text.SDMMC_GetCmdResp2
                0x000000000800d04c       0x90 Drivers/STM32F7xx_HAL_Driver/Src/stm32f7xx_ll_sdmmc.o
 .text.SDMMC_GetCmdResp3
                0x000000000800d0dc       0x7c Drivers/STM32F7xx_HAL_Driver/Src/stm32f7xx_ll_sdmmc.o
 .text.SDMMC_GetCmdResp6
                0x000000000800d158       0xec Drivers/STM32F7xx_HAL_Driver/Src/stm32f7xx_ll_sdmmc.o
 .text.SDMMC_GetCmdResp7
                0x000000000800d244       0x9c Drivers/STM32F7xx_HAL_Driver/Src/stm32f7xx_ll_sdmmc.o
 .text.MX_FATFS_Init
                0x000000000800d2e0       0x24 FATFS/App/fatfs.o
                0x000000000800d2e0                MX_FATFS_Init
 .text.get_fattime
                0x000000000800d304       0x10 FATFS/App/fatfs.o
                0x000000000800d304                get_fattime
 .text.BSP_SD_Init
                0x000000000800d314       0x4c FATFS/Target/bsp_driver_sd.o
                0x000000000800d314                BSP_SD_Init
 .text.BSP_SD_ReadBlocks_DMA
                0x000000000800d360       0x34 FATFS/Target/bsp_driver_sd.o
                0x000000000800d360                BSP_SD_ReadBlocks_DMA
 .text.BSP_SD_WriteBlocks_DMA
                0x000000000800d394       0x34 FATFS/Target/bsp_driver_sd.o
                0x000000000800d394                BSP_SD_WriteBlocks_DMA
 .text.BSP_SD_GetCardState
                0x000000000800d3c8       0x20 FATFS/Target/bsp_driver_sd.o
                0x000000000800d3c8                BSP_SD_GetCardState
 .text.BSP_SD_GetCardInfo
                0x000000000800d3e8       0x1c FATFS/Target/bsp_driver_sd.o
                0x000000000800d3e8                BSP_SD_GetCardInfo
 .text.HAL_SD_AbortCallback
                0x000000000800d404       0x14 FATFS/Target/bsp_driver_sd.o
                0x000000000800d404                HAL_SD_AbortCallback
 .text.HAL_SD_TxCpltCallback
                0x000000000800d418       0x14 FATFS/Target/bsp_driver_sd.o
                0x000000000800d418                HAL_SD_TxCpltCallback
 .text.HAL_SD_RxCpltCallback
                0x000000000800d42c       0x14 FATFS/Target/bsp_driver_sd.o
                0x000000000800d42c                HAL_SD_RxCpltCallback
 .text.BSP_SD_AbortCallback
                0x000000000800d440        0xe FATFS/Target/bsp_driver_sd.o
                0x000000000800d440                BSP_SD_AbortCallback
 .text.BSP_SD_IsDetected
                0x000000000800d44e       0x24 FATFS/Target/bsp_driver_sd.o
                0x000000000800d44e                BSP_SD_IsDetected
 *fill*         0x000000000800d472        0x2 
 .text.BSP_PlatformIsDetected
                0x000000000800d474       0x2c FATFS/Target/fatfs_platform.o
                0x000000000800d474                BSP_PlatformIsDetected
 .text.SD_CheckStatusWithTimeout
                0x000000000800d4a0       0x3a FATFS/Target/sd_diskio.o
 *fill*         0x000000000800d4da        0x2 
 .text.SD_CheckStatus
                0x000000000800d4dc       0x3c FATFS/Target/sd_diskio.o
 .text.SD_initialize
                0x000000000800d518       0x98 FATFS/Target/sd_diskio.o
                0x000000000800d518                SD_initialize
 .text.SD_status
                0x000000000800d5b0       0x1c FATFS/Target/sd_diskio.o
                0x000000000800d5b0                SD_status
 .text.SD_read  0x000000000800d5cc       0x9c FATFS/Target/sd_diskio.o
                0x000000000800d5cc                SD_read
 .text.SD_write
                0x000000000800d668       0x94 FATFS/Target/sd_diskio.o
                0x000000000800d668                SD_write
 .text.SD_ioctl
                0x000000000800d6fc       0xb0 FATFS/Target/sd_diskio.o
                0x000000000800d6fc                SD_ioctl
 .text.BSP_SD_WriteCpltCallback
                0x000000000800d7ac       0x1c FATFS/Target/sd_diskio.o
                0x000000000800d7ac                BSP_SD_WriteCpltCallback
 .text.BSP_SD_ReadCpltCallback
                0x000000000800d7c8       0x1c FATFS/Target/sd_diskio.o
                0x000000000800d7c8                BSP_SD_ReadCpltCallback
 .text.disk_status
                0x000000000800d7e4       0x34 Middlewares/Third_Party/FatFs/src/diskio.o
                0x000000000800d7e4                disk_status
 .text.disk_initialize
                0x000000000800d818       0x4c Middlewares/Third_Party/FatFs/src/diskio.o
                0x000000000800d818                disk_initialize
 .text.disk_read
                0x000000000800d864       0x40 Middlewares/Third_Party/FatFs/src/diskio.o
                0x000000000800d864                disk_read
 .text.disk_write
                0x000000000800d8a4       0x40 Middlewares/Third_Party/FatFs/src/diskio.o
                0x000000000800d8a4                disk_write
 .text.disk_ioctl
                0x000000000800d8e4       0x3c Middlewares/Third_Party/FatFs/src/diskio.o
                0x000000000800d8e4                disk_ioctl
 .text.ld_word  0x000000000800d920       0x30 Middlewares/Third_Party/FatFs/src/ff.o
 .text.ld_dword
                0x000000000800d950       0x46 Middlewares/Third_Party/FatFs/src/ff.o
 .text.st_word  0x000000000800d996       0x36 Middlewares/Third_Party/FatFs/src/ff.o
 .text.st_dword
                0x000000000800d9cc       0x58 Middlewares/Third_Party/FatFs/src/ff.o
 .text.mem_cpy  0x000000000800da24       0x42 Middlewares/Third_Party/FatFs/src/ff.o
 .text.mem_set  0x000000000800da66       0x36 Middlewares/Third_Party/FatFs/src/ff.o
 .text.mem_cmp  0x000000000800da9c       0x4e Middlewares/Third_Party/FatFs/src/ff.o
 .text.chk_chr  0x000000000800daea       0x36 Middlewares/Third_Party/FatFs/src/ff.o
 .text.lock_fs  0x000000000800db20       0x2c Middlewares/Third_Party/FatFs/src/ff.o
 .text.unlock_fs
                0x000000000800db4c       0x36 Middlewares/Third_Party/FatFs/src/ff.o
 *fill*         0x000000000800db82        0x2 
 .text.chk_lock
                0x000000000800db84       0xb8 Middlewares/Third_Party/FatFs/src/ff.o
 .text.enq_lock
                0x000000000800dc3c       0x44 Middlewares/Third_Party/FatFs/src/ff.o
 .text.inc_lock
                0x000000000800dc80      0x11c Middlewares/Third_Party/FatFs/src/ff.o
 .text.dec_lock
                0x000000000800dd9c       0x78 Middlewares/Third_Party/FatFs/src/ff.o
 .text.clear_lock
                0x000000000800de14       0x48 Middlewares/Third_Party/FatFs/src/ff.o
 .text.sync_window
                0x000000000800de5c       0x88 Middlewares/Third_Party/FatFs/src/ff.o
 .text.move_window
                0x000000000800dee4       0x5a Middlewares/Third_Party/FatFs/src/ff.o
 *fill*         0x000000000800df3e        0x2 
 .text.sync_fs  0x000000000800df40       0xdc Middlewares/Third_Party/FatFs/src/ff.o
 .text.clust2sect
                0x000000000800e01c       0x3e Middlewares/Third_Party/FatFs/src/ff.o
 .text.get_fat  0x000000000800e05a      0x150 Middlewares/Third_Party/FatFs/src/ff.o
 .text.put_fat  0x000000000800e1aa      0x1d8 Middlewares/Third_Party/FatFs/src/ff.o
 .text.remove_chain
                0x000000000800e382       0xca Middlewares/Third_Party/FatFs/src/ff.o
 .text.create_chain
                0x000000000800e44c      0x130 Middlewares/Third_Party/FatFs/src/ff.o
 .text.clmt_clust
                0x000000000800e57c       0x68 Middlewares/Third_Party/FatFs/src/ff.o
 .text.dir_sdi  0x000000000800e5e4       0xf6 Middlewares/Third_Party/FatFs/src/ff.o
 .text.dir_next
                0x000000000800e6da      0x18a Middlewares/Third_Party/FatFs/src/ff.o
 .text.dir_alloc
                0x000000000800e864       0x8e Middlewares/Third_Party/FatFs/src/ff.o
 .text.ld_clust
                0x000000000800e8f2       0x3e Middlewares/Third_Party/FatFs/src/ff.o
 .text.st_clust
                0x000000000800e930       0x40 Middlewares/Third_Party/FatFs/src/ff.o
 .text.dir_find
                0x000000000800e970       0xaa Middlewares/Third_Party/FatFs/src/ff.o
 .text.dir_register
                0x000000000800ea1a       0x64 Middlewares/Third_Party/FatFs/src/ff.o
 *fill*         0x000000000800ea7e        0x2 
 .text.create_name
                0x000000000800ea80      0x128 Middlewares/Third_Party/FatFs/src/ff.o
 .text.follow_path
                0x000000000800eba8       0xe2 Middlewares/Third_Party/FatFs/src/ff.o
 .text.get_ldnumber
                0x000000000800ec8a       0x88 Middlewares/Third_Party/FatFs/src/ff.o
 *fill*         0x000000000800ed12        0x2 
 .text.check_fs
                0x000000000800ed14       0xac Middlewares/Third_Party/FatFs/src/ff.o
 .text.find_volume
                0x000000000800edc0      0x4a8 Middlewares/Third_Party/FatFs/src/ff.o
 .text.validate
                0x000000000800f268       0x8e Middlewares/Third_Party/FatFs/src/ff.o
 *fill*         0x000000000800f2f6        0x2 
 .text.f_mount  0x000000000800f2f8       0xc8 Middlewares/Third_Party/FatFs/src/ff.o
                0x000000000800f2f8                f_mount
 .text.f_open   0x000000000800f3c0      0x382 Middlewares/Third_Party/FatFs/src/ff.o
                0x000000000800f3c0                f_open
 .text.f_write  0x000000000800f742      0x348 Middlewares/Third_Party/FatFs/src/ff.o
                0x000000000800f742                f_write
 .text.f_sync   0x000000000800fa8a      0x112 Middlewares/Third_Party/FatFs/src/ff.o
                0x000000000800fa8a                f_sync
 .text.f_close  0x000000000800fb9c       0x5e Middlewares/Third_Party/FatFs/src/ff.o
                0x000000000800fb9c                f_close
 *fill*         0x000000000800fbfa        0x2 
 .text.f_mkfs   0x000000000800fbfc      0x858 Middlewares/Third_Party/FatFs/src/ff.o
                0x000000000800fbfc                f_mkfs
 .text.FATFS_LinkDriverEx
                0x0000000008010454       0x98 Middlewares/Third_Party/FatFs/src/ff_gen_drv.o
                0x0000000008010454                FATFS_LinkDriverEx
 .text.FATFS_LinkDriver
                0x00000000080104ec       0x1e Middlewares/Third_Party/FatFs/src/ff_gen_drv.o
                0x00000000080104ec                FATFS_LinkDriver
 .text.ff_cre_syncobj
                0x000000000801050a       0x40 Middlewares/Third_Party/FatFs/src/option/syscall.o
                0x000000000801050a                ff_cre_syncobj
 .text.ff_del_syncobj
                0x000000000801054a       0x18 Middlewares/Third_Party/FatFs/src/option/syscall.o
                0x000000000801054a                ff_del_syncobj
 .text.ff_req_grant
                0x0000000008010562       0x2a Middlewares/Third_Party/FatFs/src/option/syscall.o
                0x0000000008010562                ff_req_grant
 .text.ff_rel_grant
                0x000000000801058c       0x16 Middlewares/Third_Party/FatFs/src/option/syscall.o
                0x000000000801058c                ff_rel_grant
 .text.makeFreeRtosPriority
                0x00000000080105a2       0x30 Middlewares/Third_Party/FreeRTOS/Source/CMSIS_RTOS/cmsis_os.o
 .text.inHandlerMode
                0x00000000080105d2       0x24 Middlewares/Third_Party/FreeRTOS/Source/CMSIS_RTOS/cmsis_os.o
 .text.osKernelStart
                0x00000000080105f6        0xe Middlewares/Third_Party/FreeRTOS/Source/CMSIS_RTOS/cmsis_os.o
                0x00000000080105f6                osKernelStart
 .text.osKernelRunning
                0x0000000008010604       0x18 Middlewares/Third_Party/FreeRTOS/Source/CMSIS_RTOS/cmsis_os.o
                0x0000000008010604                osKernelRunning
 .text.osKernelSysTick
                0x000000000801061c       0x20 Middlewares/Third_Party/FreeRTOS/Source/CMSIS_RTOS/cmsis_os.o
                0x000000000801061c                osKernelSysTick
 .text.osThreadCreate
                0x000000000801063c       0x98 Middlewares/Third_Party/FreeRTOS/Source/CMSIS_RTOS/cmsis_os.o
                0x000000000801063c                osThreadCreate
 .text.osDelay  0x00000000080106d4       0x28 Middlewares/Third_Party/FreeRTOS/Source/CMSIS_RTOS/cmsis_os.o
                0x00000000080106d4                osDelay
 .text.osSemaphoreCreate
                0x00000000080106fc       0x64 Middlewares/Third_Party/FreeRTOS/Source/CMSIS_RTOS/cmsis_os.o
                0x00000000080106fc                osSemaphoreCreate
 .text.osSemaphoreWait
                0x0000000008010760       0x9c Middlewares/Third_Party/FreeRTOS/Source/CMSIS_RTOS/cmsis_os.o
                0x0000000008010760                osSemaphoreWait
 .text.osSemaphoreRelease
                0x00000000080107fc       0x6c Middlewares/Third_Party/FreeRTOS/Source/CMSIS_RTOS/cmsis_os.o
                0x00000000080107fc                osSemaphoreRelease
 .text.osSemaphoreDelete
                0x0000000008010868       0x26 Middlewares/Third_Party/FreeRTOS/Source/CMSIS_RTOS/cmsis_os.o
                0x0000000008010868                osSemaphoreDelete
 .text.osMessageCreate
                0x000000000801088e       0x50 Middlewares/Third_Party/FreeRTOS/Source/CMSIS_RTOS/cmsis_os.o
                0x000000000801088e                osMessageCreate
 *fill*         0x00000000080108de        0x2 
 .text.osMessagePut
                0x00000000080108e0       0x80 Middlewares/Third_Party/FreeRTOS/Source/CMSIS_RTOS/cmsis_os.o
                0x00000000080108e0                osMessagePut
 .text.osMessageGet
                0x0000000008010960       0xe8 Middlewares/Third_Party/FreeRTOS/Source/CMSIS_RTOS/cmsis_os.o
                0x0000000008010960                osMessageGet
 .text.vListInitialise
                0x0000000008010a48       0x40 Middlewares/Third_Party/FreeRTOS/Source/list.o
                0x0000000008010a48                vListInitialise
 .text.vListInitialiseItem
                0x0000000008010a88       0x1a Middlewares/Third_Party/FreeRTOS/Source/list.o
                0x0000000008010a88                vListInitialiseItem
 .text.vListInsertEnd
                0x0000000008010aa2       0x48 Middlewares/Third_Party/FreeRTOS/Source/list.o
                0x0000000008010aa2                vListInsertEnd
 .text.vListInsert
                0x0000000008010aea       0x72 Middlewares/Third_Party/FreeRTOS/Source/list.o
                0x0000000008010aea                vListInsert
 .text.uxListRemove
                0x0000000008010b5c       0x54 Middlewares/Third_Party/FreeRTOS/Source/list.o
                0x0000000008010b5c                uxListRemove
 .text.xQueueGenericReset
                0x0000000008010bb0       0xd4 Middlewares/Third_Party/FreeRTOS/Source/queue.o
                0x0000000008010bb0                xQueueGenericReset
 .text.xQueueGenericCreateStatic
                0x0000000008010c84      0x104 Middlewares/Third_Party/FreeRTOS/Source/queue.o
                0x0000000008010c84                xQueueGenericCreateStatic
 .text.xQueueGenericCreate
                0x0000000008010d88       0x84 Middlewares/Third_Party/FreeRTOS/Source/queue.o
                0x0000000008010d88                xQueueGenericCreate
 .text.prvInitialiseNewQueue
                0x0000000008010e0c       0x3e Middlewares/Third_Party/FreeRTOS/Source/queue.o
 *fill*         0x0000000008010e4a        0x2 
 .text.xQueueGenericSend
                0x0000000008010e4c      0x20c Middlewares/Third_Party/FreeRTOS/Source/queue.o
                0x0000000008010e4c                xQueueGenericSend
 .text.xQueueGenericSendFromISR
                0x0000000008011058      0x140 Middlewares/Third_Party/FreeRTOS/Source/queue.o
                0x0000000008011058                xQueueGenericSendFromISR
 .text.xQueueGiveFromISR
                0x0000000008011198      0x12a Middlewares/Third_Party/FreeRTOS/Source/queue.o
                0x0000000008011198                xQueueGiveFromISR
 *fill*         0x00000000080112c2        0x2 
 .text.xQueueReceive
                0x00000000080112c4      0x1cc Middlewares/Third_Party/FreeRTOS/Source/queue.o
                0x00000000080112c4                xQueueReceive
 .text.xQueueSemaphoreTake
                0x0000000008011490      0x228 Middlewares/Third_Party/FreeRTOS/Source/queue.o
                0x0000000008011490                xQueueSemaphoreTake
 .text.xQueueReceiveFromISR
                0x00000000080116b8      0x10c Middlewares/Third_Party/FreeRTOS/Source/queue.o
                0x00000000080116b8                xQueueReceiveFromISR
 .text.vQueueDelete
                0x00000000080117c4       0x4a Middlewares/Third_Party/FreeRTOS/Source/queue.o
                0x00000000080117c4                vQueueDelete
 .text.prvGetDisinheritPriorityAfterTimeout
                0x000000000801180e       0x30 Middlewares/Third_Party/FreeRTOS/Source/queue.o
 .text.prvCopyDataToQueue
                0x000000000801183e       0xd4 Middlewares/Third_Party/FreeRTOS/Source/queue.o
 .text.prvCopyDataFromQueue
                0x0000000008011912       0x4c Middlewares/Third_Party/FreeRTOS/Source/queue.o
 .text.prvUnlockQueue
                0x000000000801195e       0xa4 Middlewares/Third_Party/FreeRTOS/Source/queue.o
 .text.prvIsQueueEmpty
                0x0000000008011a02       0x2c Middlewares/Third_Party/FreeRTOS/Source/queue.o
 .text.prvIsQueueFull
                0x0000000008011a2e       0x30 Middlewares/Third_Party/FreeRTOS/Source/queue.o
 *fill*         0x0000000008011a5e        0x2 
 .text.vQueueUnregisterQueue
                0x0000000008011a60       0x54 Middlewares/Third_Party/FreeRTOS/Source/queue.o
                0x0000000008011a60                vQueueUnregisterQueue
 .text.xTaskCreateStatic
                0x0000000008011ab4       0xc6 Middlewares/Third_Party/FreeRTOS/Source/tasks.o
                0x0000000008011ab4                xTaskCreateStatic
 .text.xTaskCreate
                0x0000000008011b7a       0x8a Middlewares/Third_Party/FreeRTOS/Source/tasks.o
                0x0000000008011b7a                xTaskCreate
 .text.prvInitialiseNewTask
                0x0000000008011c04      0x122 Middlewares/Third_Party/FreeRTOS/Source/tasks.o
 *fill*         0x0000000008011d26        0x2 
 .text.prvAddNewTaskToReadyList
                0x0000000008011d28       0xd4 Middlewares/Third_Party/FreeRTOS/Source/tasks.o
 .text.vTaskDelay
                0x0000000008011dfc       0x6c Middlewares/Third_Party/FreeRTOS/Source/tasks.o
                0x0000000008011dfc                vTaskDelay
 .text.vTaskStartScheduler
                0x0000000008011e68       0xc8 Middlewares/Third_Party/FreeRTOS/Source/tasks.o
                0x0000000008011e68                vTaskStartScheduler
 .text.vTaskSuspendAll
                0x0000000008011f30       0x1c Middlewares/Third_Party/FreeRTOS/Source/tasks.o
                0x0000000008011f30                vTaskSuspendAll
 .text.xTaskResumeAll
                0x0000000008011f4c      0x13c Middlewares/Third_Party/FreeRTOS/Source/tasks.o
                0x0000000008011f4c                xTaskResumeAll
 .text.xTaskGetTickCount
                0x0000000008012088       0x20 Middlewares/Third_Party/FreeRTOS/Source/tasks.o
                0x0000000008012088                xTaskGetTickCount
 .text.xTaskGetTickCountFromISR
                0x00000000080120a8       0x24 Middlewares/Third_Party/FreeRTOS/Source/tasks.o
                0x00000000080120a8                xTaskGetTickCountFromISR
 .text.xTaskIncrementTick
                0x00000000080120cc      0x174 Middlewares/Third_Party/FreeRTOS/Source/tasks.o
                0x00000000080120cc                xTaskIncrementTick
 .text.vTaskSwitchContext
                0x0000000008012240      0x104 Middlewares/Third_Party/FreeRTOS/Source/tasks.o
                0x0000000008012240                vTaskSwitchContext
 .text.vTaskPlaceOnEventList
                0x0000000008012344       0x4c Middlewares/Third_Party/FreeRTOS/Source/tasks.o
                0x0000000008012344                vTaskPlaceOnEventList
 .text.xTaskRemoveFromEventList
                0x0000000008012390       0xc8 Middlewares/Third_Party/FreeRTOS/Source/tasks.o
                0x0000000008012390                xTaskRemoveFromEventList
 .text.vTaskInternalSetTimeOutState
                0x0000000008012458       0x2c Middlewares/Third_Party/FreeRTOS/Source/tasks.o
                0x0000000008012458                vTaskInternalSetTimeOutState
 .text.xTaskCheckForTimeOut
                0x0000000008012484       0xcc Middlewares/Third_Party/FreeRTOS/Source/tasks.o
                0x0000000008012484                xTaskCheckForTimeOut
 .text.vTaskMissedYield
                0x0000000008012550       0x18 Middlewares/Third_Party/FreeRTOS/Source/tasks.o
                0x0000000008012550                vTaskMissedYield
 .text.prvIdleTask
                0x0000000008012568       0x34 Middlewares/Third_Party/FreeRTOS/Source/tasks.o
 .text.prvInitialiseTaskLists
                0x000000000801259c       0x80 Middlewares/Third_Party/FreeRTOS/Source/tasks.o
 .text.prvCheckTasksWaitingTermination
                0x000000000801261c       0x5c Middlewares/Third_Party/FreeRTOS/Source/tasks.o
 .text.prvDeleteTCB
                0x0000000008012678       0x62 Middlewares/Third_Party/FreeRTOS/Source/tasks.o
 *fill*         0x00000000080126da        0x2 
 .text.prvResetNextTaskUnblockTime
                0x00000000080126dc       0x40 Middlewares/Third_Party/FreeRTOS/Source/tasks.o
 .text.xTaskGetSchedulerState
                0x000000000801271c       0x3c Middlewares/Third_Party/FreeRTOS/Source/tasks.o
                0x000000000801271c                xTaskGetSchedulerState
 .text.xTaskPriorityInherit
                0x0000000008012758      0x100 Middlewares/Third_Party/FreeRTOS/Source/tasks.o
                0x0000000008012758                xTaskPriorityInherit
 .text.xTaskPriorityDisinherit
                0x0000000008012858      0x114 Middlewares/Third_Party/FreeRTOS/Source/tasks.o
                0x0000000008012858                xTaskPriorityDisinherit
 .text.vTaskPriorityDisinheritAfterTimeout
                0x000000000801296c      0x13c Middlewares/Third_Party/FreeRTOS/Source/tasks.o
                0x000000000801296c                vTaskPriorityDisinheritAfterTimeout
 .text.pvTaskIncrementMutexHeldCount
                0x0000000008012aa8       0x28 Middlewares/Third_Party/FreeRTOS/Source/tasks.o
                0x0000000008012aa8                pvTaskIncrementMutexHeldCount
 .text.prvAddCurrentTaskToDelayedList
                0x0000000008012ad0       0xcc Middlewares/Third_Party/FreeRTOS/Source/tasks.o
 .text.pxPortInitialiseStack
                0x0000000008012b9c       0x68 Middlewares/Third_Party/FreeRTOS/Source/portable/GCC/ARM_CM7/r0p1/port.o
                0x0000000008012b9c                pxPortInitialiseStack
 .text.prvTaskExitError
                0x0000000008012c04       0x60 Middlewares/Third_Party/FreeRTOS/Source/portable/GCC/ARM_CM7/r0p1/port.o
 *fill*         0x0000000008012c64        0xc 
 .text.SVC_Handler
                0x0000000008012c70       0x28 Middlewares/Third_Party/FreeRTOS/Source/portable/GCC/ARM_CM7/r0p1/port.o
                0x0000000008012c70                SVC_Handler
 .text.prvPortStartFirstTask
                0x0000000008012c98       0x28 Middlewares/Third_Party/FreeRTOS/Source/portable/GCC/ARM_CM7/r0p1/port.o
 .text.xPortStartScheduler
                0x0000000008012cc0       0xfc Middlewares/Third_Party/FreeRTOS/Source/portable/GCC/ARM_CM7/r0p1/port.o
                0x0000000008012cc0                xPortStartScheduler
 .text.vPortEnterCritical
                0x0000000008012dbc       0x68 Middlewares/Third_Party/FreeRTOS/Source/portable/GCC/ARM_CM7/r0p1/port.o
                0x0000000008012dbc                vPortEnterCritical
 .text.vPortExitCritical
                0x0000000008012e24       0x58 Middlewares/Third_Party/FreeRTOS/Source/portable/GCC/ARM_CM7/r0p1/port.o
                0x0000000008012e24                vPortExitCritical
 *fill*         0x0000000008012e7c        0x4 
 .text.PendSV_Handler
                0x0000000008012e80       0x68 Middlewares/Third_Party/FreeRTOS/Source/portable/GCC/ARM_CM7/r0p1/port.o
                0x0000000008012e80                PendSV_Handler
 .text.SysTick_Handler
                0x0000000008012ee8       0x48 Middlewares/Third_Party/FreeRTOS/Source/portable/GCC/ARM_CM7/r0p1/port.o
                0x0000000008012ee8                SysTick_Handler
 .text.vPortSetupTimerInterrupt
                0x0000000008012f30       0x48 Middlewares/Third_Party/FreeRTOS/Source/portable/GCC/ARM_CM7/r0p1/port.o
                0x0000000008012f30                vPortSetupTimerInterrupt
 .text.vPortEnableVFP
                0x0000000008012f78       0x14 Middlewares/Third_Party/FreeRTOS/Source/portable/GCC/ARM_CM7/r0p1/port.o
 .text.vPortValidateInterruptPriority
                0x0000000008012f8c       0x88 Middlewares/Third_Party/FreeRTOS/Source/portable/GCC/ARM_CM7/r0p1/port.o
                0x0000000008012f8c                vPortValidateInterruptPriority
 .text.pvPortMalloc
                0x0000000008013014      0x1a0 Middlewares/Third_Party/FreeRTOS/Source/portable/MemMang/heap_4.o
                0x0000000008013014                pvPortMalloc
 .text.vPortFree
                0x00000000080131b4       0xbc Middlewares/Third_Party/FreeRTOS/Source/portable/MemMang/heap_4.o
                0x00000000080131b4                vPortFree
 .text.prvHeapInit
                0x0000000008013270       0xc4 Middlewares/Third_Party/FreeRTOS/Source/portable/MemMang/heap_4.o
 .text.prvInsertBlockIntoFreeList
                0x0000000008013334       0xb4 Middlewares/Third_Party/FreeRTOS/Source/portable/MemMang/heap_4.o
 .text.__errno  0x00000000080133e8        0xc d:/stm32cubeide_1.5.0/stm32cubeide/plugins/com.st.stm32cube.ide.mcu.externaltools.gnu-tools-for-stm32.9-2020-q2-update.win32_1.5.0.202011040924/tools/bin/../lib/gcc/arm-none-eabi/9.3.1/../../../../arm-none-eabi/lib/thumb/v7e-m+fp/hard\libc_nano.a(lib_a-errno.o)
                0x00000000080133e8                __errno
 .text.__libc_init_array
                0x00000000080133f4       0x48 d:/stm32cubeide_1.5.0/stm32cubeide/plugins/com.st.stm32cube.ide.mcu.externaltools.gnu-tools-for-stm32.9-2020-q2-update.win32_1.5.0.202011040924/tools/bin/../lib/gcc/arm-none-eabi/9.3.1/../../../../arm-none-eabi/lib/thumb/v7e-m+fp/hard\libc_nano.a(lib_a-init.o)
                0x00000000080133f4                __libc_init_array
 .text.memcpy   0x000000000801343c       0x1c d:/stm32cubeide_1.5.0/stm32cubeide/plugins/com.st.stm32cube.ide.mcu.externaltools.gnu-tools-for-stm32.9-2020-q2-update.win32_1.5.0.202011040924/tools/bin/../lib/gcc/arm-none-eabi/9.3.1/../../../../arm-none-eabi/lib/thumb/v7e-m+fp/hard\libc_nano.a(lib_a-memcpy-stub.o)
                0x000000000801343c                memcpy
 .text.memset   0x0000000008013458       0x10 d:/stm32cubeide_1.5.0/stm32cubeide/plugins/com.st.stm32cube.ide.mcu.externaltools.gnu-tools-for-stm32.9-2020-q2-update.win32_1.5.0.202011040924/tools/bin/../lib/gcc/arm-none-eabi/9.3.1/../../../../arm-none-eabi/lib/thumb/v7e-m+fp/hard\libc_nano.a(lib_a-memset.o)
                0x0000000008013458                memset
 .text.sprintf  0x0000000008013468       0x40 d:/stm32cubeide_1.5.0/stm32cubeide/plugins/com.st.stm32cube.ide.mcu.externaltools.gnu-tools-for-stm32.9-2020-q2-update.win32_1.5.0.202011040924/tools/bin/../lib/gcc/arm-none-eabi/9.3.1/../../../../arm-none-eabi/lib/thumb/v7e-m+fp/hard\libc_nano.a(lib_a-sprintf.o)
                0x0000000008013468                siprintf
                0x0000000008013468                sprintf
 .text.__ssputs_r
                0x00000000080134a8       0xb6 d:/stm32cubeide_1.5.0/stm32cubeide/plugins/com.st.stm32cube.ide.mcu.externaltools.gnu-tools-for-stm32.9-2020-q2-update.win32_1.5.0.202011040924/tools/bin/../lib/gcc/arm-none-eabi/9.3.1/../../../../arm-none-eabi/lib/thumb/v7e-m+fp/hard\libc_nano.a(lib_a-nano-svfprintf.o)
                0x00000000080134a8                __ssputs_r
 *fill*         0x000000000801355e        0x2 
 .text._svfprintf_r
                0x0000000008013560      0x200 d:/stm32cubeide_1.5.0/stm32cubeide/plugins/com.st.stm32cube.ide.mcu.externaltools.gnu-tools-for-stm32.9-2020-q2-update.win32_1.5.0.202011040924/tools/bin/../lib/gcc/arm-none-eabi/9.3.1/../../../../arm-none-eabi/lib/thumb/v7e-m+fp/hard\libc_nano.a(lib_a-nano-svfprintf.o)
                0x0000000008013560                _svfiprintf_r
                0x0000000008013560                _svfprintf_r
 .text._printf_common
                0x0000000008013760       0xda d:/stm32cubeide_1.5.0/stm32cubeide/plugins/com.st.stm32cube.ide.mcu.externaltools.gnu-tools-for-stm32.9-2020-q2-update.win32_1.5.0.202011040924/tools/bin/../lib/gcc/arm-none-eabi/9.3.1/../../../../arm-none-eabi/lib/thumb/v7e-m+fp/hard\libc_nano.a(lib_a-nano-vfprintf_i.o)
                0x0000000008013760                _printf_common
 *fill*         0x000000000801383a        0x2 
 .text._printf_i
                0x000000000801383c      0x24c d:/stm32cubeide_1.5.0/stm32cubeide/plugins/com.st.stm32cube.ide.mcu.externaltools.gnu-tools-for-stm32.9-2020-q2-update.win32_1.5.0.202011040924/tools/bin/../lib/gcc/arm-none-eabi/9.3.1/../../../../arm-none-eabi/lib/thumb/v7e-m+fp/hard\libc_nano.a(lib_a-nano-vfprintf_i.o)
                0x000000000801383c                _printf_i
 .text.memmove  0x0000000008013a88       0x34 d:/stm32cubeide_1.5.0/stm32cubeide/plugins/com.st.stm32cube.ide.mcu.externaltools.gnu-tools-for-stm32.9-2020-q2-update.win32_1.5.0.202011040924/tools/bin/../lib/gcc/arm-none-eabi/9.3.1/../../../../arm-none-eabi/lib/thumb/v7e-m+fp/hard\libc_nano.a(lib_a-memmove.o)
                0x0000000008013a88                memmove
 .text._free_r  0x0000000008013abc       0xa0 d:/stm32cubeide_1.5.0/stm32cubeide/plugins/com.st.stm32cube.ide.mcu.externaltools.gnu-tools-for-stm32.9-2020-q2-update.win32_1.5.0.202011040924/tools/bin/../lib/gcc/arm-none-eabi/9.3.1/../../../../arm-none-eabi/lib/thumb/v7e-m+fp/hard\libc_nano.a(lib_a-nano-freer.o)