core_cm7.h:2229:22:SCB_EnableICache	4	static,ignoring_inline_asm
core_cm7.h:2281:22:SCB_EnableDCache	24	static,ignoring_inline_asm
main.c:141:6:RL_sep	24	static
main.c:154:6:RL_cat	24	static
main.c:167:6:treatment	16	static
main.c:174:6:RL_cat2	24	static
main.c:197:5:main	232	static
main.c:319:6:SystemClock_Config	216	static
main.c:390:13:MX_ADC3_Init	24	static
main.c:440:13:MX_DAC_Init	16	static
main.c:484:13:MX_DMA2D_Init	8	static
main.c:521:13:MX_LTDC_Init	64	static
main.c:583:13:MX_SAI2_Init	8	static
main.c:658:13:MX_SDMMC1_SD_Init	4	static
main.c:686:13:MX_TIM7_Init	24	static
main.c:724:13:MX_USART1_UART_Init	8	static
main.c:757:13:MX_DMA_Init	16	static
main.c:784:13:MX_FMC_Init	40	static
main.c:835:13:MX_GPIO_Init	72	static
main.c:1159:6:BSP_AUDIO_IN_TransferComplete_CallBack	4	static
main.c:1164:6:BSP_AUDIO_IN_HalfTransfer_CallBack	4	static
main.c:1177:6:StartDefaultTask	16	static
main.c:1194:6:SDTask	16	static
main.c:1211:6:AudioTask	24	static
main.c:1270:6:SetBPMTask	16	static
main.c:1298:6:BPMTask	24	static
main.c:1338:6:InitTask	16	static
main.c:1355:6:BPMSoundTask	24	static
main.c:1381:6:HAL_TIM_PeriodElapsedCallback	16	static
main.c:1398:6:Error_Handler	4	static,ignoring_inline_asm
