core_cm7.h:2229:22:SCB_EnableICache	4	static,ignoring_inline_asm
core_cm7.h:2281:22:SCB_EnableDCache	24	static,ignoring_inline_asm
main.c:116:6:RL_sep	24	static
main.c:129:6:RL_cat	24	static
main.c:142:6:treatment	16	static
main.c:149:6:RL_cat2	24	static
main.c:172:5:main	104	static
main.c:287:6:SystemClock_Config	216	static
main.c:353:13:MX_DMA2D_Init	8	static
main.c:387:13:MX_LTDC_Init	64	static
main.c:446:13:MX_SAI2_Init	8	static
main.c:518:13:MX_SDMMC1_SD_Init	4	static
main.c:545:13:MX_USART1_UART_Init	8	static
main.c:576:13:MX_DMA_Init	16	static
main.c:598:13:MX_FMC_Init	40	static
main.c:647:13:MX_GPIO_Init	72	static
main.c:1009:6:BSP_AUDIO_IN_TransferComplete_CallBack	4	static
main.c:1014:6:BSP_AUDIO_IN_HalfTransfer_CallBack	4	static
main.c:1027:6:StartDefaultTask	16	static
main.c:1043:6:SDTask	3240	static
main.c:1103:6:AudioTask	24	static
main.c:1152:6:HAL_TIM_PeriodElapsedCallback	16	static
main.c:1168:6:Error_Handler	4	static,ignoring_inline_asm
