stm32f7xx_it.c:79:6:NMI_Handler	4	static
stm32f7xx_it.c:94:6:HardFault_Handler	4	static
stm32f7xx_it.c:109:6:MemManage_Handler	4	static
stm32f7xx_it.c:124:6:BusFault_Handler	4	static
stm32f7xx_it.c:139:6:UsageFault_Handler	4	static
stm32f7xx_it.c:154:6:DebugMon_Handler	4	static
stm32f7xx_it.c:174:6:DMA1_Stream5_IRQHandler	8	static
stm32f7xx_it.c:188:6:SDMMC1_IRQHandler	8	static
stm32f7xx_it.c:202:6:TIM6_DAC_IRQHandler	8	static
stm32f7xx_it.c:219:6:DMA2_Stream3_IRQHandler	8	static
stm32f7xx_it.c:233:6:DMA2_Stream4_IRQHandler	8	static
stm32f7xx_it.c:247:6:DMA2_Stream6_IRQHandler	8	static
stm32f7xx_it.c:261:6:DMA2_Stream7_IRQHandler	8	static
stm32f7xx_it.c:275:6:LTDC_IRQHandler	8	static
