stm32f7xx_hal_msp.c:67:6:HAL_MspInit	16	static
stm32f7xx_hal_msp.c:91:6:HAL_ADC_MspInit	48	static
stm32f7xx_hal_msp.c:136:6:HAL_ADC_MspDeInit	16	static
stm32f7xx_hal_msp.c:172:6:HAL_DMA2D_MspInit	24	static
stm32f7xx_hal_msp.c:194:6:HAL_DMA2D_MspDeInit	16	static
stm32f7xx_hal_msp.c:216:6:HAL_LTDC_MspInit	64	static
stm32f7xx_hal_msp.c:317:6:HAL_LTDC_MspDeInit	16	static
stm32f7xx_hal_msp.c:386:6:HAL_SD_MspInit	48	static
stm32f7xx_hal_msp.c:481:6:HAL_SD_MspDeInit	16	static
stm32f7xx_hal_msp.c:523:6:HAL_UART_MspInit	48	static
stm32f7xx_hal_msp.c:567:6:HAL_UART_MspDeInit	16	static
stm32f7xx_hal_msp.c:594:13:HAL_FMC_MspInit	32	static
stm32f7xx_hal_msp.c:700:6:HAL_SDRAM_MspInit	16	static
stm32f7xx_hal_msp.c:712:13:HAL_FMC_MspDeInit	8	static
stm32f7xx_hal_msp.c:786:6:HAL_SDRAM_MspDeInit	16	static
stm32f7xx_hal_msp.c:802:6:HAL_SAI_MspInit	48	static
stm32f7xx_hal_msp.c:896:6:HAL_SAI_MspDeInit	16	static
