stm32f7xx_hal_msp.c:69:6:HAL_MspInit	16	static
stm32f7xx_hal_msp.c:93:6:HAL_ADC_MspInit	48	static
stm32f7xx_hal_msp.c:138:6:HAL_ADC_MspDeInit	16	static
stm32f7xx_hal_msp.c:174:6:HAL_DAC_MspInit	48	static
stm32f7xx_hal_msp.c:229:6:HAL_DAC_MspDeInit	16	static
stm32f7xx_hal_msp.c:262:6:HAL_DMA2D_MspInit	24	static
stm32f7xx_hal_msp.c:284:6:HAL_DMA2D_MspDeInit	16	static
stm32f7xx_hal_msp.c:306:6:HAL_LTDC_MspInit	64	static
stm32f7xx_hal_msp.c:407:6:HAL_LTDC_MspDeInit	16	static
stm32f7xx_hal_msp.c:476:6:HAL_SD_MspInit	48	static
stm32f7xx_hal_msp.c:571:6:HAL_SD_MspDeInit	16	static
stm32f7xx_hal_msp.c:613:6:HAL_TIM_Base_MspInit	24	static
stm32f7xx_hal_msp.c:635:6:HAL_TIM_Base_MspDeInit	16	static
stm32f7xx_hal_msp.c:657:6:HAL_UART_MspInit	48	static
stm32f7xx_hal_msp.c:701:6:HAL_UART_MspDeInit	16	static
stm32f7xx_hal_msp.c:728:13:HAL_FMC_MspInit	32	static
stm32f7xx_hal_msp.c:834:6:HAL_SDRAM_MspInit	16	static
stm32f7xx_hal_msp.c:846:13:HAL_FMC_MspDeInit	8	static
stm32f7xx_hal_msp.c:920:6:HAL_SDRAM_MspDeInit	16	static
stm32f7xx_hal_msp.c:936:6:HAL_SAI_MspInit	48	static
stm32f7xx_hal_msp.c:1030:6:HAL_SAI_MspDeInit	16	static
